Component: ARM Compiler 5.06 update 7 (build 960) Tool: armlink [4d3601]

==============================================================================

Section Cross References

    at32f402_405_int.o(i.OTGHS_IRQHandler) refers to usb_app.o(i.wk_otghs_irq_handler) for wk_otghs_irq_handler
    at32f402_405_int.o(i.SysTick_Handler) refers to wk_system.o(i.wk_timebase_handler) for wk_timebase_handler
    at32f402_405_wk_config.o(i.wk_nvic_config) refers to at32f402_405_misc.o(i.nvic_priority_group_config) for nvic_priority_group_config
    at32f402_405_wk_config.o(i.wk_nvic_config) refers to at32f402_405_wk_config.o(i.__NVIC_GetPriorityGrouping) for __NVIC_GetPriorityGrouping
    at32f402_405_wk_config.o(i.wk_nvic_config) refers to at32f402_405_wk_config.o(i.NVIC_EncodePriority) for NVIC_EncodePriority
    at32f402_405_wk_config.o(i.wk_nvic_config) refers to at32f402_405_wk_config.o(i.__NVIC_SetPriority) for __NVIC_SetPriority
    at32f402_405_wk_config.o(i.wk_nvic_config) refers to at32f402_405_misc.o(i.nvic_irq_enable) for nvic_irq_enable
    at32f402_405_wk_config.o(i.wk_periph_clock_config) refers to at32f402_405_crm.o(i.crm_periph_clock_enable) for crm_periph_clock_enable
    at32f402_405_wk_config.o(i.wk_system_clock_config) refers to at32f402_405_crm.o(i.crm_reset) for crm_reset
    at32f402_405_wk_config.o(i.wk_system_clock_config) refers to at32f402_405_crm.o(i.crm_periph_clock_enable) for crm_periph_clock_enable
    at32f402_405_wk_config.o(i.wk_system_clock_config) refers to at32f402_405_crm.o(i.crm_clock_source_enable) for crm_clock_source_enable
    at32f402_405_wk_config.o(i.wk_system_clock_config) refers to at32f402_405_crm.o(i.crm_flag_get) for crm_flag_get
    at32f402_405_wk_config.o(i.wk_system_clock_config) refers to at32f402_405_crm.o(i.crm_hext_stable_wait) for crm_hext_stable_wait
    at32f402_405_wk_config.o(i.wk_system_clock_config) refers to at32f402_405_crm.o(i.crm_pll_config) for crm_pll_config
    at32f402_405_wk_config.o(i.wk_system_clock_config) refers to at32f402_405_crm.o(i.crm_pllu_div_set) for crm_pllu_div_set
    at32f402_405_wk_config.o(i.wk_system_clock_config) refers to at32f402_405_crm.o(i.crm_ahb_div_set) for crm_ahb_div_set
    at32f402_405_wk_config.o(i.wk_system_clock_config) refers to at32f402_405_crm.o(i.crm_apb2_div_set) for crm_apb2_div_set
    at32f402_405_wk_config.o(i.wk_system_clock_config) refers to at32f402_405_crm.o(i.crm_apb1_div_set) for crm_apb1_div_set
    at32f402_405_wk_config.o(i.wk_system_clock_config) refers to at32f402_405_crm.o(i.crm_auto_step_mode_enable) for crm_auto_step_mode_enable
    at32f402_405_wk_config.o(i.wk_system_clock_config) refers to at32f402_405_crm.o(i.crm_sysclk_switch) for crm_sysclk_switch
    at32f402_405_wk_config.o(i.wk_system_clock_config) refers to at32f402_405_crm.o(i.crm_sysclk_switch_status_get) for crm_sysclk_switch_status_get
    at32f402_405_wk_config.o(i.wk_system_clock_config) refers to system_at32f402_405.o(i.system_core_clock_update) for system_core_clock_update
    main.o(i.Command_Process) refers to agreement.o(i.Vcp_Send_Message) for Vcp_Send_Message
    main.o(i.Command_Process) refers to strncmp.o(.text) for strncmp
    main.o(i.Command_Process) refers to at32_qspiflash.o(i.flash_qspi_erase_block) for flash_qspi_erase_block
    main.o(i.Command_Process) refers to at32f402_405_crc.o(i.crc_data_reset) for crc_data_reset
    main.o(i.Command_Process) refers to agreement.o(i.Response_trans_notice) for Response_trans_notice
    main.o(i.Command_Process) refers to at32_qspiflash.o(i.flash_qspi_writebuffer) for flash_qspi_writebuffer
    main.o(i.Command_Process) refers to at32f402_405_crc.o(i.crc_block_calculate) for crc_block_calculate
    main.o(i.Command_Process) refers to agreement.o(i.Response_gif_trans_packet) for Response_gif_trans_packet
    main.o(i.Command_Process) refers to agreement.o(i.Response_gif_trans_done) for Response_gif_trans_done
    main.o(i.Command_Process) refers to agreement.o(.data) for commade_case
    main.o(i.Command_Process) refers to agreement.o(.bss) for Vcp_Rx_Data
    main.o(i.Command_Process) refers to ff_app.o(.data) for gif1
    main.o(i.main) refers to at32f402_405_wk_config.o(i.wk_system_clock_config) for wk_system_clock_config
    main.o(i.main) refers to at32f402_405_wk_config.o(i.wk_periph_clock_config) for wk_periph_clock_config
    main.o(i.main) refers to at32f402_405_wk_config.o(i.wk_nvic_config) for wk_nvic_config
    main.o(i.main) refers to wk_system.o(i.wk_timebase_init) for wk_timebase_init
    main.o(i.main) refers to wk_usb.o(i.wk_usb_otghs1_init) for wk_usb_otghs1_init
    main.o(i.main) refers to wk_spi.o(i.wk_spi1_init) for wk_spi1_init
    main.o(i.main) refers to wk_qspi.o(i.wk_qspi1_init) for wk_qspi1_init
    main.o(i.main) refers to wk_crc.o(i.wk_crc_init) for wk_crc_init
    main.o(i.main) refers to wk_gpio.o(i.wk_gpio_config) for wk_gpio_config
    main.o(i.main) refers to usb_app.o(i.wk_usb_app_init) for wk_usb_app_init
[...]
    i.usbd_get_recv_len                      0x08003b3e   Section        0  usbd_core.o(i.usbd_get_recv_len)
    i.usbd_get_status                        0x08003b5a   Section        0  usbd_sdr.o(i.usbd_get_status)
    usbd_get_status                          0x08003b5b   Thumb Code    68  usbd_sdr.o(i.usbd_get_status)
    i.usbd_incomisioin_handler               0x08003b9e   Section        0  usbd_int.o(i.usbd_incomisioin_handler)
    i.usbd_incomisoout_handler               0x08003bb4   Section        0  usbd_int.o(i.usbd_incomisoout_handler)
    i.usbd_inept_handler                     0x08003bca   Section        0  usbd_int.o(i.usbd_inept_handler)
    i.usbd_init                              0x08003c76   Section        0  usb_core.o(i.usbd_init)
    i.usbd_int_to_unicode                    0x08003cf4   Section        0  cdc_desc.o(i.usbd_int_to_unicode)
    usbd_int_to_unicode                      0x08003cf5   Thumb Code    62  cdc_desc.o(i.usbd_int_to_unicode)
    i.usbd_interface_request                 0x08003d32   Section        0  usbd_sdr.o(i.usbd_interface_request)
    i.usbd_irq_handler                       0x08003d7c   Section        0  usbd_int.o(i.usbd_irq_handler)
    i.usbd_outept_handler                    0x08003e66   Section        0  usbd_int.o(i.usbd_outept_handler)
    i.usbd_reset_handler                     0x08003f66   Section        0  usbd_int.o(i.usbd_reset_handler)
    i.usbd_rxflvl_handler                    0x08004088   Section        0  usbd_int.o(i.usbd_rxflvl_handler)
    i.usbd_set_address                       0x0800410a   Section        0  usbd_sdr.o(i.usbd_set_address)
    usbd_set_address                         0x0800410b   Thumb Code    92  usbd_sdr.o(i.usbd_set_address)
    i.usbd_set_configuration                 0x08004168   Section        0  usbd_sdr.o(i.usbd_set_configuration)
    usbd_set_configuration                   0x08004169   Thumb Code   194  usbd_sdr.o(i.usbd_set_configuration)
    i.usbd_set_device_addr                   0x08004230   Section        0  usbd_core.o(i.usbd_set_device_addr)
    i.usbd_set_feature                       0x08004240   Section        0  usbd_sdr.o(i.usbd_set_feature)
    usbd_set_feature                         0x08004241   Thumb Code   146  usbd_sdr.o(i.usbd_set_feature)
    i.usbd_set_stall                         0x080042d2   Section        0  usbd_core.o(i.usbd_set_stall)
    i.usbd_setup_request_parse               0x0800431c   Section        0  usbd_sdr.o(i.usbd_setup_request_parse)
    i.usbd_sof_handler                       0x08004344   Section        0  usbd_int.o(i.usbd_sof_handler)
    i.usbd_suspend_handler                   0x08004358   Section        0  usbd_int.o(i.usbd_suspend_handler)
    i.usbd_unicode_convert                   0x08004390   Section        0  cdc_desc.o(i.usbd_unicode_convert)
    usbd_unicode_convert                     0x08004391   Thumb Code    60  cdc_desc.o(i.usbd_unicode_convert)
    i.usbd_wakeup_handler                    0x080043cc   Section        0  usbd_int.o(i.usbd_wakeup_handler)
    i.wk_crc_init                            0x08004404   Section        0  wk_crc.o(i.wk_crc_init)
    i.wk_delay_ms                            0x08004430   Section        0  wk_system.o(i.wk_delay_ms)
    i.wk_gpio_config                         0x08004450   Section        0  wk_gpio.o(i.wk_gpio_config)
    i.wk_nvic_config                         0x08004510   Section        0  at32f402_405_wk_config.o(i.wk_nvic_config)
    i.wk_otghs_irq_handler                   0x080045dc   Section        0  usb_app.o(i.wk_otghs_irq_handler)
    i.wk_periph_clock_config                 0x080045ec   Section        0  at32f402_405_wk_config.o(i.wk_periph_clock_config)
    i.wk_qspi1_init                          0x0800463c   Section        0  wk_qspi.o(i.wk_qspi1_init)
    i.wk_spi1_init                           0x080047ac   Section        0  wk_spi.o(i.wk_spi1_init)
    i.wk_system_clock_config                 0x08004894   Section        0  at32f402_405_wk_config.o(i.wk_system_clock_config)
    i.wk_timebase_get                        0x0800495c   Section        0  wk_system.o(i.wk_timebase_get)
    i.wk_timebase_handler                    0x08004968   Section        0  wk_system.o(i.wk_timebase_handler)
    i.wk_timebase_increase                   0x08004970   Section        0  wk_system.o(i.wk_timebase_increase)
    i.wk_timebase_init                       0x08004980   Section        0  wk_system.o(i.wk_timebase_init)
    i.wk_usb_app_init                        0x080049b4   Section        0  usb_app.o(i.wk_usb_app_init)
    i.wk_usb_app_task                        0x080049d4   Section        0  usb_app.o(i.wk_usb_app_task)
    i.wk_usb_otghs1_init                     0x080049fc   Section        0  wk_usb.o(i.wk_usb_otghs1_init)
    i.xip_init_flash_config                  0x080049fe   Section        0  at32_qspiflash.o(i.xip_init_flash_config)
    x$fpl$fpinit                             0x08004a38   Section       10  fpinit.o(x$fpl$fpinit)
    $v0                                      0x08004a38   Number         0  fpinit.o(x$fpl$fpinit)
    .constdata                               0x08004a42   Section       48  at32f402_405_crm.o(.constdata)
    sclk_ahb_div_table                       0x08004a42   Data          16  at32f402_405_crm.o(.constdata)
    ahb_apb1_div_table                       0x08004a52   Data           8  at32f402_405_crm.o(.constdata)
    ahb_apb2_div_table                       0x08004a5a   Data           8  at32f402_405_crm.o(.constdata)
    pll_fp_table                             0x08004a62   Data          16  at32f402_405_crm.o(.constdata)
    .constdata                               0x08004a72   Section       32  system_at32f402_405.o(.constdata)
    sys_ahb_div_table                        0x08004a72   Data          16  system_at32f402_405.o(.constdata)
    pll_fp_table                             0x08004a82   Data          16  system_at32f402_405.o(.constdata)
    .conststring                             0x08004a94   Section       31  ff_app.o(.conststring)
    .data                                    0x20000000   Section        4  wk_system.o(.data)
    .data                                    0x20000004   Section        4  system_at32f402_405.o(.data)
    .data                                    0x20000008   Section        1  usbd_sdr.o(.data)
    config_value                             0x20000008   Data           1  usbd_sdr.o(.data)
    .data                                    0x2000000c   Section       60  ff_app.o(.data)
    .data                                    0x20000048   Section       79  agreement.o(.data)
    .data                                    0x20000098   Section       48  cdc_class.o(.data)
    .data                                    0x200000c8   Section      376  cdc_desc.o(.data)
    g_usbd_descriptor                        0x200000f4   Data          18  cdc_desc.o(.data)
    g_usbd_configuration                     0x20000108   Data          67  cdc_desc.o(.data)
    g_usbd_hs_configuration                  0x2000014c   Data          67  cdc_desc.o(.data)
    g_usbd_other_speed                       0x20000190   Data          67  cdc_desc.o(.data)
    g_usbd_qualifier                         0x200001d4   Data          10  cdc_desc.o(.data)
    g_string_lang_id                         0x200001e0   Data           4  cdc_desc.o(.data)
    g_string_serial                          0x200001e4   Data          26  cdc_desc.o(.data)
    device_descriptor                        0x20000200   Data           8  cdc_desc.o(.data)
    config_descriptor                        0x20000208   Data           8  cdc_desc.o(.data)
    config_descriptor_hs                     0x20000210   Data           8  cdc_desc.o(.data)
    config_other_speed                       0x20000218   Data           8  cdc_desc.o(.data)
    langid_descriptor                        0x20000220   Data           8  cdc_desc.o(.data)
    serial_descriptor                        0x20000228   Data           8  cdc_desc.o(.data)
    device_qualifier                         0x20000230   Data           8  cdc_desc.o(.data)
    vp_desc                                  0x20000238   Data           8  cdc_desc.o(.data)
    .bss                                     0x20000240   Section     1332  usb_app.o(.bss)
    .bss                                     0x20000774   Section       16  lcd_spi.o(.bss)
    .bss                                     0x20000784   Section       38  at32_qspiflash.o(.bss)
    .bss                                     0x200007aa   Section     1088  agreement.o(.bss)
    .bss                                     0x20000bec   Section     2144  cdc_class.o(.bss)
    g_cdc_rx_buffer                          0x20000c0c   Data        2048  cdc_class.o(.bss)
    g_cdc_cmd_buffer                         0x2000140c   Data          64  cdc_class.o(.bss)
    .bss                                     0x2000144c   Section      256  cdc_desc.o(.bss)
    g_usbd_desc_buffer                       0x2000144c   Data         256  cdc_desc.o(.bss)
    .bss                                     0x2000154c   Section       96  libspace.o(.bss)
    HEAP                                     0x200015b0   Section      512  startup_at32f402_405.o(HEAP)
    Heap_Mem                                 0x200015b0   Data         512  startup_at32f402_405.o(HEAP)
    STACK                                    0x200017b0   Section    16384  startup_at32f402_405.o(STACK)
    Stack_Mem                                0x200017b0   Data       16384  startup_at32f402_405.o(STACK)
    __initial_sp                             0x200057b0   Data           0  startup_at32f402_405.o(STACK)

    Global Symbols

    Symbol Name                              Value     Ov Type        Size  Object(Section)

    BuildAttributes$$THM_ISAv4$E$P$D$K$B$S$7EM$VFPi3$EXTD16$VFPS$VFMA$PE$A:L22UL41UL21$X:L11$S22US41US21$IEEE1$IW$USESV6$~STKCKD$USESV7$~SHL$OSPACE$ROPI$EBA8$UX$STANDARDLIB$REQ8$PRES8$EABIv2 0x00000000   Number         0  anon$$obj.o ABSOLUTE
    __ARM_use_no_argv                        0x00000000   Number         0  main.o ABSOLUTE
    __ARM_exceptions_init                     - Undefined Weak Reference
    __alloca_initialize                       - Undefined Weak Reference
    __arm_fini_                               - Undefined Weak Reference
    __arm_preinit_                            - Undefined Weak Reference
    __cpp_initialize__aeabi_                  - Undefined Weak Reference
    __cxa_finalize                            - Undefined Weak Reference
    __rt_locale                               - Undefined Weak Reference
    __sigvec_lookup                           - Undefined Weak Reference
    _atexit_init                              - Undefined Weak Reference
    _call_atexit_fns                          - Undefined Weak Reference
    _clock_init                               - Undefined Weak Reference
    _fp_trap_init                             - Undefined Weak Reference
    _fp_trap_shutdown                         - Undefined Weak Reference
    _get_lc_collate                           - Undefined Weak Reference
    _get_lc_ctype                             - Undefined Weak Reference
    _get_lc_monetary                          - Undefined Weak Reference
    _get_lc_numeric                           - Undefined Weak Reference
    _get_lc_time                              - Undefined Weak Reference
    _getenv_init                              - Undefined Weak Reference
    _handle_redirection                       - Undefined Weak Reference
    _init_alloc                               - Undefined Weak Reference
    _init_user_alloc                          - Undefined Weak Reference
    _initio                                   - Undefined Weak Reference
    _rand_init                                - Undefined Weak Reference
    _signal_finish                            - Undefined Weak Reference
    _signal_init                              - Undefined Weak Reference
    _terminate_alloc                          - Undefined Weak Reference
    _terminate_user_alloc                     - Undefined Weak Reference
    _terminateio                              - Undefined Weak Reference
    __Vectors_Size                           0x000001e0   Number         0  startup_at32f402_405.o ABSOLUTE
    __Vectors                                0x08000000   Data           4  startup_at32f402_405.o(RESET)
    __Vectors_End                            0x080001e0   Data           0  startup_at32f402_405.o(RESET)
    __main                                   0x080001e1   Thumb Code     8  __main.o(!!!main)
    __scatterload                            0x080001e9   Thumb Code     0  __scatter.o(!!!scatter)
    __scatterload_rt2                        0x080001e9   Thumb Code    44  __scatter.o(!!!scatter)
    __scatterload_rt2_thumb_only             0x080001e9   Thumb Code     0  __scatter.o(!!!scatter)
    __scatterload_null                       0x080001f7   Thumb Code     0  __scatter.o(!!!scatter)
    __decompress                             0x0800021d   Thumb Code    90  __dczerorl2.o(!!dczerorl2)
    __decompress1                            0x0800021d   Thumb Code     0  __dczerorl2.o(!!dczerorl2)
    __scatterload_zeroinit                   0x08000279   Thumb Code    28  __scatter_zi.o(!!handler_zi)
    __rt_lib_init                            0x08000295   Thumb Code     0  libinit.o(.ARM.Collect$$libinit$$00000000)
    __rt_lib_init_fp_1                       0x08000297   Thumb Code     0  libinit2.o(.ARM.Collect$$libinit$$00000001)
    __rt_lib_init_alloca_1                   0x0800029b   Thumb Code     0  libinit2.o(.ARM.Collect$$libinit$$0000002E)
    __rt_lib_init_argv_1                     0x0800029b   Thumb Code     0  libinit2.o(.ARM.Collect$$libinit$$0000002C)
    __rt_lib_init_atexit_1                   0x0800029b   Thumb Code     0  libinit2.o(.ARM.Collect$$libinit$$0000001B)
    __rt_lib_init_clock_1                    0x0800029b   Thumb Code     0  libinit2.o(.ARM.Collect$$libinit$$00000021)
    __rt_lib_init_cpp_1                      0x0800029b   Thumb Code     0  libinit2.o(.ARM.Collect$$libinit$$00000032)
    __rt_lib_init_exceptions_1               0x0800029b   Thumb Code     0  libinit2.o(.ARM.Collect$$libinit$$00000030)
    __rt_lib_init_fp_trap_1                  0x0800029b   Thumb Code     0  libinit2.o(.ARM.Collect$$libinit$$0000001F)
    __rt_lib_init_getenv_1                   0x0800029b   Thumb Code     0  libinit2.o(.ARM.Collect$$libinit$$00000023)
    __rt_lib_init_heap_1                     0x0800029b   Thumb Code     0  libinit2.o(.ARM.Collect$$libinit$$0000000A)
    __rt_lib_init_lc_collate_1               0x0800029b   Thumb Code     0  libinit2.o(.ARM.Collect$$libinit$$00000011)
    __rt_lib_init_lc_ctype_1                 0x0800029b   Thumb Code     0  libinit2.o(.ARM.Collect$$libinit$$00000013)
    __rt_lib_init_lc_monetary_1              0x0800029b   Thumb Code     0  libinit2.o(.ARM.Collect$$libinit$$00000015)
    __rt_lib_init_lc_numeric_1               0x0800029b   Thumb Code     0  libinit2.o(.ARM.Collect$$libinit$$00000017)
    __rt_lib_init_lc_time_1                  0x0800029b   Thumb Code     0  libinit2.o(.ARM.Collect$$libinit$$00000019)
    __rt_lib_init_preinit_1                  0x0800029b   Thumb Code     0  libinit2.o(.ARM.Collect$$libinit$$00000004)
    __rt_lib_init_rand_1                     0x0800029b   Thumb Code     0  libinit2.o(.ARM.Collect$$libinit$$0000000E)
    __rt_lib_init_return                     0x0800029b   Thumb Code     0  libinit2.o(.ARM.Collect$$libinit$$00000033)
    __rt_lib_init_signal_1                   0x0800029b   Thumb Code     0  libinit2.o(.ARM.Collect$$libinit$$0000001D)
    __rt_lib_init_stdio_1                    0x0800029b   Thumb Code     0  libinit2.o(.ARM.Collect$$libinit$$00000025)
    __rt_lib_init_user_alloc_1               0x0800029b   Thumb Code     0  libinit2.o(.ARM.Collect$$libinit$$0000000C)
    __rt_lib_shutdown                        0x0800029d   Thumb Code     0  libshutdown.o(.ARM.Collect$$libshutdown$$00000000)
    __rt_lib_shutdown_cpp_1                  0x0800029f   Thumb Code     0  libshutdown2.o(.ARM.Collect$$libshutdown$$00000004)
    __rt_lib_shutdown_fini_1                 0x0800029f   Thumb Code     0  libshutdown2.o(.ARM.Collect$$libshutdown$$00000002)
    __rt_lib_shutdown_fp_trap_1              0x0800029f   Thumb Code     0  libshutdown2.o(.ARM.Collect$$libshutdown$$00000009)
    __rt_lib_shutdown_heap_1                 0x0800029f   Thumb Code     0  libshutdown2.o(.ARM.Collect$$libshutdown$$00000011)
    __rt_lib_shutdown_return                 0x0800029f   Thumb Code     0  libshutdown2.o(.ARM.Collect$$libshutdown$$00000012)
    __rt_lib_shutdown_signal_1               0x0800029f   Thumb Code     0  libshutdown2.o(.ARM.Collect$$libshutdown$$0000000C)
    __rt_lib_shutdown_stdio_1                0x0800029f   Thumb Code     0  libshutdown2.o(.ARM.Collect$$libshutdown$$00000006)
    __rt_lib_shutdown_user_alloc_1           0x0800029f   Thumb Code     0  libshutdown2.o(.ARM.Collect$$libshutdown$$0000000E)
    __rt_entry                               0x080002a1   Thumb Code     0  __rtentry.o(.ARM.Collect$$rtentry$$00000000)
    __rt_entry_presh_1                       0x080002a1   Thumb Code     0  __rtentry2.o(.ARM.Collect$$rtentry$$00000002)
    __rt_entry_sh                            0x080002a1   Thumb Code     0  __rtentry4.o(.ARM.Collect$$rtentry$$00000004)
    __rt_entry_li                            0x080002a7   Thumb Code     0  __rtentry2.o(.ARM.Collect$$rtentry$$0000000A)
    __rt_entry_postsh_1                      0x080002a7   Thumb Code     0  __rtentry2.o(.ARM.Collect$$rtentry$$00000009)
    __rt_entry_main                          0x080002ab   Thumb Code     0  __rtentry2.o(.ARM.Collect$$rtentry$$0000000D)
    __rt_entry_postli_1                      0x080002ab   Thumb Code     0  __rtentry2.o(.ARM.Collect$$rtentry$$0000000C)
    __rt_exit                                0x080002b3   Thumb Code     0  rtexit.o(.ARM.Collect$$rtexit$$00000000)
    __rt_exit_ls                             0x080002b5   Thumb Code     0  rtexit2.o(.ARM.Collect$$rtexit$$00000003)
    __rt_exit_prels_1                        0x080002b5   Thumb Code     0  rtexit2.o(.ARM.Collect$$rtexit$$00000002)
    __rt_exit_exit                           0x080002b9   Thumb Code     0  rtexit2.o(.ARM.Collect$$rtexit$$00000004)
    Reset_Handler                            0x080002c1   Thumb Code     8  startup_at32f402_405.o(.text)
    ACC_IRQHandler                           0x080002db   Thumb Code     0  startup_at32f402_405.o(.text)
    ADC1_IRQHandler                          0x080002db   Thumb Code     0  startup_at32f402_405.o(.text)
    CAN1_RX0_IRQHandler                      0x080002db   Thumb Code     0  startup_at32f402_405.o(.text)
    CAN1_RX1_IRQHandler                      0x080002db   Thumb Code     0  startup_at32f402_405.o(.text)
    CAN1_SE_IRQHandler                       0x080002db   Thumb Code     0  startup_at32f402_405.o(.text)
    CAN1_TX_IRQHandler                       0x080002db   Thumb Code     0  startup_at32f402_405.o(.text)
    CRM_IRQHandler                           0x080002db   Thumb Code     0  startup_at32f402_405.o(.text)
    DMA1_Channel1_IRQHandler                 0x080002db   Thumb Code     0  startup_at32f402_405.o(.text)
    DMA1_Channel2_IRQHandler                 0x080002db   Thumb Code     0  startup_at32f402_405.o(.text)
    DMA1_Channel3_IRQHandler                 0x080002db   Thumb Code     0  startup_at32f402_405.o(.text)
    DMA1_Channel4_IRQHandler                 0x080002db   Thumb Code     0  startup_at32f402_405.o(.text)
    DMA1_Channel5_IRQHandler                 0x080002db   Thumb Code     0  startup_at32f402_405.o(.text)
    DMA1_Channel6_IRQHandler                 0x080002db   Thumb Code     0  startup_at32f402_405.o(.text)
    DMA1_Channel7_IRQHandler                 0x080002db   Thumb Code     0  startup_at32f402_405.o(.text)
    DMA2_Channel1_IRQHandler                 0x080002db   Thumb Code     0  startup_at32f402_405.o(.text)
    DMA2_Channel2_IRQHandler                 0x080002db   Thumb Code     0  startup_at32f402_405.o(.text)
    DMA2_Channel3_IRQHandler                 0x080002db   Thumb Code     0  startup_at32f402_405.o(.text)
    DMA2_Channel4_IRQHandler                 0x080002db   Thumb Code     0  startup_at32f402_405.o(.text)
    DMA2_Channel5_IRQHandler                 0x080002db   Thumb Code     0  startup_at32f402_405.o(.text)
    DMA2_Channel6_IRQHandler                 0x080002db   Thumb Code     0  startup_at32f402_405.o(.text)
    DMA2_Channel7_IRQHandler                 0x080002db   Thumb Code     0  startup_at32f402_405.o(.text)
    DMAMUX_IRQHandler                        0x080002db   Thumb Code     0  startup_at32f402_405.o(.text)
    ERTCAlarm_IRQHandler                     0x080002db   Thumb Code     0  startup_at32f402_405.o(.text)
    ERTC_WKUP_IRQHandler                     0x080002db   Thumb Code     0  startup_at32f402_405.o(.text)
    EXINT0_IRQHandler                        0x080002db   Thumb Code     0  startup_at32f402_405.o(.text)
    EXINT15_10_IRQHandler                    0x080002db   Thumb Code     0  startup_at32f402_405.o(.text)
    EXINT1_IRQHandler                        0x080002db   Thumb Code     0  startup_at32f402_405.o(.text)
    EXINT2_IRQHandler                        0x080002db   Thumb Code     0  startup_at32f402_405.o(.text)
    EXINT3_IRQHandler                        0x080002db   Thumb Code     0  startup_at32f402_405.o(.text)
    EXINT4_IRQHandler                        0x080002db   Thumb Code     0  startup_at32f402_405.o(.text)
    EXINT9_5_IRQHandler                      0x080002db   Thumb Code     0  startup_at32f402_405.o(.text)
    FLASH_IRQHandler                         0x080002db   Thumb Code     0  startup_at32f402_405.o(.text)
    FPU_IRQHandler                           0x080002db   Thumb Code     0  startup_at32f402_405.o(.text)
    I2C1_ERR_IRQHandler                      0x080002db   Thumb Code     0  startup_at32f402_405.o(.text)
    I2C1_EVT_IRQHandler                      0x080002db   Thumb Code     0  startup_at32f402_405.o(.text)
    I2C2_ERR_IRQHandler                      0x080002db   Thumb Code     0  startup_at32f402_405.o(.text)
    I2C2_EVT_IRQHandler                      0x080002db   Thumb Code     0  startup_at32f402_405.o(.text)
    I2C3_ERR_IRQHandler                      0x080002db   Thumb Code     0  startup_at32f402_405.o(.text)
    I2C3_EVT_IRQHandler                      0x080002db   Thumb Code     0  startup_at32f402_405.o(.text)
    I2SF5_IRQHandler                         0x080002db   Thumb Code     0  startup_at32f402_405.o(.text)
    OTGFS1_IRQHandler                        0x080002db   Thumb Code     0  startup_at32f402_405.o(.text)
    OTGFS1_WKUP_IRQHandler                   0x080002db   Thumb Code     0  startup_at32f402_405.o(.text)
    OTGHS_EP1_IN_IRQHandler                  0x080002db   Thumb Code     0  startup_at32f402_405.o(.text)
    OTGHS_EP1_OUT_IRQHandler                 0x080002db   Thumb Code     0  startup_at32f402_405.o(.text)
    OTGHS_WKUP_IRQHandler                    0x080002db   Thumb Code     0  startup_at32f402_405.o(.text)
    PVM_IRQHandler                           0x080002db   Thumb Code     0  startup_at32f402_405.o(.text)
    QSPI1_IRQHandler                         0x080002db   Thumb Code     0  startup_at32f402_405.o(.text)
    SPI1_IRQHandler                          0x080002db   Thumb Code     0  startup_at32f402_405.o(.text)
    SPI2_IRQHandler                          0x080002db   Thumb Code     0  startup_at32f402_405.o(.text)
    SPI3_IRQHandler                          0x080002db   Thumb Code     0  startup_at32f402_405.o(.text)
    TAMP_STAMP_IRQHandler                    0x080002db   Thumb Code     0  startup_at32f402_405.o(.text)
    TMR13_GLOBAL_IRQHandler                  0x080002db   Thumb Code     0  startup_at32f402_405.o(.text)
    TMR14_GLOBAL_IRQHandler                  0x080002db   Thumb Code     0  startup_at32f402_405.o(.text)
    TMR1_BRK_TMR9_IRQHandler                 0x080002db   Thumb Code     0  startup_at32f402_405.o(.text)
    TMR1_CH_IRQHandler                       0x080002db   Thumb Code     0  startup_at32f402_405.o(.text)
    TMR1_OVF_TMR10_IRQHandler                0x080002db   Thumb Code     0  startup_at32f402_405.o(.text)
    TMR1_TRG_HALL_TMR11_IRQHandler           0x080002db   Thumb Code     0  startup_at32f402_405.o(.text)
    TMR2_GLOBAL_IRQHandler                   0x080002db   Thumb Code     0  startup_at32f402_405.o(.text)
    TMR3_GLOBAL_IRQHandler                   0x080002db   Thumb Code     0  startup_at32f402_405.o(.text)
    TMR4_GLOBAL_IRQHandler                   0x080002db   Thumb Code     0  startup_at32f402_405.o(.text)
    TMR6_GLOBAL_IRQHandler                   0x080002db   Thumb Code     0  startup_at32f402_405.o(.text)
    TMR7_GLOBAL_IRQHandler                   0x080002db   Thumb Code     0  startup_at32f402_405.o(.text)
    UART7_IRQHandler                         0x080002db   Thumb Code     0  startup_at32f402_405.o(.text)
    UART8_IRQHandler                         0x080002db   Thumb Code     0  startup_at32f402_405.o(.text)
    USART1_IRQHandler                        0x080002db   Thumb Code     0  startup_at32f402_405.o(.text)
    USART2_IRQHandler                        0x080002db   Thumb Code     0  startup_at32f402_405.o(.text)
    USART3_IRQHandler                        0x080002db   Thumb Code     0  startup_at32f402_405.o(.text)
    USART4_IRQHandler                        0x080002db   Thumb Code     0  startup_at32f402_405.o(.text)
    USART5_IRQHandler                        0x080002db   Thumb Code     0  startup_at32f402_405.o(.text)
    USART6_IRQHandler                        0x080002db   Thumb Code     0  startup_at32f402_405.o(.text)
    WWDT_IRQHandler                          0x080002db   Thumb Code     0  startup_at32f402_405.o(.text)
    __user_initial_stackheap                 0x080002dd   Thumb Code     0  startup_at32f402_405.o(.text)
    __aeabi_uldivmod                         0x08000301   Thumb Code     0  lludivv7m.o(.text)
    _ll_udiv                                 0x08000301   Thumb Code   238  lludivv7m.o(.text)
    strncmp                                  0x080003ef   Thumb Code   150  strncmp.o(.text)
    __aeabi_memclr4                          0x08000485   Thumb Code     0  rt_memclr_w.o(.text)
    __aeabi_memclr8                          0x08000485   Thumb Code     0  rt_memclr_w.o(.text)
    __rt_memclr_w                            0x08000485   Thumb Code    78  rt_memclr_w.o(.text)
    _memset_w                                0x08000489   Thumb Code     0  rt_memclr_w.o(.text)
    __use_two_region_memory                  0x080004d3   Thumb Code     2  heapauxi.o(.text)
    __rt_heap_escrow$2region                 0x080004d5   Thumb Code     2  heapauxi.o(.text)
    __rt_heap_expand$2region                 0x080004d7   Thumb Code     2  heapauxi.o(.text)
    __user_setup_stackheap                   0x080004d9   Thumb Code    74  sys_stackheap_outer.o(.text)
    exit                                     0x08000523   Thumb Code    18  exit.o(.text)
    __user_libspace                          0x08000535   Thumb Code     8  libspace.o(.text)
    __user_perproc_libspace                  0x08000535   Thumb Code     0  libspace.o(.text)
    __user_perthread_libspace                0x08000535   Thumb Code     0  libspace.o(.text)
    _sys_exit                                0x0800053d   Thumb Code     8  sys_exit.o(.text)
    __I$use$semihosting                      0x08000549   Thumb Code     0  use_no_semi.o(.text)
    __use_no_semihosting_swi                 0x08000549   Thumb Code     2  use_no_semi.o(.text)
    BusFault_Handler                         0x0800054b   Thumb Code     4  at32f402_405_int.o(i.BusFault_Handler)
    __semihosting_library_function           0x0800054b   Thumb Code     0  indicate_semi.o(.text)
    Command_Process                          0x08000551   Thumb Code   274  main.o(i.Command_Process)
    DebugMon_Handler                         0x08000689   Thumb Code     2  at32f402_405_int.o(i.DebugMon_Handler)
    Execute_Command                          0x0800068d   Thumb Code    76  agreement.o(i.Execute_Command)
    Get_Vcp_Data                             0x080006e1   Thumb Code   130  agreement.o(i.Get_Vcp_Data)
    HardFault_Handler                        0x0800078d   Thumb Code     4  at32f402_405_int.o(i.HardFault_Handler)
    LCD_Clear                                0x08000791   Thumb Code    68  lcd_spi.o(i.LCD_Clear)
    LCD_SetAddress                           0x080007dd   Thumb Code    86  lcd_spi.o(i.LCD_SetAddress)
    LCD_SetBackColor                         0x08000839   Thumb Code    36  lcd_spi.o(i.LCD_SetBackColor)
    LCD_SetColor                             0x08000861   Thumb Code    36  lcd_spi.o(i.LCD_SetColor)
    LCD_SetDirection                         0x08000889   Thumb Code   156  lcd_spi.o(i.LCD_SetDirection)
    LCD_WriteCommand                         0x08000929   Thumb Code    88  lcd_spi.o(i.LCD_WriteCommand)
    LCD_WriteData_16bit                      0x08000989   Thumb Code    22  lcd_spi.o(i.LCD_WriteData_16bit)
    LCD_WriteData_8bit                       0x080009a5   Thumb Code    14  lcd_spi.o(i.LCD_WriteData_8bit)
    MemManage_Handler                        0x080009b9   Thumb Code     4  at32f402_405_int.o(i.MemManage_Handler)
    NMI_Handler                              0x080009bd   Thumb Code     2  at32f402_405_int.o(i.NMI_Handler)
    OTGHS_IRQHandler                         0x080009ff   Thumb Code     8  at32f402_405_int.o(i.OTGHS_IRQHandler)
    PendSV_Handler                           0x08000a07   Thumb Code     2  at32f402_405_int.o(i.PendSV_Handler)
    QSPI_flash_mode                          0x08000a09   Thumb Code    26  at32_qspiflash.o(i.QSPI_flash_mode)
    Response_gif_trans_done                  0x08000a2d   Thumb Code    98  agreement.o(i.Response_gif_trans_done)
    Response_gif_trans_packet                0x08000a91   Thumb Code   146  agreement.o(i.Response_gif_trans_packet)
    Response_trans_notice                    0x08000b2d   Thumb Code    98  agreement.o(i.Response_trans_notice)
    SPI_LCD_Init                             0x08000b91   Thumb Code   872  lcd_spi.o(i.SPI_LCD_Init)
    SVC_Handler                              0x08000f05   Thumb Code     2  at32f402_405_int.o(i.SVC_Handler)
    SysTick_Handler                          0x08000f07   Thumb Code     8  at32f402_405_int.o(i.SysTick_Handler)
    SystemInit                               0x08000f11   Thumb Code   164  system_at32f402_405.o(i.SystemInit)
    UsageFault_Handler                       0x08000fc1   Thumb Code     4  at32f402_405_int.o(i.UsageFault_Handler)
    Vcp_Send_Message                         0x08000fc5   Thumb Code    38  agreement.o(i.Vcp_Send_Message)
    at_spi_switch_to_16bit                   0x0800102d   Thumb Code    36  lcd_spi.o(i.at_spi_switch_to_16bit)
    at_spi_switch_to_8bit                    0x08001055   Thumb Code    32  lcd_spi.o(i.at_spi_switch_to_8bit)
    at_spi_transmit                          0x08001079   Thumb Code    28  lcd_spi.o(i.at_spi_transmit)
    at_spi_transmit_16bit                    0x08001095   Thumb Code    28  lcd_spi.o(i.at_spi_transmit_16bit)
    crc_block_calculate                      0x080012f1   Thumb Code    32  at32f402_405_crc.o(i.crc_block_calculate)
    crc_data_reset                           0x08001315   Thumb Code    16  at32f402_405_crc.o(i.crc_data_reset)
    crc_init_data_set                        0x08001329   Thumb Code     6  at32f402_405_crc.o(i.crc_init_data_set)
    crc_poly_size_set                        0x08001335   Thumb Code    14  at32f402_405_crc.o(i.crc_poly_size_set)
    crc_poly_value_set                       0x08001349   Thumb Code     6  at32f402_405_crc.o(i.crc_poly_value_set)
    crc_reverse_input_data_set               0x08001355   Thumb Code    14  at32f402_405_crc.o(i.crc_reverse_input_data_set)
    crc_reverse_output_data_set              0x08001369   Thumb Code    14  at32f402_405_crc.o(i.crc_reverse_output_data_set)
    crm_ahb_div_set                          0x0800137d   Thumb Code    30  at32f402_405_crm.o(i.crm_ahb_div_set)
    crm_apb1_div_set                         0x080013a1   Thumb Code    14  at32f402_405_crm.o(i.crm_apb1_div_set)
    crm_apb2_div_set                         0x080013b5   Thumb Code    14  at32f402_405_crm.o(i.crm_apb2_div_set)
    crm_auto_step_mode_enable                0x080013c9   Thumb Code    34  at32f402_405_crm.o(i.crm_auto_step_mode_enable)
    crm_clock_source_enable                  0x080013f1   Thumb Code    98  at32f402_405_crm.o(i.crm_clock_source_enable)
    crm_clocks_freq_get                      0x08001459   Thumb Code   282  at32f402_405_crm.o(i.crm_clocks_freq_get)
    crm_flag_get                             0x08001595   Thumb Code    44  at32f402_405_crm.o(i.crm_flag_get)
    crm_hext_stable_wait                     0x080015c5   Thumb Code    46  at32f402_405_crm.o(i.crm_hext_stable_wait)
    crm_hick_divider_select                  0x080015f5   Thumb Code   172  at32f402_405_crm.o(i.crm_hick_divider_select)
    crm_hick_sclk_div_set                    0x080016a5   Thumb Code    14  at32f402_405_crm.o(i.crm_hick_sclk_div_set)
    crm_periph_clock_enable                  0x080016b9   Thumb Code    70  at32f402_405_crm.o(i.crm_periph_clock_enable)
    crm_pll_config                           0x08001705   Thumb Code    62  at32f402_405_crm.o(i.crm_pll_config)
    crm_pllu_div_set                         0x08001749   Thumb Code    14  at32f402_405_crm.o(i.crm_pllu_div_set)
    crm_reset                                0x0800175d   Thumb Code   142  at32f402_405_crm.o(i.crm_reset)
    crm_sysclk_switch                        0x080017f5   Thumb Code    30  at32f402_405_crm.o(i.crm_sysclk_switch)
    crm_sysclk_switch_status_get             0x08001819   Thumb Code    10  at32f402_405_crm.o(i.crm_sysclk_switch_status_get)
    dma_channel_enable                       0x08001829   Thumb Code    10  at32f402_405_dma.o(i.dma_channel_enable)
    dma_flag_clear                           0x08001835   Thumb Code    22  at32f402_405_dma.o(i.dma_flag_clear)
    dma_flag_get                             0x08001855   Thumb Code    34  at32f402_405_dma.o(i.dma_flag_get)
    dma_init                                 0x08001881   Thumb Code    98  at32f402_405_dma.o(i.dma_init)
    dma_reset                                0x080018e5   Thumb Code   102  at32f402_405_dma.o(i.dma_reset)
    dmamux_enable                            0x08001955   Thumb Code    14  at32f402_405_dma.o(i.dmamux_enable)
    dmamux_init                              0x08001963   Thumb Code    10  at32f402_405_dma.o(i.dmamux_init)
    flash_qspi_erase_block                   0x0800196d   Thumb Code   102  at32_qspiflash.o(i.flash_qspi_erase_block)
    flash_qspi_sendbyte                      0x080019dd   Thumb Code    82  at32_qspiflash.o(i.flash_qspi_sendbyte)
    flash_qspi_writebuffer                   0x08001abd   Thumb Code    70  at32_qspiflash.o(i.flash_qspi_writebuffer)
    flash_qspi_writedisable                  0x08001b03   Thumb Code    10  at32_qspiflash.o(i.flash_qspi_writedisable)
    flash_qspi_writeenable                   0x08001b0d   Thumb Code    10  at32_qspiflash.o(i.flash_qspi_writeenable)
    gpio_bits_reset                          0x08001c79   Thumb Code     4  at32f402_405_gpio.o(i.gpio_bits_reset)
    gpio_bits_set                            0x08001c7d   Thumb Code     4  at32f402_405_gpio.o(i.gpio_bits_set)
    gpio_default_para_init                   0x08001c81   Thumb Code    20  at32f402_405_gpio.o(i.gpio_default_para_init)
    gpio_init                                0x08001c95   Thumb Code   122  at32f402_405_gpio.o(i.gpio_init)
    gpio_pin_mux_config                      0x08001d0f   Thumb Code    66  at32f402_405_gpio.o(i.gpio_pin_mux_config)
    main                                     0x08001d51   Thumb Code    56  main.o(i.main)
    nvic_irq_enable                          0x08001d89   Thumb Code   190  at32f402_405_misc.o(i.nvic_irq_enable)
    nvic_priority_group_config               0x08001e51   Thumb Code    32  at32f402_405_misc.o(i.nvic_priority_group_config)
    qspi_auto_ispc_enable                    0x08001e79   Thumb Code    14  at32f402_405_qspi.o(i.qspi_auto_ispc_enable)
    qspi_busy_config                         0x08001e87   Thumb Code    10  at32f402_405_qspi.o(i.qspi_busy_config)
    qspi_byte_read                           0x08001e91   Thumb Code     8  at32f402_405_qspi.o(i.qspi_byte_read)
    qspi_clk_division_set                    0x08001e99   Thumb Code    10  at32f402_405_qspi.o(i.qspi_clk_division_set)
    qspi_cmd_operation_kick                  0x08001ea3   Thumb Code    76  at32f402_405_qspi.o(i.qspi_cmd_operation_kick)
    qspi_dma_enable                          0x08001eef   Thumb Code    10  at32f402_405_qspi.o(i.qspi_dma_enable)
    qspi_dma_rx_threshold_set                0x08001ef9   Thumb Code    10  at32f402_405_qspi.o(i.qspi_dma_rx_threshold_set)
    qspi_dma_tx_threshold_set                0x08001f03   Thumb Code    10  at32f402_405_qspi.o(i.qspi_dma_tx_threshold_set)
    qspi_flag_clear                          0x08001f0d   Thumb Code     4  at32f402_405_qspi.o(i.qspi_flag_clear)
    qspi_flag_get                            0x08001f11   Thumb Code    48  at32f402_405_qspi.o(i.qspi_flag_get)
    qspi_flash_write_xip_dma_set             0x08001f41   Thumb Code   146  at32_qspiflash.o(i.qspi_flash_write_xip_dma_set)
    qspi_sck_mode_set                        0x08001fe1   Thumb Code    10  at32f402_405_qspi.o(i.qspi_sck_mode_set)
    qspi_xip_enable                          0x08001feb   Thumb Code   124  at32f402_405_qspi.o(i.qspi_xip_enable)
    qspi_xip_init                            0x08002067   Thumb Code    90  at32f402_405_qspi.o(i.qspi_xip_init)
    spi_default_para_init                    0x080020c1   Thumb Code    22  at32f402_405_spi.o(i.spi_default_para_init)
    spi_enable                               0x080020d7   Thumb Code    10  at32f402_405_spi.o(i.spi_enable)
    spi_hardware_cs_output_enable            0x080020e1   Thumb Code    10  at32f402_405_spi.o(i.spi_hardware_cs_output_enable)
    spi_i2s_data_transmit                    0x080020eb   Thumb Code     4  at32f402_405_spi.o(i.spi_i2s_data_transmit)
    spi_init                                 0x080020ef   Thumb Code   344  at32f402_405_spi.o(i.spi_init)
    system_core_clock_update                 0x08002249   Thumb Code   258  system_at32f402_405.o(i.system_core_clock_update)
    systick_clock_source_config              0x08002369   Thumb Code    40  at32f402_405_misc.o(i.systick_clock_source_config)
    usb_connect                              0x08002391   Thumb Code    18  at32f402_405_usb.o(i.usb_connect)
    usb_core_config                          0x080023a3   Thumb Code    74  usb_core.o(i.usb_core_config)
    usb_delay_ms                             0x080023ed   Thumb Code    12  usb_app.o(i.usb_delay_ms)
    usb_disconnect                           0x080023f9   Thumb Code    20  at32f402_405_usb.o(i.usb_disconnect)
    usb_ept0_setup                           0x0800240d   Thumb Code    34  at32f402_405_usb.o(i.usb_ept0_setup)
    usb_ept0_start                           0x0800242f   Thumb Code    58  at32f402_405_usb.o(i.usb_ept0_start)
    usb_ept_clear_stall                      0x08002469   Thumb Code   146  at32f402_405_usb.o(i.usb_ept_clear_stall)
    usb_ept_close                            0x080024fb   Thumb Code   258  at32f402_405_usb.o(i.usb_ept_close)
    usb_ept_default_init                     0x080025fd   Thumb Code   250  usbd_core.o(i.usb_ept_default_init)
    usb_ept_in_clear                         0x080026f7   Thumb Code    12  at32f402_405_usb.o(i.usb_ept_in_clear)
    usb_ept_in_interrupt                     0x08002703   Thumb Code    44  at32f402_405_usb.o(i.usb_ept_in_interrupt)
    usb_ept_open                             0x0800272f   Thumb Code   438  at32f402_405_usb.o(i.usb_ept_open)
    usb_ept_out_clear                        0x080028e5   Thumb Code    12  at32f402_405_usb.o(i.usb_ept_out_clear)
    usb_ept_out_interrupt                    0x080028f1   Thumb Code    22  at32f402_405_usb.o(i.usb_ept_out_interrupt)
    usb_ept_stall                            0x08002907   Thumb Code   146  at32f402_405_usb.o(i.usb_ept_stall)
    usb_flush_rx_fifo                        0x08002999   Thumb Code    40  at32f402_405_usb.o(i.usb_flush_rx_fifo)
    usb_flush_tx_fifo                        0x080029c5   Thumb Code    50  at32f402_405_usb.o(i.usb_flush_tx_fifo)
    usb_get_all_in_interrupt                 0x080029fd   Thumb Code    18  at32f402_405_usb.o(i.usb_get_all_in_interrupt)
    usb_get_all_out_interrupt                0x08002a0f   Thumb Code    18  at32f402_405_usb.o(i.usb_get_all_out_interrupt)
    usb_global_clear_interrupt               0x08002a21   Thumb Code     4  at32f402_405_usb.o(i.usb_global_clear_interrupt)
    usb_global_get_all_interrupt             0x08002a25   Thumb Code    10  at32f402_405_usb.o(i.usb_global_get_all_interrupt)
    usb_global_init                          0x08002a2f   Thumb Code    38  at32f402_405_usb.o(i.usb_global_init)
    usb_global_interrupt_enable              0x08002a55   Thumb Code    20  at32f402_405_usb.o(i.usb_global_interrupt_enable)
    usb_global_reset                         0x08002a69   Thumb Code    70  at32f402_405_usb.o(i.usb_global_reset)
    usb_global_select_core                   0x08002ab5   Thumb Code    16  at32f402_405_usb.o(i.usb_global_select_core)
    usb_global_set_mode                      0x08002ac9   Thumb Code    68  at32f402_405_usb.o(i.usb_global_set_mode)
    usb_interrupt_disable                    0x08002b0d   Thumb Code    10  at32f402_405_usb.o(i.usb_interrupt_disable)
    usb_interrupt_enable                     0x08002b17   Thumb Code    12  at32f402_405_usb.o(i.usb_interrupt_enable)
    usb_open_phy_clk                         0x08002b23   Thumb Code    14  at32f402_405_usb.o(i.usb_open_phy_clk)
    usb_read_packet                          0x08002b31   Thumb Code    42  at32f402_405_usb.o(i.usb_read_packet)
    usb_set_address                          0x08002b5b   Thumb Code    14  at32f402_405_usb.o(i.usb_set_address)
    usb_set_rx_fifo                          0x08002b69   Thumb Code     4  at32f402_405_usb.o(i.usb_set_rx_fifo)
    usb_set_tx_fifo                          0x08002b6d   Thumb Code    66  at32f402_405_usb.o(i.usb_set_tx_fifo)
    usb_stop_phy_clk                         0x08002baf   Thumb Code    16  at32f402_405_usb.o(i.usb_stop_phy_clk)
    usb_suspend_status_get                   0x08002bbf   Thumb Code    14  at32f402_405_usb.o(i.usb_suspend_status_get)
    usb_vcp_get_rxdata                       0x08002c31   Thumb Code    76  cdc_class.o(i.usb_vcp_get_rxdata)
    usb_vcp_send_data                        0x08002c7d   Thumb Code    58  cdc_class.o(i.usb_vcp_send_data)
    usb_write_empty_txfifo                   0x08002cb7   Thumb Code   152  usbd_int.o(i.usb_write_empty_txfifo)
    usb_write_packet                         0x08002d4f   Thumb Code    48  at32f402_405_usb.o(i.usb_write_packet)
    usbd_clear_stall                         0x08002dd3   Thumb Code    74  usbd_core.o(i.usbd_clear_stall)
    usbd_connect                             0x08002e1d   Thumb Code    12  usbd_core.o(i.usbd_connect)
    usbd_core_in_handler                     0x08002e29   Thumb Code   226  usbd_core.o(i.usbd_core_in_handler)
    usbd_core_init                           0x08002f0d   Thumb Code   492  usbd_core.o(i.usbd_core_init)
    usbd_core_out_handler                    0x080030fd   Thumb Code   128  usbd_core.o(i.usbd_core_out_handler)
    usbd_core_setup_handler                  0x0800317d   Thumb Code    90  usbd_core.o(i.usbd_core_setup_handler)
    usbd_ctrl_recv                           0x080031d7   Thumb Code    36  usbd_core.o(i.usbd_ctrl_recv)
    usbd_ctrl_recv_status                    0x080031fb   Thumb Code    24  usbd_core.o(i.usbd_ctrl_recv_status)
    usbd_ctrl_send                           0x08003213   Thumb Code    40  usbd_core.o(i.usbd_ctrl_send)
    usbd_ctrl_send_status                    0x0800323b   Thumb Code    24  usbd_core.o(i.usbd_ctrl_send_status)
    usbd_ctrl_unsupport                      0x08003253   Thumb Code    22  usbd_core.o(i.usbd_ctrl_unsupport)
    usbd_device_request                      0x08003269   Thumb Code   128  usbd_sdr.o(i.usbd_device_request)
    usbd_disconnect                          0x080032e9   Thumb Code    12  usbd_core.o(i.usbd_disconnect)
    usbd_endpoint_request                    0x080032f5   Thumb Code   422  usbd_sdr.o(i.usbd_endpoint_request)
    usbd_enter_suspend                       0x0800349b   Thumb Code    22  usbd_core.o(i.usbd_enter_suspend)
    usbd_enumdone_handler                    0x080034b1   Thumb Code   124  usbd_int.o(i.usbd_enumdone_handler)
    usbd_ept_close                           0x0800352d   Thumb Code    64  usbd_core.o(i.usbd_ept_close)
    usbd_ept_in_check_fifo                   0x0800356d   Thumb Code   176  usbd_core.o(i.usbd_ept_in_check_fifo)
    usbd_ept_open                            0x0800361d   Thumb Code    90  usbd_core.o(i.usbd_ept_open)
    usbd_ept_recv                            0x08003677   Thumb Code   280  usbd_core.o(i.usbd_ept_recv)
    usbd_ept_send                            0x0800378f   Thumb Code   302  usbd_core.o(i.usbd_ept_send)
    usbd_fifo_alloc                          0x080038bd   Thumb Code   196  usbd_core.o(i.usbd_fifo_alloc)
    usbd_flush_tx_fifo                       0x08003985   Thumb Code    18  usbd_core.o(i.usbd_flush_tx_fifo)
    usbd_get_recv_len                        0x08003b3f   Thumb Code    28  usbd_core.o(i.usbd_get_recv_len)
    usbd_incomisioin_handler                 0x08003b9f   Thumb Code    22  usbd_int.o(i.usbd_incomisioin_handler)
    usbd_incomisoout_handler                 0x08003bb5   Thumb Code    22  usbd_int.o(i.usbd_incomisoout_handler)
    usbd_inept_handler                       0x08003bcb   Thumb Code   172  usbd_int.o(i.usbd_inept_handler)
    usbd_init                                0x08003c77   Thumb Code   126  usb_core.o(i.usbd_init)
    usbd_interface_request                   0x08003d33   Thumb Code    74  usbd_sdr.o(i.usbd_interface_request)
    usbd_irq_handler                         0x08003d7d   Thumb Code   234  usbd_int.o(i.usbd_irq_handler)
    usbd_outept_handler                      0x08003e67   Thumb Code   256  usbd_int.o(i.usbd_outept_handler)
    usbd_reset_handler                       0x08003f67   Thumb Code   290  usbd_int.o(i.usbd_reset_handler)
    usbd_rxflvl_handler                      0x08004089   Thumb Code   130  usbd_int.o(i.usbd_rxflvl_handler)
    usbd_set_device_addr                     0x08004231   Thumb Code    16  usbd_core.o(i.usbd_set_device_addr)
    usbd_set_stall                           0x080042d3   Thumb Code    74  usbd_core.o(i.usbd_set_stall)
    usbd_setup_request_parse                 0x0800431d   Thumb Code    40  usbd_sdr.o(i.usbd_setup_request_parse)
    usbd_sof_handler                         0x08004345   Thumb Code    20  usbd_int.o(i.usbd_sof_handler)
    usbd_suspend_handler                     0x08004359   Thumb Code    56  usbd_int.o(i.usbd_suspend_handler)
    usbd_wakeup_handler                      0x080043cd   Thumb Code    54  usbd_int.o(i.usbd_wakeup_handler)
    wk_crc_init                              0x08004405   Thumb Code    40  wk_crc.o(i.wk_crc_init)
    wk_delay_ms                              0x08004431   Thumb Code    30  wk_system.o(i.wk_delay_ms)
    wk_gpio_config                           0x08004451   Thumb Code   180  wk_gpio.o(i.wk_gpio_config)
    wk_nvic_config                           0x08004511   Thumb Code   202  at32f402_405_wk_config.o(i.wk_nvic_config)
    wk_otghs_irq_handler                     0x080045dd   Thumb Code    10  usb_app.o(i.wk_otghs_irq_handler)
    wk_periph_clock_config                   0x080045ed   Thumb Code    68  at32f402_405_wk_config.o(i.wk_periph_clock_config)
    wk_qspi1_init                            0x0800463d   Thumb Code   352  wk_qspi.o(i.wk_qspi1_init)
    wk_spi1_init                             0x080047ad   Thumb Code   220  wk_spi.o(i.wk_spi1_init)
    wk_system_clock_config                   0x08004895   Thumb Code   184  at32f402_405_wk_config.o(i.wk_system_clock_config)
    wk_timebase_get                          0x0800495d   Thumb Code     6  wk_system.o(i.wk_timebase_get)
    wk_timebase_handler                      0x08004969   Thumb Code     8  wk_system.o(i.wk_timebase_handler)
    wk_timebase_increase                     0x08004971   Thumb Code    12  wk_system.o(i.wk_timebase_increase)
    wk_timebase_init                         0x08004981   Thumb Code    52  wk_system.o(i.wk_timebase_init)
    wk_usb_app_init                          0x080049b5   Thumb Code    20  usb_app.o(i.wk_usb_app_init)
    wk_usb_app_task                          0x080049d5   Thumb Code    26  usb_app.o(i.wk_usb_app_task)
    wk_usb_otghs1_init                       0x080049fd   Thumb Code     2  wk_usb.o(i.wk_usb_otghs1_init)
    xip_init_flash_config                    0x080049ff   Thumb Code    58  at32_qspiflash.o(i.xip_init_flash_config)
    _fp_init                                 0x08004a39   Thumb Code    10  fpinit.o(x$fpl$fpinit)
    __fplib_config_fpu_vfp                   0x08004a41   Thumb Code     0  fpinit.o(x$fpl$fpinit)
    __fplib_config_pureend_doubles           0x08004a41   Thumb Code     0  fpinit.o(x$fpl$fpinit)
    Region$$Table$$Base                      0x08004ab4   Number         0  anon$$obj.o(Region$$Table)
    Region$$Table$$Limit                     0x08004ad4   Number         0  anon$$obj.o(Region$$Table)
    timebase_ticks                           0x20000000   Data           4  wk_system.o(.data)
    system_core_clock                        0x20000004   Data           4  system_at32f402_405.o(.data)
    dma_status                               0x2000000c   Data           2  ff_app.o(.data)
    res_csv                                  0x2000000e   Data           1  ff_app.o(.data)
    dsds                                     0x20000010   Data           4  ff_app.o(.data)
    gif1                                     0x20000014   Data          16  ff_app.o(.data)
    gif2                                     0x20000024   Data          16  ff_app.o(.data)
    gif3                                     0x20000034   Data          16  ff_app.o(.data)
    fileheader                               0x20000044   Data           4  ff_app.o(.data)
    Vcp_Rx_Data_length                       0x20000048   Data           2  agreement.o(.data)
    Updata_state_adderss                     0x2000004c   Data           4  agreement.o(.data)
    crc_result                               0x20000050   Data           4  agreement.o(.data)
    program_state                            0x20000054   Data           1  agreement.o(.data)
    update_flag                              0x20000055   Data           1  agreement.o(.data)
    commade_case                             0x20000056   Data           1  agreement.o(.data)
    SYNC                                     0x20000057   Data          64  agreement.o(.data)
    linecoding                               0x20000098   Data           8  cdc_class.o(.data)
    cdc_class_handler                        0x200000a0   Data          40  cdc_class.o(.data)
    cdc_desc_handler                         0x200000c8   Data          44  cdc_desc.o(.data)
    otg_core_struct_hs                       0x20000240   Data         820  usb_app.o(.bss)
    usbd_app_buffer_hs                       0x20000574   Data         512  usb_app.o(.bss)
    LCD                                      0x20000774   Data          16  lcd_spi.o(.bss)
    w25q64_cmd_config                        0x20000784   Data          24  at32_qspiflash.o(.bss)
    flash_xip_config                         0x2000079c   Data          14  at32_qspiflash.o(.bss)
    usb_send                                 0x200007aa   Data          64  agreement.o(.bss)
    Vcp_Rx_Data                              0x200007ea   Data        1024  agreement.o(.bss)
    cdc_struct                               0x20000bec   Data          32  cdc_class.o(.bss)
    __libspace_start                         0x2000154c   Data          96  libspace.o(.bss)
    __temporary_stack_top$libspace           0x200015ac   Data           0  libspace.o(.bss)



==============================================================================

Memory Map of the image

  Image Entry point : 0x080001e1

  Load Region LR_IROM1 (Base: 0x08000000, Size: 0x00004d14, Max: 0x00040000, ABSOLUTE, COMPRESSED[0x00004bdc])

    Execution Region ER_IROM1 (Exec base: 0x08000000, Load base: 0x08000000, Size: 0x00004ad4, Max: 0x00040000, ABSOLUTE)

    Exec Addr    Load Addr    Size         Type   Attr      Idx    E Section Name        Object

    0x08000000   0x08000000   0x000001e0   Data   RO         4310    RESET               startup_at32f402_405.o
    0x080001e0   0x080001e0   0x00000008   Code   RO         5697  * !!!main             c_w.l(__main.o)
    0x080001e8   0x080001e8   0x00000034   Code   RO         5868    !!!scatter          c_w.l(__scatter.o)
    0x0800021c   0x0800021c   0x0000005a   Code   RO         5866    !!dczerorl2         c_w.l(__dczerorl2.o)
    0x08000276   0x08000276   0x00000002   PAD
    0x08000278   0x08000278   0x0000001c   Code   RO         5870    !!handler_zi        c_w.l(__scatter_zi.o)
    0x08000294   0x08000294   0x00000002   Code   RO         5734    .ARM.Collect$$libinit$$00000000  c_w.l(libinit.o)
    0x08000296   0x08000296   0x00000004   Code   RO         5746    .ARM.Collect$$libinit$$00000001  c_w.l(libinit2.o)
    0x0800029a   0x0800029a   0x00000000   Code   RO         5749    .ARM.Collect$$libinit$$00000004  c_w.l(libinit2.o)
    0x0800029a   0x0800029a   0x00000000   Code   RO         5752    .ARM.Collect$$libinit$$0000000A  c_w.l(libinit2.o)
    0x0800029a   0x0800029a   0x00000000   Code   RO         5754    .ARM.Collect$$libinit$$0000000C  c_w.l(libinit2.o)
    0x0800029a   0x0800029a   0x00000000   Code   RO         5756    .ARM.Collect$$libinit$$0000000E  c_w.l(libinit2.o)
    0x0800029a   0x0800029a   0x00000000   Code   RO         5759    .ARM.Collect$$libinit$$00000011  c_w.l(libinit2.o)
    0x0800029a   0x0800029a   0x00000000   Code   RO         5761    .ARM.Collect$$libinit$$00000013  c_w.l(libinit2.o)
    0x0800029a   0x0800029a   0x00000000   Code   RO         5763    .ARM.Collect$$libinit$$00000015  c_w.l(libinit2.o)
    0x0800029a   0x0800029a   0x00000000   Code   RO         5765    .ARM.Collect$$libinit$$00000017  c_w.l(libinit2.o)
    0x0800029a   0x0800029a   0x00000000   Code   RO         5767    .ARM.Collect$$libinit$$00000019  c_w.l(libinit2.o)
    0x0800029a   0x0800029a   0x00000000   Code   RO         5769    .ARM.Collect$$libinit$$0000001B  c_w.l(libinit2.o)
    0x0800029a   0x0800029a   0x00000000   Code   RO         5771    .ARM.Collect$$libinit$$0000001D  c_w.l(libinit2.o)
    0x0800029a   0x0800029a   0x00000000   Code   RO         5773    .ARM.Collect$$libinit$$0000001F  c_w.l(libinit2.o)
    0x0800029a   0x0800029a   0x00000000   Code   RO         5775    .ARM.Collect$$libinit$$00000021  c_w.l(libinit2.o)
    0x0800029a   0x0800029a   0x00000000   Code   RO         5777    .ARM.Collect$$libinit$$00000023  c_w.l(libinit2.o)
    0x0800029a   0x0800029a   0x00000000   Code   RO         5779    .ARM.Collect$$libinit$$00000025  c_w.l(libinit2.o)
    0x0800029a   0x0800029a   0x00000000   Code   RO         5783    .ARM.Collect$$libinit$$0000002C  c_w.l(libinit2.o)
    0x0800029a   0x0800029a   0x00000000   Code   RO         5785    .ARM.Collect$$libinit$$0000002E  c_w.l(libinit2.o)
    0x0800029a   0x0800029a   0x00000000   Code   RO         5787    .ARM.Collect$$libinit$$00000030  c_w.l(libinit2.o)
    0x0800029a   0x0800029a   0x00000000   Code   RO         5789    .ARM.Collect$$libinit$$00000032  c_w.l(libinit2.o)
    0x0800029a   0x0800029a   0x00000002   Code   RO         5790    .ARM.Collect$$libinit$$00000033  c_w.l(libinit2.o)
    0x0800029c   0x0800029c   0x00000002   Code   RO         5821    .ARM.Collect$$libshutdown$$00000000  c_w.l(libshutdown.o)
    0x0800029e   0x0800029e   0x00000000   Code   RO         5847    .ARM.Collect$$libshutdown$$00000002  c_w.l(libshutdown2.o)
    0x0800029e   0x0800029e   0x00000000   Code   RO         5849    .ARM.Collect$$libshutdown$$00000004  c_w.l(libshutdown2.o)
    0x0800029e   0x0800029e   0x00000000   Code   RO         5851    .ARM.Collect$$libshutdown$$00000006  c_w.l(libshutdown2.o)
    0x0800029e   0x0800029e   0x00000000   Code   RO         5854    .ARM.Collect$$libshutdown$$00000009  c_w.l(libshutdown2.o)
    0x0800029e   0x0800029e   0x00000000   Code   RO         5857    .ARM.Collect$$libshutdown$$0000000C  c_w.l(libshutdown2.o)
    0x0800029e   0x0800029e   0x00000000   Code   RO         5859    .ARM.Collect$$libshutdown$$0000000E  c_w.l(libshutdown2.o)
    0x0800029e   0x0800029e   0x00000000   Code   RO         5862    .ARM.Collect$$libshutdown$$00000011  c_w.l(libshutdown2.o)
    0x0800029e   0x0800029e   0x00000002   Code   RO         5863    .ARM.Collect$$libshutdown$$00000012  c_w.l(libshutdown2.o)
    0x080002a0   0x080002a0   0x00000000   Code   RO         5699    .ARM.Collect$$rtentry$$00000000  c_w.l(__rtentry.o)
    0x080002a0   0x080002a0   0x00000000   Code   RO         5705    .ARM.Collect$$rtentry$$00000002  c_w.l(__rtentry2.o)
    0x080002a0   0x080002a0   0x00000006   Code   RO         5717    .ARM.Collect$$rtentry$$00000004  c_w.l(__rtentry4.o)
    0x080002a6   0x080002a6   0x00000000   Code   RO         5707    .ARM.Collect$$rtentry$$00000009  c_w.l(__rtentry2.o)
    0x080002a6   0x080002a6   0x00000004   Code   RO         5708    .ARM.Collect$$rtentry$$0000000A  c_w.l(__rtentry2.o)
    0x080002aa   0x080002aa   0x00000000   Code   RO         5710    .ARM.Collect$$rtentry$$0000000C  c_w.l(__rtentry2.o)
    0x080002aa   0x080002aa   0x00000008   Code   RO         5711    .ARM.Collect$$rtentry$$0000000D  c_w.l(__rtentry2.o)
    0x080002b2   0x080002b2   0x00000002   Code   RO         5738    .ARM.Collect$$rtexit$$00000000  c_w.l(rtexit.o)
    0x080002b4   0x080002b4   0x00000000   Code   RO         5794    .ARM.Collect$$rtexit$$00000002  c_w.l(rtexit2.o)
    0x080002b4   0x080002b4   0x00000004   Code   RO         5795    .ARM.Collect$$rtexit$$00000003  c_w.l(rtexit2.o)
    0x080002b8   0x080002b8   0x00000006   Code   RO         5796    .ARM.Collect$$rtexit$$00000004  c_w.l(rtexit2.o)
    0x080002be   0x080002be   0x00000002   PAD
    0x080002c0   0x080002c0   0x00000040   Code   RO         4311    .text               startup_at32f402_405.o
    0x08000300   0x08000300   0x000000ee   Code   RO         5677    .text               c_w.l(lludivv7m.o)
    0x080003ee   0x080003ee   0x00000096   Code   RO         5683    .text               c_w.l(strncmp.o)
    0x08000484   0x08000484   0x0000004e   Code   RO         5693    .text               c_w.l(rt_memclr_w.o)
    0x080004d2   0x080004d2   0x00000006   Code   RO         5695    .text               c_w.l(heapauxi.o)
    0x080004d8   0x080004d8   0x0000004a   Code   RO         5721    .text               c_w.l(sys_stackheap_outer.o)
    0x08000522   0x08000522   0x00000012   Code   RO         5723    .text               c_w.l(exit.o)
    0x08000534   0x08000534   0x00000008   Code   RO         5735    .text               c_w.l(libspace.o)
    0x0800053c   0x0800053c   0x0000000c   Code   RO         5791    .text               c_w.l(sys_exit.o)
    0x08000548   0x08000548   0x00000002   Code   RO         5810    .text               c_w.l(use_no_semi.o)
    0x0800054a   0x0800054a   0x00000000   Code   RO         5812    .text               c_w.l(indicate_semi.o)
    0x0800054a   0x0800054a   0x00000004   Code   RO            4    i.BusFault_Handler  at32f402_405_int.o
    0x0800054e   0x0800054e   0x00000002   PAD
    0x08000550   0x08000550   0x00000138   Code   RO          254    i.Command_Process   main.o
    0x08000688   0x08000688   0x00000002   Code   RO            5    i.DebugMon_Handler  at32f402_405_int.o
    0x0800068a   0x0800068a   0x00000002   PAD
    0x0800068c   0x0800068c   0x00000054   Code   RO         5080    i.Execute_Command   agreement.o
    0x080006e0   0x080006e0   0x000000ac   Code   RO         5081    i.Get_Vcp_Data      agreement.o
    0x0800078c   0x0800078c   0x00000004   Code   RO            6    i.HardFault_Handler  at32f402_405_int.o
    0x08000790   0x08000790   0x0000004c   Code   RO         4742    i.LCD_Clear         lcd_spi.o
    0x080007dc   0x080007dc   0x0000005c   Code   RO         4756    i.LCD_SetAddress    lcd_spi.o
    0x08000838   0x08000838   0x00000028   Code   RO         4757    i.LCD_SetBackColor  lcd_spi.o
    0x08000860   0x08000860   0x00000028   Code   RO         4758    i.LCD_SetColor      lcd_spi.o
    0x08000888   0x08000888   0x000000a0   Code   RO         4759    i.LCD_SetDirection  lcd_spi.o
    0x08000928   0x08000928   0x00000060   Code   RO         4762    i.LCD_WriteCommand  lcd_spi.o
    0x08000988   0x08000988   0x0000001c   Code   RO         4763    i.LCD_WriteData_16bit  lcd_spi.o
    0x080009a4   0x080009a4   0x00000014   Code   RO         4764    i.LCD_WriteData_8bit  lcd_spi.o
    0x080009b8   0x080009b8   0x00000004   Code   RO            7    i.MemManage_Handler  at32f402_405_int.o
    0x080009bc   0x080009bc   0x00000002   Code   RO            8    i.NMI_Handler       at32f402_405_int.o
    0x080009be   0x080009be   0x00000040   Code   RO          192    i.NVIC_EncodePriority  at32f402_405_wk_config.o
    0x080009fe   0x080009fe   0x00000008   Code   RO            9    i.OTGHS_IRQHandler  at32f402_405_int.o
    0x08000a06   0x08000a06   0x00000002   Code   RO           10    i.PendSV_Handler    at32f402_405_int.o
    0x08000a08   0x08000a08   0x00000024   Code   RO         4932    i.QSPI_flash_mode   at32_qspiflash.o
    0x08000a2c   0x08000a2c   0x00000062   Code   RO         5082    i.Response_gif_trans_done  agreement.o
    0x08000a8e   0x08000a8e   0x00000002   PAD
    0x08000a90   0x08000a90   0x0000009c   Code   RO         5083    i.Response_gif_trans_packet  agreement.o
    0x08000b2c   0x08000b2c   0x00000062   Code   RO         5084    i.Response_trans_notice  agreement.o
    0x08000b8e   0x08000b8e   0x00000002   PAD
    0x08000b90   0x08000b90   0x00000374   Code   RO         4765    i.SPI_LCD_Init      lcd_spi.o
    0x08000f04   0x08000f04   0x00000002   Code   RO           11    i.SVC_Handler       at32f402_405_int.o
    0x08000f06   0x08000f06   0x00000008   Code   RO           12    i.SysTick_Handler   at32f402_405_int.o
    0x08000f0e   0x08000f0e   0x00000002   PAD
    0x08000f10   0x08000f10   0x000000b0   Code   RO         4318    i.SystemInit        system_at32f402_405.o
    0x08000fc0   0x08000fc0   0x00000004   Code   RO           13    i.UsageFault_Handler  at32f402_405_int.o
    0x08000fc4   0x08000fc4   0x00000030   Code   RO         5085    i.Vcp_Send_Message  agreement.o
    0x08000ff4   0x08000ff4   0x00000010   Code   RO          193    i.__NVIC_GetPriorityGrouping  at32f402_405_wk_config.o
    0x08001004   0x08001004   0x00000028   Code   RO          194    i.__NVIC_SetPriority  at32f402_405_wk_config.o
    0x0800102c   0x0800102c   0x00000028   Code   RO         4766    i.at_spi_switch_to_16bit  lcd_spi.o
    0x08001054   0x08001054   0x00000024   Code   RO         4767    i.at_spi_switch_to_8bit  lcd_spi.o
    0x08001078   0x08001078   0x0000001c   Code   RO         4768    i.at_spi_transmit   lcd_spi.o
    0x08001094   0x08001094   0x0000001c   Code   RO         4769    i.at_spi_transmit_16bit  lcd_spi.o
    0x080010b0   0x080010b0   0x00000038   Code   RO         5491    i.cdc_struct_init   cdc_class.o
    0x080010e8   0x080010e8   0x00000024   Code   RO         5492    i.class_clear_handler  cdc_class.o
    0x0800110c   0x0800110c   0x00000032   Code   RO         5493    i.class_ept0_rx_handler  cdc_class.o
    0x0800113e   0x0800113e   0x00000006   Code   RO         5494    i.class_ept0_tx_handler  cdc_class.o
    0x08001144   0x08001144   0x00000024   Code   RO         5495    i.class_event_handler  cdc_class.o
    0x08001168   0x08001168   0x00000024   Code   RO         5496    i.class_in_handler  cdc_class.o
    0x0800118c   0x0800118c   0x0000008c   Code   RO         5497    i.class_init_handler  cdc_class.o
    0x08001218   0x08001218   0x00000026   Code   RO         5498    i.class_out_handler  cdc_class.o
    0x0800123e   0x0800123e   0x000000ac   Code   RO         5499    i.class_setup_handler  cdc_class.o
    0x080012ea   0x080012ea   0x00000006   Code   RO         5500    i.class_sof_handler  cdc_class.o
    0x080012f0   0x080012f0   0x00000024   Code   RO         3161    i.crc_block_calculate  at32f402_405_crc.o
    0x08001314   0x08001314   0x00000014   Code   RO         3165    i.crc_data_reset    at32f402_405_crc.o
    0x08001328   0x08001328   0x0000000c   Code   RO         3166    i.crc_init_data_set  at32f402_405_crc.o
    0x08001334   0x08001334   0x00000014   Code   RO         3169    i.crc_poly_size_set  at32f402_405_crc.o
    0x08001348   0x08001348   0x0000000c   Code   RO         3171    i.crc_poly_value_set  at32f402_405_crc.o
    0x08001354   0x08001354   0x00000014   Code   RO         3172    i.crc_reverse_input_data_set  at32f402_405_crc.o
    0x08001368   0x08001368   0x00000014   Code   RO         3173    i.crc_reverse_output_data_set  at32f402_405_crc.o
    0x0800137c   0x0800137c   0x00000024   Code   RO          608    i.crm_ahb_div_set   at32f402_405_crm.o
    0x080013a0   0x080013a0   0x00000014   Code   RO          609    i.crm_apb1_div_set  at32f402_405_crm.o
    0x080013b4   0x080013b4   0x00000014   Code   RO          610    i.crm_apb2_div_set  at32f402_405_crm.o
    0x080013c8   0x080013c8   0x00000028   Code   RO          611    i.crm_auto_step_mode_enable  at32f402_405_crm.o
    0x080013f0   0x080013f0   0x00000068   Code   RO          616    i.crm_clock_source_enable  at32f402_405_crm.o
    0x08001458   0x08001458   0x0000013c   Code   RO          617    i.crm_clocks_freq_get  at32f402_405_crm.o
    0x08001594   0x08001594   0x00000030   Code   RO          621    i.crm_flag_get      at32f402_405_crm.o
    0x080015c4   0x080015c4   0x0000002e   Code   RO          624    i.crm_hext_stable_wait  at32f402_405_crm.o
    0x080015f2   0x080015f2   0x00000002   PAD
    0x080015f4   0x080015f4   0x000000b0   Code   RO          627    i.crm_hick_divider_select  at32f402_405_crm.o
    0x080016a4   0x080016a4   0x00000014   Code   RO          628    i.crm_hick_sclk_div_set  at32f402_405_crm.o
    0x080016b8   0x080016b8   0x0000004c   Code   RO          634    i.crm_periph_clock_enable  at32f402_405_crm.o
    0x08001704   0x08001704   0x00000044   Code   RO          637    i.crm_pll_config    at32f402_405_crm.o
    0x08001748   0x08001748   0x00000014   Code   RO          639    i.crm_pllu_div_set  at32f402_405_crm.o
    0x0800175c   0x0800175c   0x00000098   Code   RO          641    i.crm_reset         at32f402_405_crm.o
    0x080017f4   0x080017f4   0x00000024   Code   RO          642    i.crm_sysclk_switch  at32f402_405_crm.o
    0x08001818   0x08001818   0x00000010   Code   RO          643    i.crm_sysclk_switch_status_get  at32f402_405_crm.o
    0x08001828   0x08001828   0x0000000a   Code   RO         2734    i.dma_channel_enable  at32f402_405_dma.o
    0x08001832   0x08001832   0x00000002   PAD
    0x08001834   0x08001834   0x00000020   Code   RO         2738    i.dma_flag_clear    at32f402_405_dma.o
    0x08001854   0x08001854   0x0000002c   Code   RO         2739    i.dma_flag_get      at32f402_405_dma.o
    0x08001880   0x08001880   0x00000062   Code   RO         2741    i.dma_init          at32f402_405_dma.o
    0x080018e2   0x080018e2   0x00000002   PAD
    0x080018e4   0x080018e4   0x00000070   Code   RO         2744    i.dma_reset         at32f402_405_dma.o
    0x08001954   0x08001954   0x0000000e   Code   RO         2745    i.dmamux_enable     at32f402_405_dma.o
    0x08001962   0x08001962   0x0000000a   Code   RO         2752    i.dmamux_init       at32f402_405_dma.o
    0x0800196c   0x0800196c   0x00000070   Code   RO         4933    i.flash_qspi_erase_block  at32_qspiflash.o
    0x080019dc   0x080019dc   0x0000005c   Code   RO         4937    i.flash_qspi_sendbyte  at32_qspiflash.o
    0x08001a38   0x08001a38   0x00000084   Code   RO         4938    i.flash_qspi_waitforwriteend  at32_qspiflash.o
    0x08001abc   0x08001abc   0x00000046   Code   RO         4939    i.flash_qspi_writebuffer  at32_qspiflash.o
    0x08001b02   0x08001b02   0x0000000a   Code   RO         4940    i.flash_qspi_writedisable  at32_qspiflash.o
    0x08001b0c   0x08001b0c   0x0000000a   Code   RO         4941    i.flash_qspi_writeenable  at32_qspiflash.o
    0x08001b16   0x08001b16   0x00000020   Code   RO         4942    i.flash_qspi_writepage  at32_qspiflash.o
    0x08001b36   0x08001b36   0x00000002   PAD
    0x08001b38   0x08001b38   0x00000038   Code   RO         5583    i.get_device_config_string  cdc_desc.o
    0x08001b70   0x08001b70   0x00000008   Code   RO         5584    i.get_device_configuration  cdc_desc.o
    0x08001b78   0x08001b78   0x00000008   Code   RO         5585    i.get_device_descriptor  cdc_desc.o
    0x08001b80   0x08001b80   0x0000003c   Code   RO         5586    i.get_device_interface_string  cdc_desc.o
    0x08001bbc   0x08001bbc   0x00000008   Code   RO         5587    i.get_device_lang_id  cdc_desc.o
    0x08001bc4   0x08001bc4   0x00000028   Code   RO         5588    i.get_device_manufacturer_string  cdc_desc.o
    0x08001bec   0x08001bec   0x00000008   Code   RO         5589    i.get_device_other_speed  cdc_desc.o
    0x08001bf4   0x08001bf4   0x00000030   Code   RO         5590    i.get_device_product_string  cdc_desc.o
    0x08001c24   0x08001c24   0x00000008   Code   RO         5591    i.get_device_qualifier  cdc_desc.o
    0x08001c2c   0x08001c2c   0x00000010   Code   RO         5592    i.get_device_serial_string  cdc_desc.o
    0x08001c3c   0x08001c3c   0x00000008   Code   RO         5593    i.get_hs_device_configuration  cdc_desc.o
    0x08001c44   0x08001c44   0x00000034   Code   RO         5594    i.get_serial_num    cdc_desc.o
    0x08001c78   0x08001c78   0x00000004   Code   RO         1581    i.gpio_bits_reset   at32f402_405_gpio.o
    0x08001c7c   0x08001c7c   0x00000004   Code   RO         1582    i.gpio_bits_set     at32f402_405_gpio.o
    0x08001c80   0x08001c80   0x00000014   Code   RO         1585    i.gpio_default_para_init  at32f402_405_gpio.o
    0x08001c94   0x08001c94   0x0000007a   Code   RO         1586    i.gpio_init         at32f402_405_gpio.o
    0x08001d0e   0x08001d0e   0x00000042   Code   RO         1591    i.gpio_pin_mux_config  at32f402_405_gpio.o
    0x08001d50   0x08001d50   0x00000038   Code   RO          255    i.main              main.o
    0x08001d88   0x08001d88   0x000000c8   Code   RO         3462    i.nvic_irq_enable   at32f402_405_misc.o
    0x08001e50   0x08001e50   0x00000028   Code   RO         3464    i.nvic_priority_group_config  at32f402_405_misc.o
    0x08001e78   0x08001e78   0x0000000e   Code   RO         4155    i.qspi_auto_ispc_enable  at32f402_405_qspi.o
    0x08001e86   0x08001e86   0x0000000a   Code   RO         4156    i.qspi_busy_config  at32f402_405_qspi.o
    0x08001e90   0x08001e90   0x00000008   Code   RO         4157    i.qspi_byte_read    at32f402_405_qspi.o
    0x08001e98   0x08001e98   0x0000000a   Code   RO         4159    i.qspi_clk_division_set  at32f402_405_qspi.o
    0x08001ea2   0x08001ea2   0x0000004c   Code   RO         4160    i.qspi_cmd_operation_kick  at32f402_405_qspi.o
    0x08001eee   0x08001eee   0x0000000a   Code   RO         4161    i.qspi_dma_enable   at32f402_405_qspi.o
    0x08001ef8   0x08001ef8   0x0000000a   Code   RO         4162    i.qspi_dma_rx_threshold_set  at32f402_405_qspi.o
    0x08001f02   0x08001f02   0x0000000a   Code   RO         4163    i.qspi_dma_tx_threshold_set  at32f402_405_qspi.o
    0x08001f0c   0x08001f0c   0x00000004   Code   RO         4165    i.qspi_flag_clear   at32f402_405_qspi.o
    0x08001f10   0x08001f10   0x00000030   Code   RO         4166    i.qspi_flag_get     at32f402_405_qspi.o
    0x08001f40   0x08001f40   0x000000a0   Code   RO         4944    i.qspi_flash_write_xip_dma_set  at32_qspiflash.o
    0x08001fe0   0x08001fe0   0x0000000a   Code   RO         4172    i.qspi_sck_mode_set  at32f402_405_qspi.o
    0x08001fea   0x08001fea   0x0000007c   Code   RO         4176    i.qspi_xip_enable   at32f402_405_qspi.o
    0x08002066   0x08002066   0x0000005a   Code   RO         4177    i.qspi_xip_init     at32f402_405_qspi.o
    0x080020c0   0x080020c0   0x00000016   Code   RO         2563    i.spi_default_para_init  at32f402_405_spi.o
    0x080020d6   0x080020d6   0x0000000a   Code   RO         2564    i.spi_enable        at32f402_405_spi.o
    0x080020e0   0x080020e0   0x0000000a   Code   RO         2567    i.spi_hardware_cs_output_enable  at32f402_405_spi.o
    0x080020ea   0x080020ea   0x00000004   Code   RO         2569    i.spi_i2s_data_transmit  at32f402_405_spi.o
    0x080020ee   0x080020ee   0x00000158   Code   RO         2577    i.spi_init          at32f402_405_spi.o
    0x08002246   0x08002246   0x00000002   PAD
    0x08002248   0x08002248   0x00000120   Code   RO         4320    i.system_core_clock_update  system_at32f402_405.o
    0x08002368   0x08002368   0x00000028   Code   RO         3467    i.systick_clock_source_config  at32f402_405_misc.o
    0x08002390   0x08002390   0x00000012   Code   RO         3603    i.usb_connect       at32f402_405_usb.o
    0x080023a2   0x080023a2   0x0000004a   Code   RO         4361    i.usb_core_config   usb_core.o
    0x080023ec   0x080023ec   0x0000000c   Code   RO          408    i.usb_delay_ms      usb_app.o
    0x080023f8   0x080023f8   0x00000014   Code   RO         3604    i.usb_disconnect    at32f402_405_usb.o
    0x0800240c   0x0800240c   0x00000022   Code   RO         3606    i.usb_ept0_setup    at32f402_405_usb.o
    0x0800242e   0x0800242e   0x0000003a   Code   RO         3607    i.usb_ept0_start    at32f402_405_usb.o
    0x08002468   0x08002468   0x00000092   Code   RO         3608    i.usb_ept_clear_stall  at32f402_405_usb.o
    0x080024fa   0x080024fa   0x00000102   Code   RO         3609    i.usb_ept_close     at32f402_405_usb.o
    0x080025fc   0x080025fc   0x000000fa   Code   RO         4391    i.usb_ept_default_init  usbd_core.o
    0x080026f6   0x080026f6   0x0000000c   Code   RO         3610    i.usb_ept_in_clear  at32f402_405_usb.o
    0x08002702   0x08002702   0x0000002c   Code   RO         3611    i.usb_ept_in_interrupt  at32f402_405_usb.o
    0x0800272e   0x0800272e   0x000001b6   Code   RO         3612    i.usb_ept_open      at32f402_405_usb.o
    0x080028e4   0x080028e4   0x0000000c   Code   RO         3613    i.usb_ept_out_clear  at32f402_405_usb.o
    0x080028f0   0x080028f0   0x00000016   Code   RO         3614    i.usb_ept_out_interrupt  at32f402_405_usb.o
    0x08002906   0x08002906   0x00000092   Code   RO         3615    i.usb_ept_stall     at32f402_405_usb.o
    0x08002998   0x08002998   0x0000002c   Code   RO         3616    i.usb_flush_rx_fifo  at32f402_405_usb.o
    0x080029c4   0x080029c4   0x00000038   Code   RO         3617    i.usb_flush_tx_fifo  at32f402_405_usb.o
    0x080029fc   0x080029fc   0x00000012   Code   RO         3618    i.usb_get_all_in_interrupt  at32f402_405_usb.o
    0x08002a0e   0x08002a0e   0x00000012   Code   RO         3619    i.usb_get_all_out_interrupt  at32f402_405_usb.o
    0x08002a20   0x08002a20   0x00000004   Code   RO         3620    i.usb_global_clear_interrupt  at32f402_405_usb.o
    0x08002a24   0x08002a24   0x0000000a   Code   RO         3621    i.usb_global_get_all_interrupt  at32f402_405_usb.o
    0x08002a2e   0x08002a2e   0x00000026   Code   RO         3622    i.usb_global_init   at32f402_405_usb.o
    0x08002a54   0x08002a54   0x00000014   Code   RO         3623    i.usb_global_interrupt_enable  at32f402_405_usb.o
    0x08002a68   0x08002a68   0x0000004c   Code   RO         3625    i.usb_global_reset  at32f402_405_usb.o
    0x08002ab4   0x08002ab4   0x00000014   Code   RO         3626    i.usb_global_select_core  at32f402_405_usb.o
    0x08002ac8   0x08002ac8   0x00000044   Code   RO         3627    i.usb_global_set_mode  at32f402_405_usb.o
    0x08002b0c   0x08002b0c   0x0000000a   Code   RO         3632    i.usb_interrupt_disable  at32f402_405_usb.o
    0x08002b16   0x08002b16   0x0000000c   Code   RO         3633    i.usb_interrupt_enable  at32f402_405_usb.o
    0x08002b22   0x08002b22   0x0000000e   Code   RO         3634    i.usb_open_phy_clk  at32f402_405_usb.o
    0x08002b30   0x08002b30   0x0000002a   Code   RO         3636    i.usb_read_packet   at32f402_405_usb.o
    0x08002b5a   0x08002b5a   0x0000000e   Code   RO         3639    i.usb_set_address   at32f402_405_usb.o
    0x08002b68   0x08002b68   0x00000004   Code   RO         3640    i.usb_set_rx_fifo   at32f402_405_usb.o
    0x08002b6c   0x08002b6c   0x00000042   Code   RO         3641    i.usb_set_tx_fifo   at32f402_405_usb.o
    0x08002bae   0x08002bae   0x00000010   Code   RO         3642    i.usb_stop_phy_clk  at32f402_405_usb.o
    0x08002bbe   0x08002bbe   0x0000000e   Code   RO         3643    i.usb_suspend_status_get  at32f402_405_usb.o
    0x08002bcc   0x08002bcc   0x00000064   Code   RO         5501    i.usb_vcp_cmd_process  cdc_class.o
    0x08002c30   0x08002c30   0x0000004c   Code   RO         5502    i.usb_vcp_get_rxdata  cdc_class.o
    0x08002c7c   0x08002c7c   0x0000003a   Code   RO         5503    i.usb_vcp_send_data  cdc_class.o
    0x08002cb6   0x08002cb6   0x00000098   Code   RO         4568    i.usb_write_empty_txfifo  usbd_int.o
    0x08002d4e   0x08002d4e   0x00000030   Code   RO         3644    i.usb_write_packet  at32f402_405_usb.o
    0x08002d7e   0x08002d7e   0x00000054   Code   RO         4664    i.usbd_clear_feature  usbd_sdr.o
    0x08002dd2   0x08002dd2   0x0000004a   Code   RO         4392    i.usbd_clear_stall  usbd_core.o
    0x08002e1c   0x08002e1c   0x0000000c   Code   RO         4393    i.usbd_connect      usbd_core.o
    0x08002e28   0x08002e28   0x000000e2   Code   RO         4395    i.usbd_core_in_handler  usbd_core.o
    0x08002f0a   0x08002f0a   0x00000002   PAD
    0x08002f0c   0x08002f0c   0x000001f0   Code   RO         4396    i.usbd_core_init    usbd_core.o
    0x080030fc   0x080030fc   0x00000080   Code   RO         4397    i.usbd_core_out_handler  usbd_core.o
    0x0800317c   0x0800317c   0x0000005a   Code   RO         4398    i.usbd_core_setup_handler  usbd_core.o
    0x080031d6   0x080031d6   0x00000024   Code   RO         4399    i.usbd_ctrl_recv    usbd_core.o
    0x080031fa   0x080031fa   0x00000018   Code   RO         4400    i.usbd_ctrl_recv_status  usbd_core.o
    0x08003212   0x08003212   0x00000028   Code   RO         4401    i.usbd_ctrl_send    usbd_core.o
    0x0800323a   0x0800323a   0x00000018   Code   RO         4402    i.usbd_ctrl_send_status  usbd_core.o
    0x08003252   0x08003252   0x00000016   Code   RO         4403    i.usbd_ctrl_unsupport  usbd_core.o
    0x08003268   0x08003268   0x00000080   Code   RO         4665    i.usbd_device_request  usbd_sdr.o
    0x080032e8   0x080032e8   0x0000000c   Code   RO         4404    i.usbd_disconnect   usbd_core.o
    0x080032f4   0x080032f4   0x000001a6   Code   RO         4666    i.usbd_endpoint_request  usbd_sdr.o
    0x0800349a   0x0800349a   0x00000016   Code   RO         4405    i.usbd_enter_suspend  usbd_core.o
    0x080034b0   0x080034b0   0x0000007c   Code   RO         4570    i.usbd_enumdone_handler  usbd_int.o
    0x0800352c   0x0800352c   0x00000040   Code   RO         4406    i.usbd_ept_close    usbd_core.o
    0x0800356c   0x0800356c   0x000000b0   Code   RO         4407    i.usbd_ept_in_check_fifo  usbd_core.o
    0x0800361c   0x0800361c   0x0000005a   Code   RO         4408    i.usbd_ept_open     usbd_core.o
    0x08003676   0x08003676   0x00000118   Code   RO         4409    i.usbd_ept_recv     usbd_core.o
    0x0800378e   0x0800378e   0x0000012e   Code   RO         4410    i.usbd_ept_send     usbd_core.o
    0x080038bc   0x080038bc   0x000000c8   Code   RO         4411    i.usbd_fifo_alloc   usbd_core.o
    0x08003984   0x08003984   0x00000012   Code   RO         4412    i.usbd_flush_tx_fifo  usbd_core.o
    0x08003996   0x08003996   0x00000056   Code   RO         4667    i.usbd_get_configuration  usbd_sdr.o
    0x080039ec   0x080039ec   0x00000152   Code   RO         4668    i.usbd_get_descriptor  usbd_sdr.o
    0x08003b3e   0x08003b3e   0x0000001c   Code   RO         4413    i.usbd_get_recv_len  usbd_core.o
    0x08003b5a   0x08003b5a   0x00000044   Code   RO         4669    i.usbd_get_status   usbd_sdr.o
    0x08003b9e   0x08003b9e   0x00000016   Code   RO         4571    i.usbd_incomisioin_handler  usbd_int.o
    0x08003bb4   0x08003bb4   0x00000016   Code   RO         4572    i.usbd_incomisoout_handler  usbd_int.o
    0x08003bca   0x08003bca   0x000000ac   Code   RO         4573    i.usbd_inept_handler  usbd_int.o
    0x08003c76   0x08003c76   0x0000007e   Code   RO         4362    i.usbd_init         usb_core.o
    0x08003cf4   0x08003cf4   0x0000003e   Code   RO         5595    i.usbd_int_to_unicode  cdc_desc.o
    0x08003d32   0x08003d32   0x0000004a   Code   RO         4670    i.usbd_interface_request  usbd_sdr.o
    0x08003d7c   0x08003d7c   0x000000ea   Code   RO         4574    i.usbd_irq_handler  usbd_int.o
    0x08003e66   0x08003e66   0x00000100   Code   RO         4575    i.usbd_outept_handler  usbd_int.o
    0x08003f66   0x08003f66   0x00000122   Code   RO         4576    i.usbd_reset_handler  usbd_int.o
    0x08004088   0x08004088   0x00000082   Code   RO         4577    i.usbd_rxflvl_handler  usbd_int.o
    0x0800410a   0x0800410a   0x0000005c   Code   RO         4671    i.usbd_set_address  usbd_sdr.o
    0x08004166   0x08004166   0x00000002   PAD
    0x08004168   0x08004168   0x000000c8   Code   RO         4672    i.usbd_set_configuration  usbd_sdr.o
    0x08004230   0x08004230   0x00000010   Code   RO         4415    i.usbd_set_device_addr  usbd_core.o
    0x08004240   0x08004240   0x00000092   Code   RO         4673    i.usbd_set_feature  usbd_sdr.o
    0x080042d2   0x080042d2   0x0000004a   Code   RO         4416    i.usbd_set_stall    usbd_core.o
    0x0800431c   0x0800431c   0x00000028   Code   RO         4674    i.usbd_setup_request_parse  usbd_sdr.o
    0x08004344   0x08004344   0x00000014   Code   RO         4578    i.usbd_sof_handler  usbd_int.o
    0x08004358   0x08004358   0x00000038   Code   RO         4579    i.usbd_suspend_handler  usbd_int.o
    0x08004390   0x08004390   0x0000003c   Code   RO         5596    i.usbd_unicode_convert  cdc_desc.o
    0x080043cc   0x080043cc   0x00000036   Code   RO         4580    i.usbd_wakeup_handler  usbd_int.o
    0x08004402   0x08004402   0x00000002   PAD
    0x08004404   0x08004404   0x0000002c   Code   RO          584    i.wk_crc_init       wk_crc.o
    0x08004430   0x08004430   0x0000001e   Code   RO          357    i.wk_delay_ms       wk_system.o
    0x0800444e   0x0800444e   0x00000002   PAD
    0x08004450   0x08004450   0x000000c0   Code   RO          536    i.wk_gpio_config    wk_gpio.o
    0x08004510   0x08004510   0x000000ca   Code   RO          195    i.wk_nvic_config    at32f402_405_wk_config.o
    0x080045da   0x080045da   0x00000002   PAD
    0x080045dc   0x080045dc   0x00000010   Code   RO          409    i.wk_otghs_irq_handler  usb_app.o
    0x080045ec   0x080045ec   0x00000050   Code   RO          196    i.wk_periph_clock_config  at32f402_405_wk_config.o
    0x0800463c   0x0800463c   0x00000170   Code   RO          464    i.wk_qspi1_init     wk_qspi.o
    0x080047ac   0x080047ac   0x000000e8   Code   RO          488    i.wk_spi1_init      wk_spi.o
    0x08004894   0x08004894   0x000000c8   Code   RO          197    i.wk_system_clock_config  at32f402_405_wk_config.o
    0x0800495c   0x0800495c   0x0000000c   Code   RO          358    i.wk_timebase_get   wk_system.o
    0x08004968   0x08004968   0x00000008   Code   RO          359    i.wk_timebase_handler  wk_system.o
    0x08004970   0x08004970   0x00000010   Code   RO          360    i.wk_timebase_increase  wk_system.o
    0x08004980   0x08004980   0x00000034   Code   RO          361    i.wk_timebase_init  wk_system.o
    0x080049b4   0x080049b4   0x00000020   Code   RO          410    i.wk_usb_app_init   usb_app.o
    0x080049d4   0x080049d4   0x00000028   Code   RO          411    i.wk_usb_app_task   usb_app.o
    0x080049fc   0x080049fc   0x00000002   Code   RO          512    i.wk_usb_otghs1_init  wk_usb.o
    0x080049fe   0x080049fe   0x0000003a   Code   RO         4947    i.xip_init_flash_config  at32_qspiflash.o
    0x08004a38   0x08004a38   0x0000000a   Code   RO         5806    x$fpl$fpinit        fz_wm.l(fpinit.o)
    0x08004a42   0x08004a42   0x00000030   Data   RO          646    .constdata          at32f402_405_crm.o
    0x08004a72   0x08004a72   0x00000020   Data   RO         4321    .constdata          system_at32f402_405.o
    0x08004a92   0x08004a92   0x00000002   PAD
    0x08004a94   0x08004a94   0x0000001f   Data   RO         5050    .conststring        ff_app.o
    0x08004ab3   0x08004ab3   0x00000001   PAD
    0x08004ab4   0x08004ab4   0x00000020   Data   RO         5864    Region$$Table       anon$$obj.o


    Execution Region RW_IRAM1 (Exec base: 0x20000000, Load base: 0x08004ad4, Size: 0x000057b0, Max: 0x00019800, ABSOLUTE, COMPRESSED[0x00000108])

    Exec Addr    Load Addr    Size         Type   Attr      Idx    E Section Name        Object

    0x20000000   COMPRESSED   0x00000004   Data   RW          362    .data               wk_system.o
    0x20000004   COMPRESSED   0x00000004   Data   RW         4322    .data               system_at32f402_405.o
    0x20000008   COMPRESSED   0x00000001   Data   RW         4675    .data               usbd_sdr.o
    0x20000009   COMPRESSED   0x00000003   PAD
    0x2000000c   COMPRESSED   0x0000003c   Data   RW         5051    .data               ff_app.o
    0x20000048   COMPRESSED   0x0000004f   Data   RW         5087    .data               agreement.o
    0x20000097   COMPRESSED   0x00000001   PAD
    0x20000098   COMPRESSED   0x00000030   Data   RW         5505    .data               cdc_class.o
    0x200000c8   COMPRESSED   0x00000178   Data   RW         5598    .data               cdc_desc.o
    0x20000240        -       0x00000534   Zero   RW          412    .bss                usb_app.o
    0x20000774        -       0x00000010   Zero   RW         4770    .bss                lcd_spi.o
    0x20000784        -       0x00000026   Zero   RW         4948    .bss                at32_qspiflash.o
    0x200007aa        -       0x00000440   Zero   RW         5086    .bss                agreement.o
    0x20000bea   COMPRESSED   0x00000002   PAD
    0x20000bec        -       0x00000860   Zero   RW         5504    .bss                cdc_class.o
    0x2000144c        -       0x00000100   Zero   RW         5597    .bss                cdc_desc.o
    0x2000154c        -       0x00000060   Zero   RW         5736    .bss                c_w.l(libspace.o)
    0x200015ac   COMPRESSED   0x00000004   PAD
    0x200015b0        -       0x00000200   Zero   RW         4309    HEAP                startup_at32f402_405.o
    0x200017b0        -       0x00004000   Zero   RW         4308    STACK               startup_at32f402_405.o


==============================================================================

Image component sizes


      Code (inc. data)   RO Data    RW Data    ZI Data      Debug   Object Name

       656         70          0         79       1088       4897   agreement.o
       712         54          0          0         38       7521   at32_qspiflash.o
       140         38          0          0          0       4707   at32f402_405_crc.o
      1194        124         48          0          0      11473   at32f402_405_crm.o
       320         30          0          0          0       4986   at32f402_405_dma.o
       216          0          0          0          0       3869   at32f402_405_gpio.o
        40          0          0          0          0      85137   at32f402_405_int.o
       280         18          0          0          0      32852   at32f402_405_misc.o
       424          0          0          0          0       9240   at32f402_405_qspi.o
       390          0          0          0          0       3760   at32f402_405_spi.o
      1820         20          0          0          0      22826   at32f402_405_usb.o
       602         42          0          0          0      33682   at32f402_405_wk_config.o
       810         20          0         48       2144      10895   cdc_class.o
       442        156          0        376        256       8867   cdc_desc.o
         0          0         31         60          0       1806   ff_app.o
      1568         66          0          0         16       9697   lcd_spi.o
       368         38          0          0          0      11649   main.o
        64         26        480          0      16896        864   startup_at32f402_405.o
       464         42         32          4          0       2504   system_at32f402_405.o
       100         32          0          0       1332       3062   usb_app.o
       200          0          0          0          0       2022   usb_core.o
      2704          8          0          0          0      19179   usbd_core.o
      1532          0          0          0          0       9740   usbd_int.o
      1678         30          0          1          0       9238   usbd_sdr.o
        44          4          0          0          0        530   wk_crc.o
       192         12          0          0          0        653   wk_gpio.o
       368         16          0          0          0        740   wk_qspi.o
       232         12          0          0          0        703   wk_spi.o
       118         10          0          4          0       3349   wk_system.o
         2          0          0          0          0        497   wk_usb.o

    ----------------------------------------------------------------------
     17710        868        626        576      21772     320945   Object Totals
         0          0         32          0          0          0   (incl. Generated)
        30          0          3          4          2          0   (incl. Padding)

    ----------------------------------------------------------------------

      Code (inc. data)   RO Data    RW Data    ZI Data      Debug   Library Member Name

        90          0          0          0          0          0   __dczerorl2.o
         8          0          0          0          0         68   __main.o
         0          0          0          0          0          0   __rtentry.o
        12          0          0          0          0          0   __rtentry2.o
         6          0          0          0          0          0   __rtentry4.o
        52          8          0          0          0          0   __scatter.o
        28          0          0          0          0          0   __scatter_zi.o
        18          0          0          0          0         80   exit.o
         6          0          0          0          0        152   heapauxi.o
         0          0          0          0          0          0   indicate_semi.o
         2          0          0          0          0          0   libinit.o
         6          0          0          0          0          0   libinit2.o
         2          0          0          0          0          0   libshutdown.o
         2          0          0          0          0          0   libshutdown2.o
         8          4          0          0         96         68   libspace.o
       238          0          0          0          0        100   lludivv7m.o
        78          0          0          0          0         80   rt_memclr_w.o
         2          0          0          0          0          0   rtexit.o
        10          0          0          0          0          0   rtexit2.o
       150          0          0          0          0         80   strncmp.o
        12          4          0          0          0         68   sys_exit.o
        74          0          0          0          0         80   sys_stackheap_outer.o
         2          0          0          0          0         68   use_no_semi.o
        10          0          0          0          0        116   fpinit.o

    ----------------------------------------------------------------------
       820         16          0          0        100        960   Library Totals
         4          0          0          0          4          0   (incl. Padding)

    ----------------------------------------------------------------------

      Code (inc. data)   RO Data    RW Data    ZI Data      Debug   Library Name

       806         16          0          0         96        844   c_w.l
        10          0          0          0          0        116   fz_wm.l

    ----------------------------------------------------------------------
       820         16          0          0        100        960   Library Totals

    ----------------------------------------------------------------------

==============================================================================


      Code (inc. data)   RO Data    RW Data    ZI Data      Debug   

     18530        884        626        576      21872     299393   Grand Totals
     18530        884        626        264      21872     299393   ELF Image Totals (compressed)
     18530        884        626        264          0          0   ROM Totals

==============================================================================

    Total RO  Size (Code + RO Data)                19156 (  18.71kB)
    Total RW  Size (RW Data + ZI Data)             22448 (  21.92kB)
    Total ROM Size (Code + RO Data + RW Data)      19420 (  18.96kB)

==============================================================================

