Component: Arm Compiler for Embedded 6.21 Tool: armlink [5ec1fa00]

==============================================================================

Section Cross References

    at32f402_405_int.o(.ARM.exidx.text.NMI_Handler) refers to at32f402_405_int.o(.text.NMI_Handler) for [Anonymous Symbol]
    at32f402_405_int.o(.ARM.exidx.text.HardFault_Handler) refers to at32f402_405_int.o(.text.HardFault_Handler) for [Anonymous Symbol]
    at32f402_405_int.o(.ARM.exidx.text.MemManage_Handler) refers to at32f402_405_int.o(.text.MemManage_Handler) for [Anonymous Symbol]
    at32f402_405_int.o(.ARM.exidx.text.BusFault_Handler) refers to at32f402_405_int.o(.text.BusFault_Handler) for [Anonymous Symbol]
    at32f402_405_int.o(.ARM.exidx.text.UsageFault_Handler) refers to at32f402_405_int.o(.text.UsageFault_Handler) for [Anonymous Symbol]
    at32f402_405_int.o(.ARM.exidx.text.SVC_Handler) refers to at32f402_405_int.o(.text.SVC_Handler) for [Anonymous Symbol]
    at32f402_405_int.o(.ARM.exidx.text.DebugMon_Handler) refers to at32f402_405_int.o(.text.DebugMon_Handler) for [Anonymous Symbol]
    at32f402_405_int.o(.ARM.exidx.text.PendSV_Handler) refers to at32f402_405_int.o(.text.PendSV_Handler) for [Anonymous Symbol]
    at32f402_405_int.o(.text.SysTick_Handler) refers to wk_system.o(.text.wk_timebase_handler) for wk_timebase_handler
    at32f402_405_int.o(.ARM.exidx.text.SysTick_Handler) refers to at32f402_405_int.o(.text.SysTick_Handler) for [Anonymous Symbol]
    at32f402_405_int.o(.text.OTGHS_IRQHandler) refers to usb_app.o(.text.wk_otghs_irq_handler) for wk_otghs_irq_handler
    at32f402_405_int.o(.ARM.exidx.text.OTGHS_IRQHandler) refers to at32f402_405_int.o(.text.OTGHS_IRQHandler) for [Anonymous Symbol]
    at32f402_405_wk_config.o(.text.wk_system_clock_config) refers to at32f402_405_crm.o(.text.crm_reset) for crm_reset
    at32f402_405_wk_config.o(.text.wk_system_clock_config) refers to at32f402_405_crm.o(.text.crm_periph_clock_enable) for crm_periph_clock_enable
    at32f402_405_wk_config.o(.text.wk_system_clock_config) refers to at32f402_405_crm.o(.text.crm_clock_source_enable) for crm_clock_source_enable
    at32f402_405_wk_config.o(.text.wk_system_clock_config) refers to at32f402_405_crm.o(.text.crm_flag_get) for crm_flag_get
    at32f402_405_wk_config.o(.text.wk_system_clock_config) refers to at32f402_405_crm.o(.text.crm_hext_stable_wait) for crm_hext_stable_wait
    at32f402_405_wk_config.o(.text.wk_system_clock_config) refers to at32f402_405_crm.o(.text.crm_pll_config) for crm_pll_config
    at32f402_405_wk_config.o(.text.wk_system_clock_config) refers to at32f402_405_crm.o(.text.crm_pllu_div_set) for crm_pllu_div_set
    at32f402_405_wk_config.o(.text.wk_system_clock_config) refers to at32f402_405_crm.o(.text.crm_ahb_div_set) for crm_ahb_div_set
    at32f402_405_wk_config.o(.text.wk_system_clock_config) refers to at32f402_405_crm.o(.text.crm_apb2_div_set) for crm_apb2_div_set
    at32f402_405_wk_config.o(.text.wk_system_clock_config) refers to at32f402_405_crm.o(.text.crm_apb1_div_set) for crm_apb1_div_set
    at32f402_405_wk_config.o(.text.wk_system_clock_config) refers to at32f402_405_crm.o(.text.crm_auto_step_mode_enable) for crm_auto_step_mode_enable
    at32f402_405_wk_config.o(.text.wk_system_clock_config) refers to at32f402_405_crm.o(.text.crm_sysclk_switch) for crm_sysclk_switch
    at32f402_405_wk_config.o(.text.wk_system_clock_config) refers to at32f402_405_crm.o(.text.crm_sysclk_switch_status_get) for crm_sysclk_switch_status_get
    at32f402_405_wk_config.o(.text.wk_system_clock_config) refers to system_at32f402_405.o(.text.system_core_clock_update) for system_core_clock_update
    at32f402_405_wk_config.o(.ARM.exidx.text.wk_system_clock_config) refers to at32f402_405_wk_config.o(.text.wk_system_clock_config) for [Anonymous Symbol]
    at32f402_405_wk_config.o(.text.wk_periph_clock_config) refers to at32f402_405_crm.o(.text.crm_periph_clock_enable) for crm_periph_clock_enable
    at32f402_405_wk_config.o(.ARM.exidx.text.wk_periph_clock_config) refers to at32f402_405_wk_config.o(.text.wk_periph_clock_config) for [Anonymous Symbol]
    at32f402_405_wk_config.o(.text.wk_nvic_config) refers to at32f402_405_misc.o(.text.nvic_priority_group_config) for nvic_priority_group_config
    at32f402_405_wk_config.o(.text.wk_nvic_config) refers to at32f402_405_wk_config.o(.text.__NVIC_GetPriorityGrouping) for __NVIC_GetPriorityGrouping
    at32f402_405_wk_config.o(.text.wk_nvic_config) refers to at32f402_405_wk_config.o(.text.NVIC_EncodePriority) for NVIC_EncodePriority
    at32f402_405_wk_config.o(.text.wk_nvic_config) refers to at32f402_405_wk_config.o(.text.__NVIC_SetPriority) for __NVIC_SetPriority
    at32f402_405_wk_config.o(.text.wk_nvic_config) refers to at32f402_405_misc.o(.text.nvic_irq_enable) for nvic_irq_enable
    at32f402_405_wk_config.o(.ARM.exidx.text.wk_nvic_config) refers to at32f402_405_wk_config.o(.text.wk_nvic_config) for [Anonymous Symbol]
[...]
    [Anonymous Symbol]                       0x08004400   Section        0  usbd_sdr.o(.text.usbd_get_status)
    [Anonymous Symbol]                       0x08004454   Section        0  usbd_int.o(.text.usbd_incomisioin_handler)
    [Anonymous Symbol]                       0x08004474   Section        0  usbd_int.o(.text.usbd_incomisoout_handler)
    [Anonymous Symbol]                       0x08004494   Section        0  usbd_int.o(.text.usbd_inept_handler)
    [Anonymous Symbol]                       0x08004588   Section        0  usb_core.o(.text.usbd_init)
    usbd_int_to_unicode                      0x08004629   Thumb Code   122  custom_hid_desc.o(.text.usbd_int_to_unicode)
    [Anonymous Symbol]                       0x08004628   Section        0  custom_hid_desc.o(.text.usbd_int_to_unicode)
    [Anonymous Symbol]                       0x080046a4   Section        0  usbd_sdr.o(.text.usbd_interface_request)
    [Anonymous Symbol]                       0x08004700   Section        0  usbd_int.o(.text.usbd_irq_handler)
    [Anonymous Symbol]                       0x08004850   Section        0  usbd_int.o(.text.usbd_outept_handler)
    [Anonymous Symbol]                       0x080049b4   Section        0  usbd_int.o(.text.usbd_reset_handler)
    [Anonymous Symbol]                       0x08004ae8   Section        0  usbd_int.o(.text.usbd_rxflvl_handler)
    usbd_set_address                         0x08004b9d   Thumb Code   142  usbd_sdr.o(.text.usbd_set_address)
    [Anonymous Symbol]                       0x08004b9c   Section        0  usbd_sdr.o(.text.usbd_set_address)
    usbd_set_configuration                   0x08004c2d   Thumb Code   296  usbd_sdr.o(.text.usbd_set_configuration)
    [Anonymous Symbol]                       0x08004c2c   Section        0  usbd_sdr.o(.text.usbd_set_configuration)
    [Anonymous Symbol]                       0x08004d54   Section        0  usbd_core.o(.text.usbd_set_device_addr)
    usbd_set_feature                         0x08004d71   Thumb Code   220  usbd_sdr.o(.text.usbd_set_feature)
    [Anonymous Symbol]                       0x08004d70   Section        0  usbd_sdr.o(.text.usbd_set_feature)
    [Anonymous Symbol]                       0x08004e4c   Section        0  usbd_core.o(.text.usbd_set_stall)
    [Anonymous Symbol]                       0x08004ea8   Section        0  usbd_sdr.o(.text.usbd_setup_request_parse)
    [Anonymous Symbol]                       0x08004eec   Section        0  usbd_int.o(.text.usbd_sof_handler)
    [Anonymous Symbol]                       0x08004f0c   Section        0  usbd_int.o(.text.usbd_suspend_handler)
    usbd_unicode_convert                     0x08004f59   Thumb Code   118  custom_hid_desc.o(.text.usbd_unicode_convert)
    [Anonymous Symbol]                       0x08004f58   Section        0  custom_hid_desc.o(.text.usbd_unicode_convert)
    [Anonymous Symbol]                       0x08004fd0   Section        0  usbd_int.o(.text.usbd_wakeup_handler)
    [Anonymous Symbol]                       0x08005018   Section        0  wk_system.o(.text.wk_delay_ms)
    [Anonymous Symbol]                       0x0800504c   Section        0  wk_gpio.o(.text.wk_gpio_config)
    [Anonymous Symbol]                       0x08005128   Section        0  at32f402_405_wk_config.o(.text.wk_nvic_config)
    [Anonymous Symbol]                       0x080051dc   Section        0  usb_app.o(.text.wk_otghs_irq_handler)
    [Anonymous Symbol]                       0x080051ec   Section        0  at32f402_405_wk_config.o(.text.wk_periph_clock_config)
    [Anonymous Symbol]                       0x0800523c   Section        0  wk_qspi.o(.text.wk_qspi1_init)
    [Anonymous Symbol]                       0x080053a4   Section        0  wk_spi.o(.text.wk_spi1_init)
    [Anonymous Symbol]                       0x0800549c   Section        0  at32f402_405_wk_config.o(.text.wk_system_clock_config)
    [Anonymous Symbol]                       0x08005584   Section        0  wk_system.o(.text.wk_timebase_get)
    [Anonymous Symbol]                       0x08005590   Section        0  wk_system.o(.text.wk_timebase_handler)
    [Anonymous Symbol]                       0x08005598   Section        0  wk_system.o(.text.wk_timebase_increase)
    [Anonymous Symbol]                       0x080055a8   Section        0  wk_system.o(.text.wk_timebase_init)
    [Anonymous Symbol]                       0x08005604   Section        0  usb_app.o(.text.wk_usb_app_init)
    [Anonymous Symbol]                       0x08005630   Section        0  usb_app.o(.text.wk_usb_app_task)
    [Anonymous Symbol]                       0x08005634   Section        0  wk_usb.o(.text.wk_usb_otghs1_init)
    $v0                                      0x08005636   Number         0  fpinit.o(x$fpl$fpinit)
    x$fpl$fpinit                             0x08005636   Section       26  fpinit.o(x$fpl$fpinit)
    crm_clocks_freq_get.ahb_apb1_div_table   0x08005650   Data           8  at32f402_405_crm.o(.rodata.crm_clocks_freq_get.ahb_apb1_div_table)
    [Anonymous Symbol]                       0x08005650   Section        0  at32f402_405_crm.o(.rodata.crm_clocks_freq_get.ahb_apb1_div_table)
    crm_clocks_freq_get.ahb_apb2_div_table   0x08005658   Data           8  at32f402_405_crm.o(.rodata.crm_clocks_freq_get.ahb_apb2_div_table)
    [Anonymous Symbol]                       0x08005658   Section        0  at32f402_405_crm.o(.rodata.crm_clocks_freq_get.ahb_apb2_div_table)
    crm_clocks_freq_get.pll_fp_table         0x08005660   Data          16  at32f402_405_crm.o(.rodata.crm_clocks_freq_get.pll_fp_table)
    [Anonymous Symbol]                       0x08005660   Section        0  at32f402_405_crm.o(.rodata.crm_clocks_freq_get.pll_fp_table)
    crm_clocks_freq_get.sclk_ahb_div_table   0x08005670   Data          16  at32f402_405_crm.o(.rodata.crm_clocks_freq_get.sclk_ahb_div_table)
    [Anonymous Symbol]                       0x08005670   Section        0  at32f402_405_crm.o(.rodata.crm_clocks_freq_get.sclk_ahb_div_table)
    .L.str.1                                 0x08005680   Data          11  custom_hid_desc.o(.rodata.str1.1)
    [Anonymous Symbol]                       0x08005680   Section        0  custom_hid_desc.o(.rodata.str1.1)
    .L.str.3                                 0x0800568b   Data          21  custom_hid_desc.o(.rodata.str1.1)
    .L.str.4                                 0x080056a0   Data          18  custom_hid_desc.o(.rodata.str1.1)
    .L.str                                   0x080056b2   Data           7  custom_hid_desc.o(.rodata.str1.1)
    system_core_clock_update.pll_fp_table    0x080056b9   Data          16  system_at32f402_405.o(.rodata.system_core_clock_update.pll_fp_table)
    [Anonymous Symbol]                       0x080056b9   Section        0  system_at32f402_405.o(.rodata.system_core_clock_update.pll_fp_table)
    system_core_clock_update.sys_ahb_div_table 0x080056c9   Data          16  system_at32f402_405.o(.rodata.system_core_clock_update.sys_ahb_div_table)
    [Anonymous Symbol]                       0x080056c9   Section        0  system_at32f402_405.o(.rodata.system_core_clock_update.sys_ahb_div_table)
    config_descriptor                        0x20000000   Data           8  custom_hid_desc.o(.data.config_descriptor)
    [Anonymous Symbol]                       0x20000000   Section        0  custom_hid_desc.o(.data.config_descriptor)
    config_descriptor_hs                     0x20000008   Data           8  custom_hid_desc.o(.data.config_descriptor_hs)
    [Anonymous Symbol]                       0x20000008   Section        0  custom_hid_desc.o(.data.config_descriptor_hs)
    config_other_speed                       0x20000010   Data           8  custom_hid_desc.o(.data.config_other_speed)
    [Anonymous Symbol]                       0x20000010   Section        0  custom_hid_desc.o(.data.config_other_speed)
    device_descriptor                        0x2000006c   Data           8  custom_hid_desc.o(.data.device_descriptor)
    [Anonymous Symbol]                       0x2000006c   Section        0  custom_hid_desc.o(.data.device_descriptor)
    device_qualifier                         0x20000074   Data           8  custom_hid_desc.o(.data.device_qualifier)
    [Anonymous Symbol]                       0x20000074   Section        0  custom_hid_desc.o(.data.device_qualifier)
    g_string_lang_id                         0x20000088   Data           4  custom_hid_desc.o(.data.g_string_lang_id)
    [Anonymous Symbol]                       0x20000088   Section        0  custom_hid_desc.o(.data.g_string_lang_id)
    g_string_serial                          0x2000008c   Data          26  custom_hid_desc.o(.data.g_string_serial)
    [Anonymous Symbol]                       0x2000008c   Section        0  custom_hid_desc.o(.data.g_string_serial)
    g_usbd_configuration                     0x200000a8   Data          41  custom_hid_desc.o(.data.g_usbd_configuration)
    [Anonymous Symbol]                       0x200000a8   Section        0  custom_hid_desc.o(.data.g_usbd_configuration)
    g_usbd_descriptor                        0x20000154   Data          18  custom_hid_desc.o(.data.g_usbd_descriptor)
    [Anonymous Symbol]                       0x20000154   Section        0  custom_hid_desc.o(.data.g_usbd_descriptor)
    g_usbd_hs_configuration                  0x20000168   Data          41  custom_hid_desc.o(.data.g_usbd_hs_configuration)
    [Anonymous Symbol]                       0x20000168   Section        0  custom_hid_desc.o(.data.g_usbd_hs_configuration)
    g_usbd_other_speed                       0x20000194   Data          41  custom_hid_desc.o(.data.g_usbd_other_speed)
    [Anonymous Symbol]                       0x20000194   Section        0  custom_hid_desc.o(.data.g_usbd_other_speed)
    g_usbd_qualifier                         0x200001c0   Data          10  custom_hid_desc.o(.data.g_usbd_qualifier)
    [Anonymous Symbol]                       0x200001c0   Section        0  custom_hid_desc.o(.data.g_usbd_qualifier)
    langid_descriptor                        0x200001cc   Data           8  custom_hid_desc.o(.data.langid_descriptor)
    [Anonymous Symbol]                       0x200001cc   Section        0  custom_hid_desc.o(.data.langid_descriptor)
    serial_descriptor                        0x200001d4   Data           8  custom_hid_desc.o(.data.serial_descriptor)
    [Anonymous Symbol]                       0x200001d4   Section        0  custom_hid_desc.o(.data.serial_descriptor)
    .bss                                     0x200001e0   Section       96  libspace.o(.bss)
    g_usbd_desc_buffer                       0x20000360   Data         256  custom_hid_desc.o(.bss.g_usbd_desc_buffer)
    [Anonymous Symbol]                       0x20000360   Section        0  custom_hid_desc.o(.bss.g_usbd_desc_buffer)
    otg_core_struct_hs                       0x20000460   Data         820  usb_app.o(.bss.otg_core_struct_hs)
    [Anonymous Symbol]                       0x20000460   Section        0  usb_app.o(.bss.otg_core_struct_hs)
    usbd_set_configuration.config_value      0x20000798   Data           1  usbd_sdr.o(.bss.usbd_set_configuration.config_value)
    [Anonymous Symbol]                       0x20000798   Section        0  usbd_sdr.o(.bss.usbd_set_configuration.config_value)
    vp_desc                                  0x2000079c   Data           8  custom_hid_desc.o(.bss.vp_desc)
    [Anonymous Symbol]                       0x2000079c   Section        0  custom_hid_desc.o(.bss.vp_desc)
    Heap_Mem                                 0x200007a8   Data         512  startup_at32f402_405.o(HEAP)
    HEAP                                     0x200007a8   Section      512  startup_at32f402_405.o(HEAP)
    Stack_Mem                                0x200009a8   Data        1024  startup_at32f402_405.o(STACK)
    STACK                                    0x200009a8   Section     1024  startup_at32f402_405.o(STACK)
    __initial_sp                             0x20000da8   Data           0  startup_at32f402_405.o(STACK)

    Global Symbols

    Symbol Name                              Value     Ov Type        Size  Object(Section)

    BuildAttributes$$THM_ISAv4$E$P$D$K$B$S$7EM$VFPi3$EXTD16$VFPS$VFMA$PE$A:L22UL41UL21$X:L11$S22US41US21$IEEE1$IW$~IW$USESV6$~STKCKD$USESV7$~SHL$OSPACE$ROPI$EBA8$UX$STANDARDLIB$REQ8$PRES8$EABIv2 0x00000000   Number         0  anon$$obj.o ABSOLUTE
    __ARM_exceptions_init                     - Undefined Weak Reference
    __alloca_initialize                       - Undefined Weak Reference
    __arm_preinit_                            - Undefined Weak Reference
    __arm_relocate_pie_                       - Undefined Weak Reference
    __cpp_initialize__aeabi_                  - Undefined Weak Reference
    __cxa_finalize                            - Undefined Weak Reference
    __rt_locale                               - Undefined Weak Reference
    __sigvec_lookup                           - Undefined Weak Reference
    _atexit_init                              - Undefined Weak Reference
    _call_atexit_fns                          - Undefined Weak Reference
    _clock_init                               - Undefined Weak Reference
    _fp_trap_init                             - Undefined Weak Reference
    _fp_trap_shutdown                         - Undefined Weak Reference
    _get_lc_collate                           - Undefined Weak Reference
    _get_lc_ctype                             - Undefined Weak Reference
    _get_lc_monetary                          - Undefined Weak Reference
    _get_lc_numeric                           - Undefined Weak Reference
    _get_lc_time                              - Undefined Weak Reference
    _getenv_init                              - Undefined Weak Reference
    _handle_redirection                       - Undefined Weak Reference
    _init_alloc                               - Undefined Weak Reference
    _init_user_alloc                          - Undefined Weak Reference
    _initio                                   - Undefined Weak Reference
    _rand_init                                - Undefined Weak Reference
    _signal_finish                            - Undefined Weak Reference
    _signal_init                              - Undefined Weak Reference
    _terminate_alloc                          - Undefined Weak Reference
    _terminate_user_alloc                     - Undefined Weak Reference
    _terminateio                              - Undefined Weak Reference
    __Vectors_Size                           0x000001e0   Number         0  startup_at32f402_405.o ABSOLUTE
    __Vectors                                0x08000000   Data           4  startup_at32f402_405.o(RESET)
    __Vectors_End                            0x080001e0   Data           0  startup_at32f402_405.o(RESET)
    __main                                   0x080001e1   Thumb Code     8  __main.o(!!!main)
    __scatterload                            0x080001e9   Thumb Code     0  __scatter.o(!!!scatter)
    __scatterload_rt2                        0x080001e9   Thumb Code    84  __scatter.o(!!!scatter)
    __scatterload_rt2_thumb_only             0x080001e9   Thumb Code     0  __scatter.o(!!!scatter)
    __scatterload_loop                       0x080001f3   Thumb Code     0  __scatter.o(!!!scatter)
    __decompress                             0x08000245   Thumb Code    90  __dczerorl2.o(!!dczerorl2)
    __decompress1                            0x08000245   Thumb Code     0  __dczerorl2.o(!!dczerorl2)
    __scatterload_null                       0x080002a1   Thumb Code     2  __scatter.o(!!handler_null)
    __scatterload_zeroinit                   0x080002a5   Thumb Code    28  __scatter_zi.o(!!handler_zi)
    __rt_lib_init                            0x080002c1   Thumb Code     0  libinit.o(.ARM.Collect$$libinit$$00000000)
    __rt_lib_init_fp_1                       0x080002c3   Thumb Code     0  libinit2.o(.ARM.Collect$$libinit$$00000001)
    __rt_lib_init_alloca_1                   0x080002c7   Thumb Code     0  libinit2.o(.ARM.Collect$$libinit$$00000030)
    __rt_lib_init_argv_1                     0x080002c7   Thumb Code     0  libinit2.o(.ARM.Collect$$libinit$$0000002E)
    __rt_lib_init_atexit_1                   0x080002c7   Thumb Code     0  libinit2.o(.ARM.Collect$$libinit$$0000001D)
    __rt_lib_init_clock_1                    0x080002c7   Thumb Code     0  libinit2.o(.ARM.Collect$$libinit$$00000023)
    __rt_lib_init_cpp_1                      0x080002c7   Thumb Code     0  libinit2.o(.ARM.Collect$$libinit$$00000034)
    __rt_lib_init_exceptions_1               0x080002c7   Thumb Code     0  libinit2.o(.ARM.Collect$$libinit$$00000032)
    __rt_lib_init_fp_trap_1                  0x080002c7   Thumb Code     0  libinit2.o(.ARM.Collect$$libinit$$00000021)
    __rt_lib_init_getenv_1                   0x080002c7   Thumb Code     0  libinit2.o(.ARM.Collect$$libinit$$00000025)
    __rt_lib_init_heap_1                     0x080002c7   Thumb Code     0  libinit2.o(.ARM.Collect$$libinit$$0000000C)
    __rt_lib_init_lc_collate_1               0x080002c7   Thumb Code     0  libinit2.o(.ARM.Collect$$libinit$$00000013)
    __rt_lib_init_lc_ctype_1                 0x080002c7   Thumb Code     0  libinit2.o(.ARM.Collect$$libinit$$00000015)
    __rt_lib_init_lc_monetary_1              0x080002c7   Thumb Code     0  libinit2.o(.ARM.Collect$$libinit$$00000017)
    __rt_lib_init_lc_numeric_1               0x080002c7   Thumb Code     0  libinit2.o(.ARM.Collect$$libinit$$00000019)
    __rt_lib_init_lc_time_1                  0x080002c7   Thumb Code     0  libinit2.o(.ARM.Collect$$libinit$$0000001B)
    __rt_lib_init_preinit_1                  0x080002c7   Thumb Code     0  libinit2.o(.ARM.Collect$$libinit$$00000006)
    __rt_lib_init_rand_1                     0x080002c7   Thumb Code     0  libinit2.o(.ARM.Collect$$libinit$$00000010)
    __rt_lib_init_relocate_pie_1             0x080002c7   Thumb Code     0  libinit2.o(.ARM.Collect$$libinit$$00000004)
    __rt_lib_init_return                     0x080002c7   Thumb Code     0  libinit2.o(.ARM.Collect$$libinit$$00000035)
    __rt_lib_init_signal_1                   0x080002c7   Thumb Code     0  libinit2.o(.ARM.Collect$$libinit$$0000001F)
    __rt_lib_init_stdio_1                    0x080002c7   Thumb Code     0  libinit2.o(.ARM.Collect$$libinit$$00000027)
    __rt_lib_init_user_alloc_1               0x080002c7   Thumb Code     0  libinit2.o(.ARM.Collect$$libinit$$0000000E)
    __rt_lib_shutdown                        0x080002c9   Thumb Code     0  libshutdown.o(.ARM.Collect$$libshutdown$$00000000)
    __rt_lib_shutdown_cpp_1                  0x080002cb   Thumb Code     0  libshutdown2.o(.ARM.Collect$$libshutdown$$00000002)
    __rt_lib_shutdown_fp_trap_1              0x080002cb   Thumb Code     0  libshutdown2.o(.ARM.Collect$$libshutdown$$00000007)
    __rt_lib_shutdown_heap_1                 0x080002cb   Thumb Code     0  libshutdown2.o(.ARM.Collect$$libshutdown$$0000000F)
    __rt_lib_shutdown_return                 0x080002cb   Thumb Code     0  libshutdown2.o(.ARM.Collect$$libshutdown$$00000010)
    __rt_lib_shutdown_signal_1               0x080002cb   Thumb Code     0  libshutdown2.o(.ARM.Collect$$libshutdown$$0000000A)
    __rt_lib_shutdown_stdio_1                0x080002cb   Thumb Code     0  libshutdown2.o(.ARM.Collect$$libshutdown$$00000004)
    __rt_lib_shutdown_user_alloc_1           0x080002cb   Thumb Code     0  libshutdown2.o(.ARM.Collect$$libshutdown$$0000000C)
    __rt_entry                               0x080002cd   Thumb Code     0  __rtentry.o(.ARM.Collect$$rtentry$$00000000)
    __rt_entry_presh_1                       0x080002cd   Thumb Code     0  __rtentry2.o(.ARM.Collect$$rtentry$$00000002)
    __rt_entry_sh                            0x080002cd   Thumb Code     0  __rtentry4.o(.ARM.Collect$$rtentry$$00000004)
    __rt_entry_li                            0x080002d3   Thumb Code     0  __rtentry2.o(.ARM.Collect$$rtentry$$0000000A)
    __rt_entry_postsh_1                      0x080002d3   Thumb Code     0  __rtentry2.o(.ARM.Collect$$rtentry$$00000009)
    __rt_entry_main                          0x080002d7   Thumb Code     0  __rtentry2.o(.ARM.Collect$$rtentry$$0000000D)
    __rt_entry_postli_1                      0x080002d7   Thumb Code     0  __rtentry2.o(.ARM.Collect$$rtentry$$0000000C)
    __rt_exit                                0x080002df   Thumb Code     0  rtexit.o(.ARM.Collect$$rtexit$$00000000)
    __rt_exit_ls                             0x080002e1   Thumb Code     0  rtexit2.o(.ARM.Collect$$rtexit$$00000003)
    __rt_exit_prels_1                        0x080002e1   Thumb Code     0  rtexit2.o(.ARM.Collect$$rtexit$$00000002)
    __rt_exit_exit                           0x080002e5   Thumb Code     0  rtexit2.o(.ARM.Collect$$rtexit$$00000004)
    Reset_Handler                            0x080002ed   Thumb Code     8  startup_at32f402_405.o(.text)
    ACC_IRQHandler                           0x08000307   Thumb Code     0  startup_at32f402_405.o(.text)
    ADC1_IRQHandler                          0x08000307   Thumb Code     0  startup_at32f402_405.o(.text)
    CAN1_RX0_IRQHandler                      0x08000307   Thumb Code     0  startup_at32f402_405.o(.text)
    CAN1_RX1_IRQHandler                      0x08000307   Thumb Code     0  startup_at32f402_405.o(.text)
    CAN1_SE_IRQHandler                       0x08000307   Thumb Code     0  startup_at32f402_405.o(.text)
    CAN1_TX_IRQHandler                       0x08000307   Thumb Code     0  startup_at32f402_405.o(.text)
    CRM_IRQHandler                           0x08000307   Thumb Code     0  startup_at32f402_405.o(.text)
    DMA1_Channel1_IRQHandler                 0x08000307   Thumb Code     0  startup_at32f402_405.o(.text)
    DMA1_Channel2_IRQHandler                 0x08000307   Thumb Code     0  startup_at32f402_405.o(.text)
    DMA1_Channel3_IRQHandler                 0x08000307   Thumb Code     0  startup_at32f402_405.o(.text)
    DMA1_Channel4_IRQHandler                 0x08000307   Thumb Code     0  startup_at32f402_405.o(.text)
    DMA1_Channel5_IRQHandler                 0x08000307   Thumb Code     0  startup_at32f402_405.o(.text)
    DMA1_Channel6_IRQHandler                 0x08000307   Thumb Code     0  startup_at32f402_405.o(.text)
    DMA1_Channel7_IRQHandler                 0x08000307   Thumb Code     0  startup_at32f402_405.o(.text)
    DMA2_Channel1_IRQHandler                 0x08000307   Thumb Code     0  startup_at32f402_405.o(.text)
    DMA2_Channel2_IRQHandler                 0x08000307   Thumb Code     0  startup_at32f402_405.o(.text)
    DMA2_Channel3_IRQHandler                 0x08000307   Thumb Code     0  startup_at32f402_405.o(.text)
    DMA2_Channel4_IRQHandler                 0x08000307   Thumb Code     0  startup_at32f402_405.o(.text)
    DMA2_Channel5_IRQHandler                 0x08000307   Thumb Code     0  startup_at32f402_405.o(.text)
    DMA2_Channel6_IRQHandler                 0x08000307   Thumb Code     0  startup_at32f402_405.o(.text)
    DMA2_Channel7_IRQHandler                 0x08000307   Thumb Code     0  startup_at32f402_405.o(.text)
    DMAMUX_IRQHandler                        0x08000307   Thumb Code     0  startup_at32f402_405.o(.text)
    ERTCAlarm_IRQHandler                     0x08000307   Thumb Code     0  startup_at32f402_405.o(.text)
    ERTC_WKUP_IRQHandler                     0x08000307   Thumb Code     0  startup_at32f402_405.o(.text)
    EXINT0_IRQHandler                        0x08000307   Thumb Code     0  startup_at32f402_405.o(.text)
    EXINT15_10_IRQHandler                    0x08000307   Thumb Code     0  startup_at32f402_405.o(.text)
    EXINT1_IRQHandler                        0x08000307   Thumb Code     0  startup_at32f402_405.o(.text)
    EXINT2_IRQHandler                        0x08000307   Thumb Code     0  startup_at32f402_405.o(.text)
    EXINT3_IRQHandler                        0x08000307   Thumb Code     0  startup_at32f402_405.o(.text)
    EXINT4_IRQHandler                        0x08000307   Thumb Code     0  startup_at32f402_405.o(.text)
    EXINT9_5_IRQHandler                      0x08000307   Thumb Code     0  startup_at32f402_405.o(.text)
    FLASH_IRQHandler                         0x08000307   Thumb Code     0  startup_at32f402_405.o(.text)
    FPU_IRQHandler                           0x08000307   Thumb Code     0  startup_at32f402_405.o(.text)
    I2C1_ERR_IRQHandler                      0x08000307   Thumb Code     0  startup_at32f402_405.o(.text)
    I2C1_EVT_IRQHandler                      0x08000307   Thumb Code     0  startup_at32f402_405.o(.text)
    I2C2_ERR_IRQHandler                      0x08000307   Thumb Code     0  startup_at32f402_405.o(.text)
    I2C2_EVT_IRQHandler                      0x08000307   Thumb Code     0  startup_at32f402_405.o(.text)
    I2C3_ERR_IRQHandler                      0x08000307   Thumb Code     0  startup_at32f402_405.o(.text)
    I2C3_EVT_IRQHandler                      0x08000307   Thumb Code     0  startup_at32f402_405.o(.text)
    I2SF5_IRQHandler                         0x08000307   Thumb Code     0  startup_at32f402_405.o(.text)
    OTGFS1_IRQHandler                        0x08000307   Thumb Code     0  startup_at32f402_405.o(.text)
    OTGFS1_WKUP_IRQHandler                   0x08000307   Thumb Code     0  startup_at32f402_405.o(.text)
    OTGHS_EP1_IN_IRQHandler                  0x08000307   Thumb Code     0  startup_at32f402_405.o(.text)
    OTGHS_EP1_OUT_IRQHandler                 0x08000307   Thumb Code     0  startup_at32f402_405.o(.text)
    OTGHS_WKUP_IRQHandler                    0x08000307   Thumb Code     0  startup_at32f402_405.o(.text)
    PVM_IRQHandler                           0x08000307   Thumb Code     0  startup_at32f402_405.o(.text)
    QSPI1_IRQHandler                         0x08000307   Thumb Code     0  startup_at32f402_405.o(.text)
    SPI1_IRQHandler                          0x08000307   Thumb Code     0  startup_at32f402_405.o(.text)
    SPI2_IRQHandler                          0x08000307   Thumb Code     0  startup_at32f402_405.o(.text)
    SPI3_IRQHandler                          0x08000307   Thumb Code     0  startup_at32f402_405.o(.text)
    TAMP_STAMP_IRQHandler                    0x08000307   Thumb Code     0  startup_at32f402_405.o(.text)
    TMR13_GLOBAL_IRQHandler                  0x08000307   Thumb Code     0  startup_at32f402_405.o(.text)
    TMR14_GLOBAL_IRQHandler                  0x08000307   Thumb Code     0  startup_at32f402_405.o(.text)
    TMR1_BRK_TMR9_IRQHandler                 0x08000307   Thumb Code     0  startup_at32f402_405.o(.text)
    TMR1_CH_IRQHandler                       0x08000307   Thumb Code     0  startup_at32f402_405.o(.text)
    TMR1_OVF_TMR10_IRQHandler                0x08000307   Thumb Code     0  startup_at32f402_405.o(.text)
    TMR1_TRG_HALL_TMR11_IRQHandler           0x08000307   Thumb Code     0  startup_at32f402_405.o(.text)
    TMR2_GLOBAL_IRQHandler                   0x08000307   Thumb Code     0  startup_at32f402_405.o(.text)
    TMR3_GLOBAL_IRQHandler                   0x08000307   Thumb Code     0  startup_at32f402_405.o(.text)
    TMR4_GLOBAL_IRQHandler                   0x08000307   Thumb Code     0  startup_at32f402_405.o(.text)
    TMR6_GLOBAL_IRQHandler                   0x08000307   Thumb Code     0  startup_at32f402_405.o(.text)
    TMR7_GLOBAL_IRQHandler                   0x08000307   Thumb Code     0  startup_at32f402_405.o(.text)
    UART7_IRQHandler                         0x08000307   Thumb Code     0  startup_at32f402_405.o(.text)
    UART8_IRQHandler                         0x08000307   Thumb Code     0  startup_at32f402_405.o(.text)
    USART1_IRQHandler                        0x08000307   Thumb Code     0  startup_at32f402_405.o(.text)
    USART2_IRQHandler                        0x08000307   Thumb Code     0  startup_at32f402_405.o(.text)
    USART3_IRQHandler                        0x08000307   Thumb Code     0  startup_at32f402_405.o(.text)
    USART4_IRQHandler                        0x08000307   Thumb Code     0  startup_at32f402_405.o(.text)
    USART5_IRQHandler                        0x08000307   Thumb Code     0  startup_at32f402_405.o(.text)
    USART6_IRQHandler                        0x08000307   Thumb Code     0  startup_at32f402_405.o(.text)
    WWDT_IRQHandler                          0x08000307   Thumb Code     0  startup_at32f402_405.o(.text)
    __user_initial_stackheap                 0x08000309   Thumb Code     0  startup_at32f402_405.o(.text)
    __aeabi_uldivmod                         0x0800032d   Thumb Code     0  lludivv7m.o(.text)
    _ll_udiv                                 0x0800032d   Thumb Code   240  lludivv7m.o(.text)
    __use_two_region_memory                  0x0800041d   Thumb Code     2  heapauxi.o(.text)
    __rt_heap_escrow$2region                 0x0800041f   Thumb Code     2  heapauxi.o(.text)
    __rt_heap_expand$2region                 0x08000421   Thumb Code     2  heapauxi.o(.text)
    __user_setup_stackheap                   0x08000423   Thumb Code    74  sys_stackheap_outer.o(.text)
    exit                                     0x0800046d   Thumb Code    18  exit.o(.text)
    __user_libspace                          0x08000481   Thumb Code     8  libspace.o(.text)
    __user_perproc_libspace                  0x08000481   Thumb Code     0  libspace.o(.text)
    __user_perthread_libspace                0x08000481   Thumb Code     0  libspace.o(.text)
    _sys_exit                                0x08000489   Thumb Code     8  sys_exit.o(.text)
    __I$use$semihosting                      0x08000495   Thumb Code     0  use_no_semi.o(.text)
    __use_no_semihosting_swi                 0x08000495   Thumb Code     2  use_no_semi.o(.text)
    __semihosting_library_function           0x08000497   Thumb Code     0  indicate_semi.o(.text)
    BusFault_Handler                         0x08000499   Thumb Code     4  at32f402_405_int.o(.text.BusFault_Handler)
    DebugMon_Handler                         0x0800049d   Thumb Code     2  at32f402_405_int.o(.text.DebugMon_Handler)
    HardFault_Handler                        0x080004a1   Thumb Code     4  at32f402_405_int.o(.text.HardFault_Handler)
    LCD_Clear                                0x080004a5   Thumb Code   106  lcd_spi.o(.text.LCD_Clear)
    LCD_ReadScanLine                         0x08000511   Thumb Code   420  lcd_spi.o(.text.LCD_ReadScanLine)
    LCD_SetAddress                           0x080006b5   Thumb Code   118  lcd_spi.o(.text.LCD_SetAddress)
    LCD_SetBackColor                         0x0800072d   Thumb Code    82  lcd_spi.o(.text.LCD_SetBackColor)
    LCD_SetColor                             0x08000781   Thumb Code    82  lcd_spi.o(.text.LCD_SetColor)
    LCD_SetDirection                         0x080007d5   Thumb Code   230  lcd_spi.o(.text.LCD_SetDirection)
    LCD_WriteCommand                         0x080008bd   Thumb Code   196  lcd_spi.o(.text.LCD_WriteCommand)
    LCD_WriteData_16bit                      0x08000981   Thumb Code    40  lcd_spi.o(.text.LCD_WriteData_16bit)
    LCD_WriteData_8bit                       0x080009a9   Thumb Code    28  lcd_spi.o(.text.LCD_WriteData_8bit)
    MemManage_Handler                        0x080009c5   Thumb Code     4  at32f402_405_int.o(.text.MemManage_Handler)
    NMI_Handler                              0x080009c9   Thumb Code     2  at32f402_405_int.o(.text.NMI_Handler)
    OTGHS_IRQHandler                         0x08000aa5   Thumb Code     8  at32f402_405_int.o(.text.OTGHS_IRQHandler)
    PendSV_Handler                           0x08000aad   Thumb Code     2  at32f402_405_int.o(.text.PendSV_Handler)
    SPI_LCD_Init                             0x08000ab1   Thumb Code   944  lcd_spi.o(.text.SPI_LCD_Init)
    SVC_Handler                              0x08000e61   Thumb Code     2  at32f402_405_int.o(.text.SVC_Handler)
    SysTick_Handler                          0x08000e65   Thumb Code     8  at32f402_405_int.o(.text.SysTick_Handler)
    SystemInit                               0x08000e6d   Thumb Code   210  system_at32f402_405.o(.text.SystemInit)
    UsageFault_Handler                       0x08000f41   Thumb Code     4  at32f402_405_int.o(.text.UsageFault_Handler)
    at_spi_switch_to_16bit                   0x08001059   Thumb Code    40  lcd_spi.o(.text.at_spi_switch_to_16bit)
    at_spi_switch_to_8bit                    0x08001081   Thumb Code    40  lcd_spi.o(.text.at_spi_switch_to_8bit)
    at_spi_transmit                          0x080010a9   Thumb Code    40  lcd_spi.o(.text.at_spi_transmit)
    at_spi_transmit_16bit                    0x080010d1   Thumb Code    40  lcd_spi.o(.text.at_spi_transmit_16bit)
    crm_ahb_div_set                          0x08001439   Thumb Code    52  at32f402_405_crm.o(.text.crm_ahb_div_set)
    crm_apb1_div_set                         0x0800146d   Thumb Code    38  at32f402_405_crm.o(.text.crm_apb1_div_set)
    crm_apb2_div_set                         0x08001495   Thumb Code    38  at32f402_405_crm.o(.text.crm_apb2_div_set)
    crm_auto_step_mode_enable                0x080014bd   Thumb Code    56  at32f402_405_crm.o(.text.crm_auto_step_mode_enable)
    crm_clock_source_enable                  0x080014f5   Thumb Code   166  at32f402_405_crm.o(.text.crm_clock_source_enable)
    crm_clocks_freq_get                      0x0800159d   Thumb Code   422  at32f402_405_crm.o(.text.crm_clocks_freq_get)
    crm_flag_get                             0x08001745   Thumb Code    62  at32f402_405_crm.o(.text.crm_flag_get)
    crm_hext_stable_wait                     0x08001785   Thumb Code   100  at32f402_405_crm.o(.text.crm_hext_stable_wait)
    crm_hick_divider_select                  0x080017e9   Thumb Code   194  at32f402_405_crm.o(.text.crm_hick_divider_select)
    crm_hick_sclk_div_set                    0x080018ad   Thumb Code    38  at32f402_405_crm.o(.text.crm_hick_sclk_div_set)
    crm_periph_clock_enable                  0x080018d5   Thumb Code    82  at32f402_405_crm.o(.text.crm_periph_clock_enable)
    crm_pll_config                           0x08001929   Thumb Code   122  at32f402_405_crm.o(.text.crm_pll_config)
    crm_pllu_div_set                         0x080019a5   Thumb Code    38  at32f402_405_crm.o(.text.crm_pllu_div_set)
    crm_reset                                0x080019cd   Thumb Code   180  at32f402_405_crm.o(.text.crm_reset)
    crm_sysclk_switch                        0x08001a81   Thumb Code    44  at32f402_405_crm.o(.text.crm_sysclk_switch)
    crm_sysclk_switch_status_get             0x08001aad   Thumb Code    16  at32f402_405_crm.o(.text.crm_sysclk_switch_status_get)
    custom_hid_class_send_report             0x08001abd   Thumb Code    90  custom_hid_class.o(.text.custom_hid_class_send_report)
    gpio_bits_reset                          0x08001c8d   Thumb Code    20  at32f402_405_gpio.o(.text.gpio_bits_reset)
    gpio_bits_set                            0x08001ca1   Thumb Code    20  at32f402_405_gpio.o(.text.gpio_bits_set)
    gpio_default_para_init                   0x08001cb5   Thumb Code    36  at32f402_405_gpio.o(.text.gpio_default_para_init)
    gpio_init                                0x08001cd9   Thumb Code   232  at32f402_405_gpio.o(.text.gpio_init)
    gpio_pin_mux_config                      0x08001dc1   Thumb Code   136  at32f402_405_gpio.o(.text.gpio_pin_mux_config)
    main                                     0x08001e49   Thumb Code   122  main.o(.text.main)
    nvic_irq_enable                          0x08001ec5   Thumb Code    52  at32f402_405_misc.o(.text.nvic_irq_enable)
    nvic_priority_group_config               0x08001ef9   Thumb Code    20  at32f402_405_misc.o(.text.nvic_priority_group_config)
    qspi_auto_ispc_enable                    0x08001f0d   Thumb Code    18  at32f402_405_qspi.o(.text.qspi_auto_ispc_enable)
    qspi_busy_config                         0x08001f21   Thumb Code    34  at32f402_405_qspi.o(.text.qspi_busy_config)
    qspi_clk_division_set                    0x08001f45   Thumb Code    26  at32f402_405_qspi.o(.text.qspi_clk_division_set)
    qspi_dma_rx_threshold_set                0x08001f61   Thumb Code    34  at32f402_405_qspi.o(.text.qspi_dma_rx_threshold_set)
    qspi_dma_tx_threshold_set                0x08001f85   Thumb Code    34  at32f402_405_qspi.o(.text.qspi_dma_tx_threshold_set)
    qspi_sck_mode_set                        0x08001fa9   Thumb Code    34  at32f402_405_qspi.o(.text.qspi_sck_mode_set)
    qspi_xip_enable                          0x08001fcd   Thumb Code   196  at32f402_405_qspi.o(.text.qspi_xip_enable)
    spi_default_para_init                    0x08002091   Thumb Code    44  at32f402_405_spi.o(.text.spi_default_para_init)
    spi_enable                               0x080020bd   Thumb Code    34  at32f402_405_spi.o(.text.spi_enable)
    spi_hardware_cs_output_enable            0x080020e1   Thumb Code    34  at32f402_405_spi.o(.text.spi_hardware_cs_output_enable)
    spi_i2s_data_transmit                    0x08002105   Thumb Code    20  at32f402_405_spi.o(.text.spi_i2s_data_transmit)
    spi_init                                 0x08002119   Thumb Code   502  at32f402_405_spi.o(.text.spi_init)
    system_core_clock_update                 0x08002311   Thumb Code   396  system_at32f402_405.o(.text.system_core_clock_update)
    systick_clock_source_config              0x0800249d   Thumb Code    56  at32f402_405_misc.o(.text.systick_clock_source_config)
    usb_connect                              0x080024d5   Thumb Code    22  at32f402_405_usb.o(.text.usb_connect)
    usb_core_config                          0x080024ed   Thumb Code   108  usb_core.o(.text.usb_core_config)
    usb_delay_ms                             0x08002559   Thumb Code    16  usb_app.o(.text.usb_delay_ms)
    usb_disconnect                           0x08002569   Thumb Code    22  at32f402_405_usb.o(.text.usb_disconnect)
    usb_ept0_setup                           0x08002581   Thumb Code    38  at32f402_405_usb.o(.text.usb_ept0_setup)
    usb_ept0_start                           0x080025a9   Thumb Code    74  at32f402_405_usb.o(.text.usb_ept0_start)
    usb_ept_clear_stall                      0x080025f5   Thumb Code   154  at32f402_405_usb.o(.text.usb_ept_clear_stall)
    usb_ept_close                            0x08002691   Thumb Code   248  at32f402_405_usb.o(.text.usb_ept_close)
    usb_ept_default_init                     0x08002789   Thumb Code   242  usbd_core.o(.text.usb_ept_default_init)
    usb_ept_in_clear                         0x0800287d   Thumb Code    26  at32f402_405_usb.o(.text.usb_ept_in_clear)
    usb_ept_in_interrupt                     0x08002899   Thumb Code    64  at32f402_405_usb.o(.text.usb_ept_in_interrupt)
    usb_ept_open                             0x080028d9   Thumb Code   504  at32f402_405_usb.o(.text.usb_ept_open)
    usb_ept_out_clear                        0x08002ad1   Thumb Code    26  at32f402_405_usb.o(.text.usb_ept_out_clear)
    usb_ept_out_interrupt                    0x08002aed   Thumb Code    34  at32f402_405_usb.o(.text.usb_ept_out_interrupt)
    usb_ept_stall                            0x08002b11   Thumb Code   162  at32f402_405_usb.o(.text.usb_ept_stall)
    usb_flush_rx_fifo                        0x08002bb5   Thumb Code    60  at32f402_405_usb.o(.text.usb_flush_rx_fifo)
    usb_flush_tx_fifo                        0x08002bf1   Thumb Code    82  at32f402_405_usb.o(.text.usb_flush_tx_fifo)
    usb_get_all_in_interrupt                 0x08002c45   Thumb Code    28  at32f402_405_usb.o(.text.usb_get_all_in_interrupt)
    usb_get_all_out_interrupt                0x08002c61   Thumb Code    28  at32f402_405_usb.o(.text.usb_get_all_out_interrupt)
    usb_global_clear_interrupt               0x08002c7d   Thumb Code    16  at32f402_405_usb.o(.text.usb_global_clear_interrupt)
    usb_global_get_all_interrupt             0x08002c8d   Thumb Code    22  at32f402_405_usb.o(.text.usb_global_get_all_interrupt)
    usb_global_init                          0x08002ca5   Thumb Code    46  at32f402_405_usb.o(.text.usb_global_init)
    usb_global_interrupt_enable              0x08002cd5   Thumb Code    54  at32f402_405_usb.o(.text.usb_global_interrupt_enable)
    usb_global_reset                         0x08002d0d   Thumb Code   104  at32f402_405_usb.o(.text.usb_global_reset)
    usb_global_select_core                   0x08002d75   Thumb Code    40  at32f402_405_usb.o(.text.usb_global_select_core)
    usb_global_set_mode                      0x08002d9d   Thumb Code    98  at32f402_405_usb.o(.text.usb_global_set_mode)
    usb_interrupt_disable                    0x08002ea9   Thumb Code    18  at32f402_405_usb.o(.text.usb_interrupt_disable)
    usb_interrupt_enable                     0x08002ebd   Thumb Code    18  at32f402_405_usb.o(.text.usb_interrupt_enable)
    usb_open_phy_clk                         0x08002ed1   Thumb Code    22  at32f402_405_usb.o(.text.usb_open_phy_clk)
    usb_read_packet                          0x08002ee9   Thumb Code    76  at32f402_405_usb.o(.text.usb_read_packet)
    usb_set_address                          0x08002f35   Thumb Code    38  at32f402_405_usb.o(.text.usb_set_address)
    usb_set_rx_fifo                          0x08002f5d   Thumb Code    20  at32f402_405_usb.o(.text.usb_set_rx_fifo)
    usb_set_tx_fifo                          0x08002f71   Thumb Code   152  at32f402_405_usb.o(.text.usb_set_tx_fifo)
    usb_stop_phy_clk                         0x08003009   Thumb Code    22  at32f402_405_usb.o(.text.usb_stop_phy_clk)
    usb_suspend_status_get                   0x08003021   Thumb Code    18  at32f402_405_usb.o(.text.usb_suspend_status_get)
    usb_write_empty_txfifo                   0x08003035   Thumb Code   246  usbd_int.o(.text.usb_write_empty_txfifo)
    usb_write_packet                         0x0800312d   Thumb Code    84  at32f402_405_usb.o(.text.usb_write_packet)
    usbd_clear_stall                         0x080031e9   Thumb Code    92  usbd_core.o(.text.usbd_clear_stall)
    usbd_connect                             0x08003245   Thumb Code    18  usbd_core.o(.text.usbd_connect)
    usbd_connect_state_get                   0x08003259   Thumb Code    14  usbd_core.o(.text.usbd_connect_state_get)
    usbd_core_in_handler                     0x08003269   Thumb Code   338  usbd_core.o(.text.usbd_core_in_handler)
    usbd_core_init                           0x080033bd   Thumb Code   636  usbd_core.o(.text.usbd_core_init)
    usbd_core_out_handler                    0x08003639   Thumb Code   210  usbd_core.o(.text.usbd_core_out_handler)
    usbd_core_setup_handler                  0x0800370d   Thumb Code   112  usbd_core.o(.text.usbd_core_setup_handler)
    usbd_ctrl_recv                           0x0800377d   Thumb Code    62  usbd_core.o(.text.usbd_ctrl_recv)
    usbd_ctrl_recv_status                    0x080037bd   Thumb Code    30  usbd_core.o(.text.usbd_ctrl_recv_status)
    usbd_ctrl_send                           0x080037dd   Thumb Code    60  usbd_core.o(.text.usbd_ctrl_send)
    usbd_ctrl_send_status                    0x08003819   Thumb Code    30  usbd_core.o(.text.usbd_ctrl_send_status)
    usbd_ctrl_unsupport                      0x08003839   Thumb Code    26  usbd_core.o(.text.usbd_ctrl_unsupport)
    usbd_device_request                      0x08003855   Thumb Code   166  usbd_sdr.o(.text.usbd_device_request)
    usbd_disconnect                          0x080038fd   Thumb Code    18  usbd_core.o(.text.usbd_disconnect)
    usbd_endpoint_request                    0x08003911   Thumb Code   602  usbd_sdr.o(.text.usbd_endpoint_request)
    usbd_enter_suspend                       0x08003b6d   Thumb Code    34  usbd_core.o(.text.usbd_enter_suspend)
    usbd_enumdone_handler                    0x08003b91   Thumb Code   154  usbd_int.o(.text.usbd_enumdone_handler)
    usbd_ept_close                           0x08003c2d   Thumb Code    82  usbd_core.o(.text.usbd_ept_close)
    usbd_ept_in_check_fifo                   0x08003c81   Thumb Code   218  usbd_core.o(.text.usbd_ept_in_check_fifo)
    usbd_ept_open                            0x08003d5d   Thumb Code   122  usbd_core.o(.text.usbd_ept_open)
    usbd_ept_recv                            0x08003dd9   Thumb Code   290  usbd_core.o(.text.usbd_ept_recv)
    usbd_ept_send                            0x08003efd   Thumb Code   398  usbd_core.o(.text.usbd_ept_send)
    usbd_fifo_alloc                          0x0800408d   Thumb Code   228  usbd_core.o(.text.usbd_fifo_alloc)
    usbd_flush_tx_fifo                       0x08004171   Thumb Code    30  usbd_core.o(.text.usbd_flush_tx_fifo)
    usbd_get_recv_len                        0x080043d9   Thumb Code    38  usbd_core.o(.text.usbd_get_recv_len)
    usbd_incomisioin_handler                 0x08004455   Thumb Code    32  usbd_int.o(.text.usbd_incomisioin_handler)
    usbd_incomisoout_handler                 0x08004475   Thumb Code    32  usbd_int.o(.text.usbd_incomisoout_handler)
    usbd_inept_handler                       0x08004495   Thumb Code   244  usbd_int.o(.text.usbd_inept_handler)
    usbd_init                                0x08004589   Thumb Code   158  usb_core.o(.text.usbd_init)
    usbd_interface_request                   0x080046a5   Thumb Code    92  usbd_sdr.o(.text.usbd_interface_request)
    usbd_irq_handler                         0x08004701   Thumb Code   336  usbd_int.o(.text.usbd_irq_handler)
    usbd_outept_handler                      0x08004851   Thumb Code   354  usbd_int.o(.text.usbd_outept_handler)
    usbd_reset_handler                       0x080049b5   Thumb Code   306  usbd_int.o(.text.usbd_reset_handler)
    usbd_rxflvl_handler                      0x08004ae9   Thumb Code   180  usbd_int.o(.text.usbd_rxflvl_handler)
    usbd_set_device_addr                     0x08004d55   Thumb Code    26  usbd_core.o(.text.usbd_set_device_addr)
    usbd_set_stall                           0x08004e4d   Thumb Code    92  usbd_core.o(.text.usbd_set_stall)
    usbd_setup_request_parse                 0x08004ea9   Thumb Code    68  usbd_sdr.o(.text.usbd_setup_request_parse)
    usbd_sof_handler                         0x08004eed   Thumb Code    30  usbd_int.o(.text.usbd_sof_handler)
    usbd_suspend_handler                     0x08004f0d   Thumb Code    76  usbd_int.o(.text.usbd_suspend_handler)
    usbd_wakeup_handler                      0x08004fd1   Thumb Code    70  usbd_int.o(.text.usbd_wakeup_handler)
    wk_delay_ms                              0x08005019   Thumb Code    52  wk_system.o(.text.wk_delay_ms)
    wk_gpio_config                           0x0800504d   Thumb Code   220  wk_gpio.o(.text.wk_gpio_config)
    wk_nvic_config                           0x08005129   Thumb Code   180  at32f402_405_wk_config.o(.text.wk_nvic_config)
    wk_otghs_irq_handler                     0x080051dd   Thumb Code    16  usb_app.o(.text.wk_otghs_irq_handler)
    wk_periph_clock_config                   0x080051ed   Thumb Code    80  at32f402_405_wk_config.o(.text.wk_periph_clock_config)
    wk_qspi1_init                            0x0800523d   Thumb Code   358  wk_qspi.o(.text.wk_qspi1_init)
    wk_spi1_init                             0x080053a5   Thumb Code   248  wk_spi.o(.text.wk_spi1_init)
    wk_system_clock_config                   0x0800549d   Thumb Code   230  at32f402_405_wk_config.o(.text.wk_system_clock_config)
    wk_timebase_get                          0x08005585   Thumb Code    12  wk_system.o(.text.wk_timebase_get)
    wk_timebase_handler                      0x08005591   Thumb Code     8  wk_system.o(.text.wk_timebase_handler)
    wk_timebase_increase                     0x08005599   Thumb Code    16  wk_system.o(.text.wk_timebase_increase)
    wk_timebase_init                         0x080055a9   Thumb Code    92  wk_system.o(.text.wk_timebase_init)
    wk_usb_app_init                          0x08005605   Thumb Code    44  usb_app.o(.text.wk_usb_app_init)
    wk_usb_app_task                          0x08005631   Thumb Code     2  usb_app.o(.text.wk_usb_app_task)
    wk_usb_otghs1_init                       0x08005635   Thumb Code     2  wk_usb.o(.text.wk_usb_otghs1_init)
    _fp_init                                 0x08005637   Thumb Code    26  fpinit.o(x$fpl$fpinit)
    __fplib_config_fpu_vfp                   0x0800564f   Thumb Code     0  fpinit.o(x$fpl$fpinit)
    __fplib_config_pureend_doubles           0x0800564f   Thumb Code     0  fpinit.o(x$fpl$fpinit)
    Region$$Table$$Base                      0x080056dc   Number         0  anon$$obj.o(Region$$Table)
    Region$$Table$$Limit                     0x080056fc   Number         0  anon$$obj.o(Region$$Table)
    custom_hid_class_handler                 0x20000018   Data          40  custom_hid_class.o(.data.custom_hid_class_handler)
    custom_hid_desc_handler                  0x20000040   Data          44  custom_hid_desc.o(.data.custom_hid_desc_handler)
    g_custom_hid_usb_desc                    0x2000007c   Data           9  custom_hid_desc.o(.data.g_custom_hid_usb_desc)
    g_usbd_custom_hid_report                 0x200000d4   Data         126  custom_hid_desc.o(.data.g_usbd_custom_hid_report)
    system_core_clock                        0x200001dc   Data           4  system_at32f402_405.o(.data.system_core_clock)
    __libspace_start                         0x200001e0   Data          96  libspace.o(.bss)
    LCD                                      0x20000240   Data          16  lcd_spi.o(.bss.LCD)
    __temporary_stack_top$libspace           0x20000240   Data           0  libspace.o(.bss)
    custom_hid_struct                        0x20000250   Data         272  custom_hid_class.o(.bss.custom_hid_struct)
    timebase_ticks                           0x20000794   Data           4  wk_system.o(.bss.timebase_ticks)



==============================================================================

Memory Map of the image

  Image Entry point : 0x080001e1

  Load Region LR_IROM1 (Base: 0x08000000, Size: 0x000058e0, Max: 0x00040000, ABSOLUTE, COMPRESSED[0x00005818])

    Execution Region ER_IROM1 (Exec base: 0x08000000, Load base: 0x08000000, Size: 0x000056fc, Max: 0x00040000, ABSOLUTE)

    Exec Addr    Load Addr    Size         Type   Attr      Idx    E Section Name        Object

    0x08000000   0x08000000   0x000001e0   Data   RO          670    RESET               startup_at32f402_405.o
    0x080001e0   0x080001e0   0x00000008   Code   RO          991  * !!!main             c_w.l(__main.o)
    0x080001e8   0x080001e8   0x0000005c   Code   RO         1168    !!!scatter          c_w.l(__scatter.o)
    0x08000244   0x08000244   0x0000005a   Code   RO         1166    !!dczerorl2         c_w.l(__dczerorl2.o)
    0x0800029e   0x0800029e   0x00000002   PAD
    0x080002a0   0x080002a0   0x00000002   Code   RO         1169    !!handler_null      c_w.l(__scatter.o)
    0x080002a2   0x080002a2   0x00000002   PAD
    0x080002a4   0x080002a4   0x0000001c   Code   RO         1172    !!handler_zi        c_w.l(__scatter_zi.o)
    0x080002c0   0x080002c0   0x00000002   Code   RO         1028    .ARM.Collect$$libinit$$00000000  c_w.l(libinit.o)
    0x080002c2   0x080002c2   0x00000004   Code   RO         1040    .ARM.Collect$$libinit$$00000001  c_w.l(libinit2.o)
    0x080002c6   0x080002c6   0x00000000   Code   RO         1043    .ARM.Collect$$libinit$$00000004  c_w.l(libinit2.o)
    0x080002c6   0x080002c6   0x00000000   Code   RO         1045    .ARM.Collect$$libinit$$00000006  c_w.l(libinit2.o)
    0x080002c6   0x080002c6   0x00000000   Code   RO         1048    .ARM.Collect$$libinit$$0000000C  c_w.l(libinit2.o)
    0x080002c6   0x080002c6   0x00000000   Code   RO         1050    .ARM.Collect$$libinit$$0000000E  c_w.l(libinit2.o)
    0x080002c6   0x080002c6   0x00000000   Code   RO         1052    .ARM.Collect$$libinit$$00000010  c_w.l(libinit2.o)
    0x080002c6   0x080002c6   0x00000000   Code   RO         1055    .ARM.Collect$$libinit$$00000013  c_w.l(libinit2.o)
    0x080002c6   0x080002c6   0x00000000   Code   RO         1057    .ARM.Collect$$libinit$$00000015  c_w.l(libinit2.o)
    0x080002c6   0x080002c6   0x00000000   Code   RO         1059    .ARM.Collect$$libinit$$00000017  c_w.l(libinit2.o)
    0x080002c6   0x080002c6   0x00000000   Code   RO         1061    .ARM.Collect$$libinit$$00000019  c_w.l(libinit2.o)
    0x080002c6   0x080002c6   0x00000000   Code   RO         1063    .ARM.Collect$$libinit$$0000001B  c_w.l(libinit2.o)
    0x080002c6   0x080002c6   0x00000000   Code   RO         1065    .ARM.Collect$$libinit$$0000001D  c_w.l(libinit2.o)
    0x080002c6   0x080002c6   0x00000000   Code   RO         1067    .ARM.Collect$$libinit$$0000001F  c_w.l(libinit2.o)
    0x080002c6   0x080002c6   0x00000000   Code   RO         1069    .ARM.Collect$$libinit$$00000021  c_w.l(libinit2.o)
    0x080002c6   0x080002c6   0x00000000   Code   RO         1071    .ARM.Collect$$libinit$$00000023  c_w.l(libinit2.o)
    0x080002c6   0x080002c6   0x00000000   Code   RO         1073    .ARM.Collect$$libinit$$00000025  c_w.l(libinit2.o)
    0x080002c6   0x080002c6   0x00000000   Code   RO         1075    .ARM.Collect$$libinit$$00000027  c_w.l(libinit2.o)
    0x080002c6   0x080002c6   0x00000000   Code   RO         1079    .ARM.Collect$$libinit$$0000002E  c_w.l(libinit2.o)
    0x080002c6   0x080002c6   0x00000000   Code   RO         1081    .ARM.Collect$$libinit$$00000030  c_w.l(libinit2.o)
    0x080002c6   0x080002c6   0x00000000   Code   RO         1083    .ARM.Collect$$libinit$$00000032  c_w.l(libinit2.o)
    0x080002c6   0x080002c6   0x00000000   Code   RO         1085    .ARM.Collect$$libinit$$00000034  c_w.l(libinit2.o)
    0x080002c6   0x080002c6   0x00000002   Code   RO         1086    .ARM.Collect$$libinit$$00000035  c_w.l(libinit2.o)
    0x080002c8   0x080002c8   0x00000002   Code   RO         1121    .ARM.Collect$$libshutdown$$00000000  c_w.l(libshutdown.o)
    0x080002ca   0x080002ca   0x00000000   Code   RO         1149    .ARM.Collect$$libshutdown$$00000002  c_w.l(libshutdown2.o)
    0x080002ca   0x080002ca   0x00000000   Code   RO         1151    .ARM.Collect$$libshutdown$$00000004  c_w.l(libshutdown2.o)
    0x080002ca   0x080002ca   0x00000000   Code   RO         1154    .ARM.Collect$$libshutdown$$00000007  c_w.l(libshutdown2.o)
    0x080002ca   0x080002ca   0x00000000   Code   RO         1157    .ARM.Collect$$libshutdown$$0000000A  c_w.l(libshutdown2.o)
    0x080002ca   0x080002ca   0x00000000   Code   RO         1159    .ARM.Collect$$libshutdown$$0000000C  c_w.l(libshutdown2.o)
    0x080002ca   0x080002ca   0x00000000   Code   RO         1162    .ARM.Collect$$libshutdown$$0000000F  c_w.l(libshutdown2.o)
    0x080002ca   0x080002ca   0x00000002   Code   RO         1163    .ARM.Collect$$libshutdown$$00000010  c_w.l(libshutdown2.o)
    0x080002cc   0x080002cc   0x00000000   Code   RO          993    .ARM.Collect$$rtentry$$00000000  c_w.l(__rtentry.o)
    0x080002cc   0x080002cc   0x00000000   Code   RO          999    .ARM.Collect$$rtentry$$00000002  c_w.l(__rtentry2.o)
    0x080002cc   0x080002cc   0x00000006   Code   RO         1011    .ARM.Collect$$rtentry$$00000004  c_w.l(__rtentry4.o)
    0x080002d2   0x080002d2   0x00000000   Code   RO         1001    .ARM.Collect$$rtentry$$00000009  c_w.l(__rtentry2.o)
    0x080002d2   0x080002d2   0x00000004   Code   RO         1002    .ARM.Collect$$rtentry$$0000000A  c_w.l(__rtentry2.o)
    0x080002d6   0x080002d6   0x00000000   Code   RO         1004    .ARM.Collect$$rtentry$$0000000C  c_w.l(__rtentry2.o)
    0x080002d6   0x080002d6   0x00000008   Code   RO         1005    .ARM.Collect$$rtentry$$0000000D  c_w.l(__rtentry2.o)
    0x080002de   0x080002de   0x00000002   Code   RO         1032    .ARM.Collect$$rtexit$$00000000  c_w.l(rtexit.o)
    0x080002e0   0x080002e0   0x00000000   Code   RO         1092    .ARM.Collect$$rtexit$$00000002  c_w.l(rtexit2.o)
    0x080002e0   0x080002e0   0x00000004   Code   RO         1093    .ARM.Collect$$rtexit$$00000003  c_w.l(rtexit2.o)
    0x080002e4   0x080002e4   0x00000006   Code   RO         1094    .ARM.Collect$$rtexit$$00000004  c_w.l(rtexit2.o)
    0x080002ea   0x080002ea   0x00000002   PAD
    0x080002ec   0x080002ec   0x00000040   Code   RO          671    .text               startup_at32f402_405.o
    0x0800032c   0x0800032c   0x000000f0   Code   RO          987    .text               c_w.l(lludivv7m.o)
    0x0800041c   0x0800041c   0x00000006   Code   RO          989    .text               c_w.l(heapauxi.o)
    0x08000422   0x08000422   0x0000004a   Code   RO         1015    .text               c_w.l(sys_stackheap_outer.o)
    0x0800046c   0x0800046c   0x00000012   Code   RO         1017    .text               c_w.l(exit.o)
    0x0800047e   0x0800047e   0x00000002   PAD
    0x08000480   0x08000480   0x00000008   Code   RO         1029    .text               c_w.l(libspace.o)
    0x08000488   0x08000488   0x0000000c   Code   RO         1087    .text               c_w.l(sys_exit.o)
    0x08000494   0x08000494   0x00000002   Code   RO         1110    .text               c_w.l(use_no_semi.o)
    0x08000496   0x08000496   0x00000000   Code   RO         1112    .text               c_w.l(indicate_semi.o)
    0x08000496   0x08000496   0x00000002   PAD
    0x08000498   0x08000498   0x00000004   Code   RO            8    .text.BusFault_Handler  at32f402_405_int.o
    0x0800049c   0x0800049c   0x00000002   Code   RO           14    .text.DebugMon_Handler  at32f402_405_int.o
    0x0800049e   0x0800049e   0x00000002   PAD
    0x080004a0   0x080004a0   0x00000004   Code   RO            4    .text.HardFault_Handler  at32f402_405_int.o
    0x080004a4   0x080004a4   0x0000006a   Code   RO          851    .text.LCD_Clear     lcd_spi.o
    0x0800050e   0x0800050e   0x00000002   PAD
    0x08000510   0x08000510   0x000001a4   Code   RO          855    .text.LCD_ReadScanLine  lcd_spi.o
    0x080006b4   0x080006b4   0x00000076   Code   RO          853    .text.LCD_SetAddress  lcd_spi.o
    0x0800072a   0x0800072a   0x00000002   PAD
    0x0800072c   0x0800072c   0x00000052   Code   RO          849    .text.LCD_SetBackColor  lcd_spi.o
    0x0800077e   0x0800077e   0x00000002   PAD
    0x08000780   0x08000780   0x00000052   Code   RO          847    .text.LCD_SetColor  lcd_spi.o
    0x080007d2   0x080007d2   0x00000002   PAD
    0x080007d4   0x080007d4   0x000000e6   Code   RO          845    .text.LCD_SetDirection  lcd_spi.o
    0x080008ba   0x080008ba   0x00000002   PAD
    0x080008bc   0x080008bc   0x000000c4   Code   RO          835    .text.LCD_WriteCommand  lcd_spi.o
    0x08000980   0x08000980   0x00000028   Code   RO          839    .text.LCD_WriteData_16bit  lcd_spi.o
    0x080009a8   0x080009a8   0x0000001c   Code   RO          837    .text.LCD_WriteData_8bit  lcd_spi.o
    0x080009c4   0x080009c4   0x00000004   Code   RO            6    .text.MemManage_Handler  at32f402_405_int.o
    0x080009c8   0x080009c8   0x00000002   Code   RO            2    .text.NMI_Handler   at32f402_405_int.o
    0x080009ca   0x080009ca   0x00000002   PAD
    0x080009cc   0x080009cc   0x0000006c   Code   RO           37    .text.NVIC_EncodePriority  at32f402_405_wk_config.o
    0x08000a38   0x08000a38   0x0000006c   Code   RO          492    .text.NVIC_EncodePriority  at32f402_405_misc.o
    0x08000aa4   0x08000aa4   0x00000008   Code   RO           20    .text.OTGHS_IRQHandler  at32f402_405_int.o
    0x08000aac   0x08000aac   0x00000002   Code   RO           16    .text.PendSV_Handler  at32f402_405_int.o
    0x08000aae   0x08000aae   0x00000002   PAD
    0x08000ab0   0x08000ab0   0x000003b0   Code   RO          843    .text.SPI_LCD_Init  lcd_spi.o
    0x08000e60   0x08000e60   0x00000002   Code   RO           12    .text.SVC_Handler   at32f402_405_int.o
    0x08000e62   0x08000e62   0x00000002   PAD
    0x08000e64   0x08000e64   0x00000008   Code   RO           18    .text.SysTick_Handler  at32f402_405_int.o
    0x08000e6c   0x08000e6c   0x000000d2   Code   RO          678    .text.SystemInit    system_at32f402_405.o
    0x08000f3e   0x08000f3e   0x00000002   PAD
    0x08000f40   0x08000f40   0x00000004   Code   RO           10    .text.UsageFault_Handler  at32f402_405_int.o
    0x08000f44   0x08000f44   0x00000030   Code   RO          498    .text.__NVIC_EnableIRQ  at32f402_405_misc.o
    0x08000f74   0x08000f74   0x00000010   Code   RO           39    .text.__NVIC_GetPriorityGrouping  at32f402_405_wk_config.o
    0x08000f84   0x08000f84   0x00000010   Code   RO          494    .text.__NVIC_GetPriorityGrouping  at32f402_405_misc.o
    0x08000f94   0x08000f94   0x00000042   Code   RO           35    .text.__NVIC_SetPriority  at32f402_405_wk_config.o
    0x08000fd6   0x08000fd6   0x00000002   PAD
    0x08000fd8   0x08000fd8   0x00000042   Code   RO          496    .text.__NVIC_SetPriority  at32f402_405_misc.o
    0x0800101a   0x0800101a   0x00000002   PAD
    0x0800101c   0x0800101c   0x0000003c   Code   RO          506    .text.__NVIC_SetPriorityGrouping  at32f402_405_misc.o
    0x08001058   0x08001058   0x00000028   Code   RO          827    .text.at_spi_switch_to_16bit  lcd_spi.o
    0x08001080   0x08001080   0x00000028   Code   RO          829    .text.at_spi_switch_to_8bit  lcd_spi.o
    0x080010a8   0x080010a8   0x00000028   Code   RO          831    .text.at_spi_transmit  lcd_spi.o
    0x080010d0   0x080010d0   0x00000028   Code   RO          833    .text.at_spi_transmit_16bit  lcd_spi.o
    0x080010f8   0x080010f8   0x00000028   Code   RO          902    .text.class_clear_handler  custom_hid_class.o
    0x08001120   0x08001120   0x0000004c   Code   RO          908    .text.class_ept0_rx_handler  custom_hid_class.o
    0x0800116c   0x0800116c   0x00000012   Code   RO          906    .text.class_ept0_tx_handler  custom_hid_class.o
    0x0800117e   0x0800117e   0x00000002   PAD
    0x08001180   0x08001180   0x0000003c   Code   RO          916    .text.class_event_handler  custom_hid_class.o
    0x080011bc   0x080011bc   0x00000028   Code   RO          910    .text.class_in_handler  custom_hid_class.o
    0x080011e4   0x080011e4   0x00000054   Code   RO          900    .text.class_init_handler  custom_hid_class.o
    0x08001238   0x08001238   0x0000004a   Code   RO          912    .text.class_out_handler  custom_hid_class.o
    0x08001282   0x08001282   0x00000002   PAD
    0x08001284   0x08001284   0x000001a0   Code   RO          904    .text.class_setup_handler  custom_hid_class.o
    0x08001424   0x08001424   0x00000012   Code   RO          914    .text.class_sof_handler  custom_hid_class.o
    0x08001436   0x08001436   0x00000002   PAD
    0x08001438   0x08001438   0x00000034   Code   RO          168    .text.crm_ahb_div_set  at32f402_405_crm.o
    0x0800146c   0x0800146c   0x00000026   Code   RO          170    .text.crm_apb1_div_set  at32f402_405_crm.o
    0x08001492   0x08001492   0x00000002   PAD
    0x08001494   0x08001494   0x00000026   Code   RO          172    .text.crm_apb2_div_set  at32f402_405_crm.o
    0x080014ba   0x080014ba   0x00000002   PAD
    0x080014bc   0x080014bc   0x00000038   Code   RO          138    .text.crm_auto_step_mode_enable  at32f402_405_crm.o
    0x080014f4   0x080014f4   0x000000a6   Code   RO          160    .text.crm_clock_source_enable  at32f402_405_crm.o
    0x0800159a   0x0800159a   0x00000002   PAD
    0x0800159c   0x0800159c   0x000001a6   Code   RO          202    .text.crm_clocks_freq_get  at32f402_405_crm.o
    0x08001742   0x08001742   0x00000002   PAD
    0x08001744   0x08001744   0x0000003e   Code   RO          144    .text.crm_flag_get  at32f402_405_crm.o
    0x08001782   0x08001782   0x00000002   PAD
    0x08001784   0x08001784   0x00000064   Code   RO          148    .text.crm_hext_stable_wait  at32f402_405_crm.o
    0x080017e8   0x080017e8   0x000000c2   Code   RO          184    .text.crm_hick_divider_select  at32f402_405_crm.o
    0x080018aa   0x080018aa   0x00000002   PAD
    0x080018ac   0x080018ac   0x00000026   Code   RO          176    .text.crm_hick_sclk_div_set  at32f402_405_crm.o
    0x080018d2   0x080018d2   0x00000002   PAD
    0x080018d4   0x080018d4   0x00000052   Code   RO          154    .text.crm_periph_clock_enable  at32f402_405_crm.o
    0x08001926   0x08001926   0x00000002   PAD
    0x08001928   0x08001928   0x0000007a   Code   RO          192    .text.crm_pll_config  at32f402_405_crm.o
    0x080019a2   0x080019a2   0x00000002   PAD
    0x080019a4   0x080019a4   0x00000026   Code   RO          194    .text.crm_pllu_div_set  at32f402_405_crm.o
    0x080019ca   0x080019ca   0x00000002   PAD
    0x080019cc   0x080019cc   0x000000b4   Code   RO          136    .text.crm_reset     at32f402_405_crm.o
    0x08001a80   0x08001a80   0x0000002c   Code   RO          198    .text.crm_sysclk_switch  at32f402_405_crm.o
    0x08001aac   0x08001aac   0x00000010   Code   RO          200    .text.crm_sysclk_switch_status_get  at32f402_405_crm.o
    0x08001abc   0x08001abc   0x0000005a   Code   RO          918    .text.custom_hid_class_send_report  custom_hid_class.o
    0x08001b16   0x08001b16   0x00000002   PAD
    0x08001b18   0x08001b18   0x0000002e   Code   RO          949    .text.get_device_config_string  custom_hid_desc.o
    0x08001b46   0x08001b46   0x00000002   PAD
    0x08001b48   0x08001b48   0x0000000a   Code   RO          935    .text.get_device_configuration  custom_hid_desc.o
    0x08001b52   0x08001b52   0x00000002   PAD
    0x08001b54   0x08001b54   0x0000000a   Code   RO          931    .text.get_device_descriptor  custom_hid_desc.o
    0x08001b5e   0x08001b5e   0x00000002   PAD
    0x08001b60   0x08001b60   0x0000002e   Code   RO          947    .text.get_device_interface_string  custom_hid_desc.o
    0x08001b8e   0x08001b8e   0x00000002   PAD
    0x08001b90   0x08001b90   0x0000000a   Code   RO          939    .text.get_device_lang_id  custom_hid_desc.o
    0x08001b9a   0x08001b9a   0x00000002   PAD
    0x08001b9c   0x08001b9c   0x0000002e   Code   RO          941    .text.get_device_manufacturer_string  custom_hid_desc.o
    0x08001bca   0x08001bca   0x00000002   PAD
    0x08001bcc   0x08001bcc   0x0000000a   Code   RO          937    .text.get_device_other_speed  custom_hid_desc.o
    0x08001bd6   0x08001bd6   0x00000002   PAD
    0x08001bd8   0x08001bd8   0x0000002e   Code   RO          943    .text.get_device_product_string  custom_hid_desc.o
    0x08001c06   0x08001c06   0x00000002   PAD
    0x08001c08   0x08001c08   0x0000000a   Code   RO          933    .text.get_device_qualifier  custom_hid_desc.o
    0x08001c12   0x08001c12   0x00000002   PAD
    0x08001c14   0x08001c14   0x00000010   Code   RO          945    .text.get_device_serial_string  custom_hid_desc.o
    0x08001c24   0x08001c24   0x0000000a   Code   RO          951    .text.get_hs_device_configuration  custom_hid_desc.o
    0x08001c2e   0x08001c2e   0x00000002   PAD
    0x08001c30   0x08001c30   0x0000005c   Code   RO          955    .text.get_serial_num  custom_hid_desc.o
    0x08001c8c   0x08001c8c   0x00000014   Code   RO          239    .text.gpio_bits_reset  at32f402_405_gpio.o
    0x08001ca0   0x08001ca0   0x00000014   Code   RO          237    .text.gpio_bits_set  at32f402_405_gpio.o
    0x08001cb4   0x08001cb4   0x00000024   Code   RO          227    .text.gpio_default_para_init  at32f402_405_gpio.o
    0x08001cd8   0x08001cd8   0x000000e8   Code   RO          225    .text.gpio_init     at32f402_405_gpio.o
    0x08001dc0   0x08001dc0   0x00000088   Code   RO          251    .text.gpio_pin_mux_config  at32f402_405_gpio.o
    0x08001e48   0x08001e48   0x0000007a   Code   RO           48    .text.main          main.o
    0x08001ec2   0x08001ec2   0x00000002   PAD
    0x08001ec4   0x08001ec4   0x00000034   Code   RO          490    .text.nvic_irq_enable  at32f402_405_misc.o
    0x08001ef8   0x08001ef8   0x00000014   Code   RO          504    .text.nvic_priority_group_config  at32f402_405_misc.o
    0x08001f0c   0x08001f0c   0x00000012   Code   RO          660    .text.qspi_auto_ispc_enable  at32f402_405_qspi.o
    0x08001f1e   0x08001f1e   0x00000002   PAD
    0x08001f20   0x08001f20   0x00000022   Code   RO          640    .text.qspi_busy_config  at32f402_405_qspi.o
    0x08001f42   0x08001f42   0x00000002   PAD
    0x08001f44   0x08001f44   0x0000001a   Code   RO          622    .text.qspi_clk_division_set  at32f402_405_qspi.o
    0x08001f5e   0x08001f5e   0x00000002   PAD
    0x08001f60   0x08001f60   0x00000022   Code   RO          634    .text.qspi_dma_rx_threshold_set  at32f402_405_qspi.o
    0x08001f82   0x08001f82   0x00000002   PAD
    0x08001f84   0x08001f84   0x00000022   Code   RO          636    .text.qspi_dma_tx_threshold_set  at32f402_405_qspi.o
    0x08001fa6   0x08001fa6   0x00000002   PAD
    0x08001fa8   0x08001fa8   0x00000022   Code   RO          620    .text.qspi_sck_mode_set  at32f402_405_qspi.o
    0x08001fca   0x08001fca   0x00000002   PAD
    0x08001fcc   0x08001fcc   0x000000c4   Code   RO          642    .text.qspi_xip_enable  at32f402_405_qspi.o
    0x08002090   0x08002090   0x0000002c   Code   RO          291    .text.spi_default_para_init  at32f402_405_spi.o
    0x080020bc   0x080020bc   0x00000022   Code   RO          315    .text.spi_enable    at32f402_405_spi.o
    0x080020de   0x080020de   0x00000002   PAD
    0x080020e0   0x080020e0   0x00000022   Code   RO          307    .text.spi_hardware_cs_output_enable  at32f402_405_spi.o
    0x08002102   0x08002102   0x00000002   PAD
    0x08002104   0x08002104   0x00000014   Code   RO          329    .text.spi_i2s_data_transmit  at32f402_405_spi.o
    0x08002118   0x08002118   0x000001f6   Code   RO          293    .text.spi_init      at32f402_405_spi.o
    0x0800230e   0x0800230e   0x00000002   PAD
    0x08002310   0x08002310   0x0000018c   Code   RO          680    .text.system_core_clock_update  system_at32f402_405.o
    0x0800249c   0x0800249c   0x00000038   Code   RO          512    .text.systick_clock_source_config  at32f402_405_misc.o
    0x080024d4   0x080024d4   0x00000016   Code   RO          583    .text.usb_connect   at32f402_405_usb.o
    0x080024ea   0x080024ea   0x00000002   PAD
    0x080024ec   0x080024ec   0x0000006c   Code   RO          694    .text.usb_core_config  usb_core.o
    0x08002558   0x08002558   0x00000010   Code   RO           86    .text.usb_delay_ms  usb_app.o
    0x08002568   0x08002568   0x00000016   Code   RO          585    .text.usb_disconnect  at32f402_405_usb.o
    0x0800257e   0x0800257e   0x00000002   PAD
    0x08002580   0x08002580   0x00000026   Code   RO          581    .text.usb_ept0_setup  at32f402_405_usb.o
    0x080025a6   0x080025a6   0x00000002   PAD
    0x080025a8   0x080025a8   0x0000004a   Code   RO          579    .text.usb_ept0_start  at32f402_405_usb.o
    0x080025f2   0x080025f2   0x00000002   PAD
    0x080025f4   0x080025f4   0x0000009a   Code   RO          563    .text.usb_ept_clear_stall  at32f402_405_usb.o
    0x0800268e   0x0800268e   0x00000002   PAD
    0x08002690   0x08002690   0x000000f8   Code   RO          559    .text.usb_ept_close  at32f402_405_usb.o
    0x08002788   0x08002788   0x000000f2   Code   RO          745    .text.usb_ept_default_init  usbd_core.o
    0x0800287a   0x0800287a   0x00000002   PAD
    0x0800287c   0x0800287c   0x0000001a   Code   RO          575    .text.usb_ept_in_clear  at32f402_405_usb.o
    0x08002896   0x08002896   0x00000002   PAD
    0x08002898   0x08002898   0x00000040   Code   RO          571    .text.usb_ept_in_interrupt  at32f402_405_usb.o
    0x080028d8   0x080028d8   0x000001f8   Code   RO          557    .text.usb_ept_open  at32f402_405_usb.o
    0x08002ad0   0x08002ad0   0x0000001a   Code   RO          573    .text.usb_ept_out_clear  at32f402_405_usb.o
    0x08002aea   0x08002aea   0x00000002   PAD
    0x08002aec   0x08002aec   0x00000022   Code   RO          569    .text.usb_ept_out_interrupt  at32f402_405_usb.o
    0x08002b0e   0x08002b0e   0x00000002   PAD
    0x08002b10   0x08002b10   0x000000a2   Code   RO          561    .text.usb_ept_stall  at32f402_405_usb.o
    0x08002bb2   0x08002bb2   0x00000002   PAD
    0x08002bb4   0x08002bb4   0x0000003c   Code   RO          529    .text.usb_flush_rx_fifo  at32f402_405_usb.o
    0x08002bf0   0x08002bf0   0x00000052   Code   RO          527    .text.usb_flush_tx_fifo  at32f402_405_usb.o
    0x08002c42   0x08002c42   0x00000002   PAD
    0x08002c44   0x08002c44   0x0000001c   Code   RO          567    .text.usb_get_all_in_interrupt  at32f402_405_usb.o
    0x08002c60   0x08002c60   0x0000001c   Code   RO          565    .text.usb_get_all_out_interrupt  at32f402_405_usb.o
    0x08002c7c   0x08002c7c   0x00000010   Code   RO          535    .text.usb_global_clear_interrupt  at32f402_405_usb.o
    0x08002c8c   0x08002c8c   0x00000016   Code   RO          533    .text.usb_global_get_all_interrupt  at32f402_405_usb.o
    0x08002ca2   0x08002ca2   0x00000002   PAD
    0x08002ca4   0x08002ca4   0x0000002e   Code   RO          523    .text.usb_global_init  at32f402_405_usb.o
    0x08002cd2   0x08002cd2   0x00000002   PAD
    0x08002cd4   0x08002cd4   0x00000036   Code   RO          531    .text.usb_global_interrupt_enable  at32f402_405_usb.o
    0x08002d0a   0x08002d0a   0x00000002   PAD
    0x08002d0c   0x08002d0c   0x00000068   Code   RO          521    .text.usb_global_reset  at32f402_405_usb.o
    0x08002d74   0x08002d74   0x00000028   Code   RO          525    .text.usb_global_select_core  at32f402_405_usb.o
    0x08002d9c   0x08002d9c   0x00000062   Code   RO          545    .text.usb_global_set_mode  at32f402_405_usb.o
    0x08002dfe   0x08002dfe   0x00000002   PAD
    0x08002e00   0x08002e00   0x000000a8   Code   RO          920    .text.usb_hid_buf_process  custom_hid_class.o
    0x08002ea8   0x08002ea8   0x00000012   Code   RO          539    .text.usb_interrupt_disable  at32f402_405_usb.o
    0x08002eba   0x08002eba   0x00000002   PAD
    0x08002ebc   0x08002ebc   0x00000012   Code   RO          537    .text.usb_interrupt_enable  at32f402_405_usb.o
    0x08002ece   0x08002ece   0x00000002   PAD
    0x08002ed0   0x08002ed0   0x00000016   Code   RO          551    .text.usb_open_phy_clk  at32f402_405_usb.o
    0x08002ee6   0x08002ee6   0x00000002   PAD
    0x08002ee8   0x08002ee8   0x0000004c   Code   RO          555    .text.usb_read_packet  at32f402_405_usb.o
    0x08002f34   0x08002f34   0x00000026   Code   RO          577    .text.usb_set_address  at32f402_405_usb.o
    0x08002f5a   0x08002f5a   0x00000002   PAD
    0x08002f5c   0x08002f5c   0x00000014   Code   RO          541    .text.usb_set_rx_fifo  at32f402_405_usb.o
    0x08002f70   0x08002f70   0x00000098   Code   RO          543    .text.usb_set_tx_fifo  at32f402_405_usb.o
    0x08003008   0x08003008   0x00000016   Code   RO          549    .text.usb_stop_phy_clk  at32f402_405_usb.o
    0x0800301e   0x0800301e   0x00000002   PAD
    0x08003020   0x08003020   0x00000012   Code   RO          591    .text.usb_suspend_status_get  at32f402_405_usb.o
    0x08003032   0x08003032   0x00000002   PAD
    0x08003034   0x08003034   0x000000f6   Code   RO          786    .text.usb_write_empty_txfifo  usbd_int.o
    0x0800312a   0x0800312a   0x00000002   PAD
    0x0800312c   0x0800312c   0x00000054   Code   RO          553    .text.usb_write_packet  at32f402_405_usb.o
    0x08003180   0x08003180   0x00000068   Code   RO          803    .text.usbd_clear_feature  usbd_sdr.o
    0x080031e8   0x080031e8   0x0000005c   Code   RO          725    .text.usbd_clear_stall  usbd_core.o
    0x08003244   0x08003244   0x00000012   Code   RO          739    .text.usbd_connect  usbd_core.o
    0x08003256   0x08003256   0x00000002   PAD
    0x08003258   0x08003258   0x0000000e   Code   RO          747    .text.usbd_connect_state_get  usbd_core.o
    0x08003266   0x08003266   0x00000002   PAD
    0x08003268   0x08003268   0x00000152   Code   RO          705    .text.usbd_core_in_handler  usbd_core.o
    0x080033ba   0x080033ba   0x00000002   PAD
    0x080033bc   0x080033bc   0x0000027c   Code   RO          755    .text.usbd_core_init  usbd_core.o
    0x08003638   0x08003638   0x000000d2   Code   RO          713    .text.usbd_core_out_handler  usbd_core.o
    0x0800370a   0x0800370a   0x00000002   PAD
    0x0800370c   0x0800370c   0x00000070   Code   RO          717    .text.usbd_core_setup_handler  usbd_core.o
    0x0800377c   0x0800377c   0x0000003e   Code   RO          723    .text.usbd_ctrl_recv  usbd_core.o
    0x080037ba   0x080037ba   0x00000002   PAD
    0x080037bc   0x080037bc   0x0000001e   Code   RO          711    .text.usbd_ctrl_recv_status  usbd_core.o
    0x080037da   0x080037da   0x00000002   PAD
    0x080037dc   0x080037dc   0x0000003c   Code   RO          721    .text.usbd_ctrl_send  usbd_core.o
    0x08003818   0x08003818   0x0000001e   Code   RO          715    .text.usbd_ctrl_send_status  usbd_core.o
    0x08003836   0x08003836   0x00000002   PAD
    0x08003838   0x08003838   0x0000001a   Code   RO          719    .text.usbd_ctrl_unsupport  usbd_core.o
    0x08003852   0x08003852   0x00000002   PAD
    0x08003854   0x08003854   0x000000a6   Code   RO          799    .text.usbd_device_request  usbd_sdr.o
    0x080038fa   0x080038fa   0x00000002   PAD
    0x080038fc   0x080038fc   0x00000012   Code   RO          741    .text.usbd_disconnect  usbd_core.o
    0x0800390e   0x0800390e   0x00000002   PAD
    0x08003910   0x08003910   0x0000025a   Code   RO          817    .text.usbd_endpoint_request  usbd_sdr.o
    0x08003b6a   0x08003b6a   0x00000002   PAD
    0x08003b6c   0x08003b6c   0x00000022   Code   RO          751    .text.usbd_enter_suspend  usbd_core.o
    0x08003b8e   0x08003b8e   0x00000002   PAD
    0x08003b90   0x08003b90   0x0000009a   Code   RO          776    .text.usbd_enumdone_handler  usbd_int.o
    0x08003c2a   0x08003c2a   0x00000002   PAD
    0x08003c2c   0x08003c2c   0x00000052   Code   RO          737    .text.usbd_ept_close  usbd_core.o
    0x08003c7e   0x08003c7e   0x00000002   PAD
    0x08003c80   0x08003c80   0x000000da   Code   RO          733    .text.usbd_ept_in_check_fifo  usbd_core.o
    0x08003d5a   0x08003d5a   0x00000002   PAD
    0x08003d5c   0x08003d5c   0x0000007a   Code   RO          731    .text.usbd_ept_open  usbd_core.o
    0x08003dd6   0x08003dd6   0x00000002   PAD
    0x08003dd8   0x08003dd8   0x00000122   Code   RO          709    .text.usbd_ept_recv  usbd_core.o
    0x08003efa   0x08003efa   0x00000002   PAD
    0x08003efc   0x08003efc   0x0000018e   Code   RO          707    .text.usbd_ept_send  usbd_core.o
    0x0800408a   0x0800408a   0x00000002   PAD
    0x0800408c   0x0800408c   0x000000e4   Code   RO          753    .text.usbd_fifo_alloc  usbd_core.o
    0x08004170   0x08004170   0x0000001e   Code   RO          735    .text.usbd_flush_tx_fifo  usbd_core.o
    0x0800418e   0x0800418e   0x00000002   PAD
    0x08004190   0x08004190   0x00000074   Code   RO          811    .text.usbd_get_configuration  usbd_sdr.o
    0x08004204   0x08004204   0x000001d4   Code   RO          809    .text.usbd_get_descriptor  usbd_sdr.o
    0x080043d8   0x080043d8   0x00000026   Code   RO          729    .text.usbd_get_recv_len  usbd_core.o
    0x080043fe   0x080043fe   0x00000002   PAD
    0x08004400   0x08004400   0x00000052   Code   RO          801    .text.usbd_get_status  usbd_sdr.o
    0x08004452   0x08004452   0x00000002   PAD
    0x08004454   0x08004454   0x00000020   Code   RO          778    .text.usbd_incomisioin_handler  usbd_int.o
    0x08004474   0x08004474   0x00000020   Code   RO          780    .text.usbd_incomisoout_handler  usbd_int.o
    0x08004494   0x08004494   0x000000f4   Code   RO          768    .text.usbd_inept_handler  usbd_int.o
    0x08004588   0x08004588   0x0000009e   Code   RO          696    .text.usbd_init     usb_core.o
    0x08004626   0x08004626   0x00000002   PAD
    0x08004628   0x08004628   0x0000007a   Code   RO          957    .text.usbd_int_to_unicode  custom_hid_desc.o
    0x080046a2   0x080046a2   0x00000002   PAD
    0x080046a4   0x080046a4   0x0000005c   Code   RO          815    .text.usbd_interface_request  usbd_sdr.o
    0x08004700   0x08004700   0x00000150   Code   RO          764    .text.usbd_irq_handler  usbd_int.o
    0x08004850   0x08004850   0x00000162   Code   RO          770    .text.usbd_outept_handler  usbd_int.o
    0x080049b2   0x080049b2   0x00000002   PAD
    0x080049b4   0x080049b4   0x00000132   Code   RO          772    .text.usbd_reset_handler  usbd_int.o
    0x08004ae6   0x08004ae6   0x00000002   PAD
    0x08004ae8   0x08004ae8   0x000000b4   Code   RO          766    .text.usbd_rxflvl_handler  usbd_int.o
    0x08004b9c   0x08004b9c   0x0000008e   Code   RO          807    .text.usbd_set_address  usbd_sdr.o
    0x08004c2a   0x08004c2a   0x00000002   PAD
    0x08004c2c   0x08004c2c   0x00000128   Code   RO          813    .text.usbd_set_configuration  usbd_sdr.o
    0x08004d54   0x08004d54   0x0000001a   Code   RO          743    .text.usbd_set_device_addr  usbd_core.o
    0x08004d6e   0x08004d6e   0x00000002   PAD
    0x08004d70   0x08004d70   0x000000dc   Code   RO          805    .text.usbd_set_feature  usbd_sdr.o
    0x08004e4c   0x08004e4c   0x0000005c   Code   RO          727    .text.usbd_set_stall  usbd_core.o
    0x08004ea8   0x08004ea8   0x00000044   Code   RO          797    .text.usbd_setup_request_parse  usbd_sdr.o
    0x08004eec   0x08004eec   0x0000001e   Code   RO          774    .text.usbd_sof_handler  usbd_int.o
    0x08004f0a   0x08004f0a   0x00000002   PAD
    0x08004f0c   0x08004f0c   0x0000004c   Code   RO          784    .text.usbd_suspend_handler  usbd_int.o
    0x08004f58   0x08004f58   0x00000076   Code   RO          953    .text.usbd_unicode_convert  custom_hid_desc.o
    0x08004fce   0x08004fce   0x00000002   PAD
    0x08004fd0   0x08004fd0   0x00000046   Code   RO          782    .text.usbd_wakeup_handler  usbd_int.o
    0x08005016   0x08005016   0x00000002   PAD
    0x08005018   0x08005018   0x00000034   Code   RO           66    .text.wk_delay_ms   wk_system.o
    0x0800504c   0x0800504c   0x000000dc   Code   RO          120    .text.wk_gpio_config  wk_gpio.o
    0x08005128   0x08005128   0x000000b4   Code   RO           33    .text.wk_nvic_config  at32f402_405_wk_config.o
    0x080051dc   0x080051dc   0x00000010   Code   RO           84    .text.wk_otghs_irq_handler  usb_app.o
    0x080051ec   0x080051ec   0x00000050   Code   RO           31    .text.wk_periph_clock_config  at32f402_405_wk_config.o
    0x0800523c   0x0800523c   0x00000166   Code   RO           96    .text.wk_qspi1_init  wk_qspi.o
    0x080053a2   0x080053a2   0x00000002   PAD
    0x080053a4   0x080053a4   0x000000f8   Code   RO          104    .text.wk_spi1_init  wk_spi.o
    0x0800549c   0x0800549c   0x000000e6   Code   RO           29    .text.wk_system_clock_config  at32f402_405_wk_config.o
    0x08005582   0x08005582   0x00000002   PAD
    0x08005584   0x08005584   0x0000000c   Code   RO           64    .text.wk_timebase_get  wk_system.o
    0x08005590   0x08005590   0x00000008   Code   RO           70    .text.wk_timebase_handler  wk_system.o
    0x08005598   0x08005598   0x00000010   Code   RO           62    .text.wk_timebase_increase  wk_system.o
    0x080055a8   0x080055a8   0x0000005c   Code   RO           68    .text.wk_timebase_init  wk_system.o
    0x08005604   0x08005604   0x0000002c   Code   RO           80    .text.wk_usb_app_init  usb_app.o
    0x08005630   0x08005630   0x00000002   Code   RO           82    .text.wk_usb_app_task  usb_app.o
    0x08005632   0x08005632   0x00000002   PAD
    0x08005634   0x08005634   0x00000002   Code   RO          112    .text.wk_usb_otghs1_init  wk_usb.o
    0x08005636   0x08005636   0x0000001a   Code   RO         1104    x$fpl$fpinit        fz_wm.l(fpinit.o)
    0x08005650   0x08005650   0x00000008   Data   RO          213    .rodata.crm_clocks_freq_get.ahb_apb1_div_table  at32f402_405_crm.o
    0x08005658   0x08005658   0x00000008   Data   RO          214    .rodata.crm_clocks_freq_get.ahb_apb2_div_table  at32f402_405_crm.o
    0x08005660   0x08005660   0x00000010   Data   RO          215    .rodata.crm_clocks_freq_get.pll_fp_table  at32f402_405_crm.o
    0x08005670   0x08005670   0x00000010   Data   RO          212    .rodata.crm_clocks_freq_get.sclk_ahb_div_table  at32f402_405_crm.o
    0x08005680   0x08005680   0x00000039   Data   RO          974    .rodata.str1.1      custom_hid_desc.o
    0x080056b9   0x080056b9   0x00000010   Data   RO          686    .rodata.system_core_clock_update.pll_fp_table  system_at32f402_405.o
    0x080056c9   0x080056c9   0x00000010   Data   RO          685    .rodata.system_core_clock_update.sys_ahb_div_table  system_at32f402_405.o
    0x080056d9   0x080056d9   0x00000003   PAD
    0x080056dc   0x080056dc   0x00000020   Data   RO         1165    Region$$Table       anon$$obj.o


    Execution Region RW_IRAM1 (Exec base: 0x20000000, Load base: 0x08005700, Size: 0x00000da8, Max: 0x00019800, ABSOLUTE, COMPRESSED[0x00000118])

    Exec Addr    Load Addr    Size         Type   Attr      Idx    E Section Name        Object

    0x20000000   COMPRESSED   0x00000008   Data   RW          966    .data.config_descriptor  custom_hid_desc.o
    0x20000008   COMPRESSED   0x00000008   Data   RW          968    .data.config_descriptor_hs  custom_hid_desc.o
    0x20000010   COMPRESSED   0x00000008   Data   RW          970    .data.config_other_speed  custom_hid_desc.o
    0x20000018   COMPRESSED   0x00000028   Data   RW          923    .data.custom_hid_class_handler  custom_hid_class.o
    0x20000040   COMPRESSED   0x0000002c   Data   RW          959    .data.custom_hid_desc_handler  custom_hid_desc.o
    0x2000006c   COMPRESSED   0x00000008   Data   RW          962    .data.device_descriptor  custom_hid_desc.o
    0x20000074   COMPRESSED   0x00000008   Data   RW          964    .data.device_qualifier  custom_hid_desc.o
    0x2000007c   COMPRESSED   0x00000009   Data   RW          961    .data.g_custom_hid_usb_desc  custom_hid_desc.o
    0x20000085   COMPRESSED   0x00000003   PAD
    0x20000088   COMPRESSED   0x00000004   Data   RW          973    .data.g_string_lang_id  custom_hid_desc.o
    0x2000008c   COMPRESSED   0x0000001a   Data   RW          978    .data.g_string_serial  custom_hid_desc.o
    0x200000a6   COMPRESSED   0x00000002   PAD
    0x200000a8   COMPRESSED   0x00000029   Data   RW          967    .data.g_usbd_configuration  custom_hid_desc.o
    0x200000d1   COMPRESSED   0x00000003   PAD
    0x200000d4   COMPRESSED   0x0000007e   Data   RW          960    .data.g_usbd_custom_hid_report  custom_hid_desc.o
    0x20000152   COMPRESSED   0x00000002   PAD
    0x20000154   COMPRESSED   0x00000012   Data   RW          963    .data.g_usbd_descriptor  custom_hid_desc.o
    0x20000166   COMPRESSED   0x00000002   PAD
    0x20000168   COMPRESSED   0x00000029   Data   RW          969    .data.g_usbd_hs_configuration  custom_hid_desc.o
    0x20000191   COMPRESSED   0x00000003   PAD
    0x20000194   COMPRESSED   0x00000029   Data   RW          971    .data.g_usbd_other_speed  custom_hid_desc.o
    0x200001bd   COMPRESSED   0x00000003   PAD
    0x200001c0   COMPRESSED   0x0000000a   Data   RW          965    .data.g_usbd_qualifier  custom_hid_desc.o
    0x200001ca   COMPRESSED   0x00000002   PAD
    0x200001cc   COMPRESSED   0x00000008   Data   RW          972    .data.langid_descriptor  custom_hid_desc.o
    0x200001d4   COMPRESSED   0x00000008   Data   RW          977    .data.serial_descriptor  custom_hid_desc.o
    0x200001dc   COMPRESSED   0x00000004   Data   RW          684    .data.system_core_clock  system_at32f402_405.o
    0x200001e0        -       0x00000060   Zero   RW         1030    .bss                c_w.l(libspace.o)
    0x20000240        -       0x00000010   Zero   RW          883    .bss.LCD            lcd_spi.o
    0x20000250        -       0x00000110   Zero   RW          922    .bss.custom_hid_struct  custom_hid_class.o
    0x20000360        -       0x00000100   Zero   RW          975    .bss.g_usbd_desc_buffer  custom_hid_desc.o
    0x20000460        -       0x00000334   Zero   RW           88    .bss.otg_core_struct_hs  usb_app.o
    0x20000794        -       0x00000004   Zero   RW           72    .bss.timebase_ticks  wk_system.o
    0x20000798        -       0x00000001   Zero   RW          819    .bss.usbd_set_configuration.config_value  usbd_sdr.o
    0x20000799   COMPRESSED   0x00000003   PAD
    0x2000079c        -       0x00000008   Zero   RW          976    .bss.vp_desc        custom_hid_desc.o
    0x200007a4   COMPRESSED   0x00000004   PAD
    0x200007a8        -       0x00000200   Zero   RW          669    HEAP                startup_at32f402_405.o
    0x200009a8        -       0x00000400   Zero   RW          668    STACK               startup_at32f402_405.o


==============================================================================

Image component sizes


      Code (inc. data)   RO Data    RW Data    ZI Data      Debug   Object Name

      1648          6         48          0          0      25791   at32f402_405_crm.o
       444          0          0          0          0      11656   at32f402_405_gpio.o
        40          0          0          0          0       1144   at32f402_405_int.o
       426          0          0          0          0       6625   at32f402_405_misc.o
       376          0          0          0          0      11505   at32f402_405_qspi.o
       634          0          0          0          0      21992   at32f402_405_spi.o
      2420          0          0          0          0      21480   at32f402_405_usb.o
       680          0          0          0          0      11755   at32f402_405_wk_config.o
      1084         24          0         40        272      10660   custom_hid_class.o
       592          0         57        416        264       4008   custom_hid_desc.o
      2406          0          0          0         16      16967   lcd_spi.o
       122          0          0          0          0        845   main.o
        64         26        480          0       1536        888   startup_at32f402_405.o
       606          0         32          4          0      10847   system_at32f402_405.o
        78          0          0          0        820       8204   usb_app.o
       266          0          0          0          0       8394   usb_core.o
      3446          0          0          0          0      19455   usbd_core.o
      2060          0          0          0          0      16184   usbd_int.o
      2356         24          0          0          1      11393   usbd_sdr.o
       220          0          0          0          0       6519   wk_gpio.o
       358          0          0          0          0      10615   wk_qspi.o
       248          0          0          0          0      10541   wk_spi.o
       180          0          0          0          4       1778   wk_system.o
         2          0          0          0          0        399   wk_usb.o

    ----------------------------------------------------------------------
     20958         80        652        480       2920     249645   Object Totals
         0          0         32          0          0          0   (incl. Generated)
       202          0          3         20          7          0   (incl. Padding)

    ----------------------------------------------------------------------

      Code (inc. data)   RO Data    RW Data    ZI Data      Debug   Library Member Name

        90          0          0          0          0          0   __dczerorl2.o
         8          0          0          0          0         68   __main.o
         0          0          0          0          0          0   __rtentry.o
        12          0          0          0          0          0   __rtentry2.o
         6          0          0          0          0          0   __rtentry4.o
        94          8          0          0          0          0   __scatter.o
        28          0          0          0          0          0   __scatter_zi.o
        18          0          0          0          0         80   exit.o
         6          0          0          0          0        152   heapauxi.o
         0          0          0          0          0          0   indicate_semi.o
         2          0          0          0          0          0   libinit.o
         6          0          0          0          0          0   libinit2.o
         2          0          0          0          0          0   libshutdown.o
         2          0          0          0          0          0   libshutdown2.o
         8          4          0          0         96         68   libspace.o
       240          0          0          0          0        100   lludivv7m.o
         2          0          0          0          0          0   rtexit.o
        10          0          0          0          0          0   rtexit2.o
        12          4          0          0          0         68   sys_exit.o
        74          0          0          0          0         80   sys_stackheap_outer.o
         2          0          0          0          0         68   use_no_semi.o
        26          0          0          0          0        116   fpinit.o

    ----------------------------------------------------------------------
       658         16          0          0         96        800   Library Totals
        10          0          0          0          0          0   (incl. Padding)

    ----------------------------------------------------------------------

      Code (inc. data)   RO Data    RW Data    ZI Data      Debug   Library Name

       622         16          0          0         96        684   c_w.l
        26          0          0          0          0        116   fz_wm.l

    ----------------------------------------------------------------------
       658         16          0          0         96        800   Library Totals

    ----------------------------------------------------------------------

==============================================================================


      Code (inc. data)   RO Data    RW Data    ZI Data      Debug   

     21616         96        652        480       3016     249865   Grand Totals
     21616         96        652        280       3016     249865   ELF Image Totals (compressed)
     21616         96        652        280          0          0   ROM Totals

==============================================================================

    Total RO  Size (Code + RO Data)                22268 (  21.75kB)
    Total RW  Size (RW Data + ZI Data)              3496 (   3.41kB)
    Total ROM Size (Code + RO Data + RW Data)      22548 (  22.02kB)

==============================================================================

