<!doctype html public "-//w3c//dtd html 4.0 transitional//en">
<html><head>
<title>Static Call Graph - [.\objects\hub_screen_AT32F405KCU7-4_WorkBench.axf]</title></head>
<body><HR>
<H1>Static Call Graph for image .\objects\hub_screen_AT32F405KCU7-4_WorkBench.axf</H1><HR>
<BR><P>#&#060CALLGRAPH&#062# ARM Linker, 6210000: Last Updated: Fri Oct 17 11:05:34 2025
<BR><P>
<H3>Maximum Stack Usage =        300 bytes + Unknown(Functions without stacksize, Cycles, Untraceable Function Pointers)</H3><H3>
Call chain for Maximum Stack Depth:</H3>
OTGHS_IRQHandler &rArr; wk_otghs_irq_handler &rArr; usbd_irq_handler &rArr; usbd_outept_handler &rArr; usbd_core_setup_handler &rArr; usbd_device_request &rArr; usbd_get_descriptor &rArr; usbd_ctrl_send &rArr; usbd_ept_send &rArr; usbd_ept_in_check_fifo &rArr; usbd_flush_tx_fifo &rArr; usb_flush_tx_fifo
<P>
<H3>
Functions with no stack information
</H3><UL>
 <LI><a href="#[79]">__user_initial_stackheap</a>
</UL>
</UL>
<P>
<H3>
Mutually Recursive functions
</H3> <LI><a href="#[65]">ACC_IRQHandler</a>&nbsp;&nbsp;&nbsp;&rArr;&nbsp;&nbsp;&nbsp;<a href="#[65]">ACC_IRQHandler</a><BR>
</UL>
<P>
<H3>
Function Pointers
</H3><UL>
 <LI><a href="#[65]">ACC_IRQHandler</a> from startup_at32f402_405.o(.text) referenced from startup_at32f402_405.o(RESET)
 <LI><a href="#[30]">ADC1_IRQHandler</a> from startup_at32f402_405.o(.text) referenced from startup_at32f402_405.o(RESET)
 <LI><a href="#[18]">BusFault_Handler</a> from at32f402_405_int.o(.text.BusFault_Handler) referenced from startup_at32f402_405.o(RESET)
 <LI><a href="#[32]">CAN1_RX0_IRQHandler</a> from startup_at32f402_405.o(.text) referenced from startup_at32f402_405.o(RESET)
 <LI><a href="#[33]">CAN1_RX1_IRQHandler</a> from startup_at32f402_405.o(.text) referenced from startup_at32f402_405.o(RESET)
 <LI><a href="#[34]">CAN1_SE_IRQHandler</a> from startup_at32f402_405.o(.text) referenced from startup_at32f402_405.o(RESET)
 <LI><a href="#[31]">CAN1_TX_IRQHandler</a> from startup_at32f402_405.o(.text) referenced from startup_at32f402_405.o(RESET)
 <LI><a href="#[23]">CRM_IRQHandler</a> from startup_at32f402_405.o(.text) referenced from startup_at32f402_405.o(RESET)
 <LI><a href="#[29]">DMA1_Channel1_IRQHandler</a> from startup_at32f402_405.o(.text) referenced from startup_at32f402_405.o(RESET)
 <LI><a href="#[2a]">DMA1_Channel2_IRQHandler</a> from startup_at32f402_405.o(.text) referenced from startup_at32f402_405.o(RESET)
 <LI><a href="#[2b]">DMA1_Channel3_IRQHandler</a> from startup_at32f402_405.o(.text) referenced from startup_at32f402_405.o(RESET)
 <LI><a href="#[2c]">DMA1_Channel4_IRQHandler</a> from startup_at32f402_405.o(.text) referenced from startup_at32f402_405.o(RESET)
 <LI><a href="#[2d]">DMA1_Channel5_IRQHandler</a> from startup_at32f402_405.o(.text) referenced from startup_at32f402_405.o(RESET)
 <LI><a href="#[2e]">DMA1_Channel6_IRQHandler</a> from startup_at32f402_405.o(.text) referenced from startup_at32f402_405.o(RESET)
 <LI><a href="#[2f]">DMA1_Channel7_IRQHandler</a> from startup_at32f402_405.o(.text) referenced from startup_at32f402_405.o(RESET)
 <LI><a href="#[50]">DMA2_Channel1_IRQHandler</a> from startup_at32f402_405.o(.text) referenced from startup_at32f402_405.o(RESET)
 <LI><a href="#[51]">DMA2_Channel2_IRQHandler</a> from startup_at32f402_405.o(.text) referenced from startup_at32f402_405.o(RESET)
 <LI><a href="#[52]">DMA2_Channel3_IRQHandler</a> from startup_at32f402_405.o(.text) referenced from startup_at32f402_405.o(RESET)
 <LI><a href="#[53]">DMA2_Channel4_IRQHandler</a> from startup_at32f402_405.o(.text) referenced from startup_at32f402_405.o(RESET)
 <LI><a href="#[54]">DMA2_Channel5_IRQHandler</a> from startup_at32f402_405.o(.text) referenced from startup_at32f402_405.o(RESET)
 <LI><a href="#[56]">DMA2_Channel6_IRQHandler</a> from startup_at32f402_405.o(.text) referenced from startup_at32f402_405.o(RESET)
 <LI><a href="#[57]">DMA2_Channel7_IRQHandler</a> from startup_at32f402_405.o(.text) referenced from startup_at32f402_405.o(RESET)
 <LI><a href="#[64]">DMAMUX_IRQHandler</a> from startup_at32f402_405.o(.text) referenced from startup_at32f402_405.o(RESET)
 <LI><a href="#[1b]">DebugMon_Handler</a> from at32f402_405_int.o(.text.DebugMon_Handler) referenced from startup_at32f402_405.o(RESET)
 <LI><a href="#[47]">ERTCAlarm_IRQHandler</a> from startup_at32f402_405.o(.text) referenced from startup_at32f402_405.o(RESET)
 <LI><a href="#[21]">ERTC_WKUP_IRQHandler</a> from startup_at32f402_405.o(.text) referenced from startup_at32f402_405.o(RESET)
 <LI><a href="#[24]">EXINT0_IRQHandler</a> from startup_at32f402_405.o(.text) referenced from startup_at32f402_405.o(RESET)
 <LI><a href="#[46]">EXINT15_10_IRQHandler</a> from startup_at32f402_405.o(.text) referenced from startup_at32f402_405.o(RESET)
 <LI><a href="#[25]">EXINT1_IRQHandler</a> from startup_at32f402_405.o(.text) referenced from startup_at32f402_405.o(RESET)
 <LI><a href="#[26]">EXINT2_IRQHandler</a> from startup_at32f402_405.o(.text) referenced from startup_at32f402_405.o(RESET)
 <LI><a href="#[27]">EXINT3_IRQHandler</a> from startup_at32f402_405.o(.text) referenced from startup_at32f402_405.o(RESET)
 <LI><a href="#[28]">EXINT4_IRQHandler</a> from startup_at32f402_405.o(.text) referenced from startup_at32f402_405.o(RESET)
 <LI><a href="#[35]">EXINT9_5_IRQHandler</a> from startup_at32f402_405.o(.text) referenced from startup_at32f402_405.o(RESET)
 <LI><a href="#[22]">FLASH_IRQHandler</a> from startup_at32f402_405.o(.text) referenced from startup_at32f402_405.o(RESET)
 <LI><a href="#[5f]">FPU_IRQHandler</a> from startup_at32f402_405.o(.text) referenced from startup_at32f402_405.o(RESET)
 <LI><a href="#[16]">HardFault_Handler</a> from at32f402_405_int.o(.text.HardFault_Handler) referenced from startup_at32f402_405.o(RESET)
 <LI><a href="#[3e]">I2C1_ERR_IRQHandler</a> from startup_at32f402_405.o(.text) referenced from startup_at32f402_405.o(RESET)
 <LI><a href="#[3d]">I2C1_EVT_IRQHandler</a> from startup_at32f402_405.o(.text) referenced from startup_at32f402_405.o(RESET)
 <LI><a href="#[40]">I2C2_ERR_IRQHandler</a> from startup_at32f402_405.o(.text) referenced from startup_at32f402_405.o(RESET)
 <LI><a href="#[3f]">I2C2_EVT_IRQHandler</a> from startup_at32f402_405.o(.text) referenced from startup_at32f402_405.o(RESET)
 <LI><a href="#[5a]">I2C3_ERR_IRQHandler</a> from startup_at32f402_405.o(.text) referenced from startup_at32f402_405.o(RESET)
 <LI><a href="#[59]">I2C3_EVT_IRQHandler</a> from startup_at32f402_405.o(.text) referenced from startup_at32f402_405.o(RESET)
 <LI><a href="#[62]">I2SF5_IRQHandler</a> from startup_at32f402_405.o(.text) referenced from startup_at32f402_405.o(RESET)
 <LI><a href="#[17]">MemManage_Handler</a> from at32f402_405_int.o(.text.MemManage_Handler) referenced from startup_at32f402_405.o(RESET)
 <LI><a href="#[15]">NMI_Handler</a> from at32f402_405_int.o(.text.NMI_Handler) referenced from startup_at32f402_405.o(RESET)
 <LI><a href="#[55]">OTGFS1_IRQHandler</a> from startup_at32f402_405.o(.text) referenced from startup_at32f402_405.o(RESET)
 <LI><a href="#[48]">OTGFS1_WKUP_IRQHandler</a> from startup_at32f402_405.o(.text) referenced from startup_at32f402_405.o(RESET)
 <LI><a href="#[5c]">OTGHS_EP1_IN_IRQHandler</a> from startup_at32f402_405.o(.text) referenced from startup_at32f402_405.o(RESET)
 <LI><a href="#[5b]">OTGHS_EP1_OUT_IRQHandler</a> from startup_at32f402_405.o(.text) referenced from startup_at32f402_405.o(RESET)
 <LI><a href="#[5e]">OTGHS_IRQHandler</a> from at32f402_405_int.o(.text.OTGHS_IRQHandler) referenced from startup_at32f402_405.o(RESET)
 <LI><a href="#[5d]">OTGHS_WKUP_IRQHandler</a> from startup_at32f402_405.o(.text) referenced from startup_at32f402_405.o(RESET)
 <LI><a href="#[1f]">PVM_IRQHandler</a> from startup_at32f402_405.o(.text) referenced from startup_at32f402_405.o(RESET)
 <LI><a href="#[1c]">PendSV_Handler</a> from at32f402_405_int.o(.text.PendSV_Handler) referenced from startup_at32f402_405.o(RESET)
 <LI><a href="#[63]">QSPI1_IRQHandler</a> from startup_at32f402_405.o(.text) referenced from startup_at32f402_405.o(RESET)
 <LI><a href="#[14]">Reset_Handler</a> from startup_at32f402_405.o(.text) referenced from startup_at32f402_405.o(RESET)
 <LI><a href="#[41]">SPI1_IRQHandler</a> from startup_at32f402_405.o(.text) referenced from startup_at32f402_405.o(RESET)
 <LI><a href="#[42]">SPI2_IRQHandler</a> from startup_at32f402_405.o(.text) referenced from startup_at32f402_405.o(RESET)
 <LI><a href="#[4b]">SPI3_IRQHandler</a> from startup_at32f402_405.o(.text) referenced from startup_at32f402_405.o(RESET)
 <LI><a href="#[1a]">SVC_Handler</a> from at32f402_405_int.o(.text.SVC_Handler) referenced from startup_at32f402_405.o(RESET)
 <LI><a href="#[1d]">SysTick_Handler</a> from at32f402_405_int.o(.text.SysTick_Handler) referenced from startup_at32f402_405.o(RESET)
 <LI><a href="#[66]">SystemInit</a> from system_at32f402_405.o(.text.SystemInit) referenced from startup_at32f402_405.o(.text)
 <LI><a href="#[20]">TAMP_STAMP_IRQHandler</a> from startup_at32f402_405.o(.text) referenced from startup_at32f402_405.o(RESET)
 <LI><a href="#[49]">TMR13_GLOBAL_IRQHandler</a> from startup_at32f402_405.o(.text) referenced from startup_at32f402_405.o(RESET)
 <LI><a href="#[4a]">TMR14_GLOBAL_IRQHandler</a> from startup_at32f402_405.o(.text) referenced from startup_at32f402_405.o(RESET)
 <LI><a href="#[36]">TMR1_BRK_TMR9_IRQHandler</a> from startup_at32f402_405.o(.text) referenced from startup_at32f402_405.o(RESET)
 <LI><a href="#[39]">TMR1_CH_IRQHandler</a> from startup_at32f402_405.o(.text) referenced from startup_at32f402_405.o(RESET)
 <LI><a href="#[37]">TMR1_OVF_TMR10_IRQHandler</a> from startup_at32f402_405.o(.text) referenced from startup_at32f402_405.o(RESET)
 <LI><a href="#[38]">TMR1_TRG_HALL_TMR11_IRQHandler</a> from startup_at32f402_405.o(.text) referenced from startup_at32f402_405.o(RESET)
 <LI><a href="#[3a]">TMR2_GLOBAL_IRQHandler</a> from startup_at32f402_405.o(.text) referenced from startup_at32f402_405.o(RESET)
 <LI><a href="#[3b]">TMR3_GLOBAL_IRQHandler</a> from startup_at32f402_405.o(.text) referenced from startup_at32f402_405.o(RESET)
 <LI><a href="#[3c]">TMR4_GLOBAL_IRQHandler</a> from startup_at32f402_405.o(.text) referenced from startup_at32f402_405.o(RESET)
 <LI><a href="#[4e]">TMR6_GLOBAL_IRQHandler</a> from startup_at32f402_405.o(.text) referenced from startup_at32f402_405.o(RESET)
 <LI><a href="#[4f]">TMR7_GLOBAL_IRQHandler</a> from startup_at32f402_405.o(.text) referenced from startup_at32f402_405.o(RESET)
 <LI><a href="#[60]">UART7_IRQHandler</a> from startup_at32f402_405.o(.text) referenced from startup_at32f402_405.o(RESET)
 <LI><a href="#[61]">UART8_IRQHandler</a> from startup_at32f402_405.o(.text) referenced from startup_at32f402_405.o(RESET)
 <LI><a href="#[43]">USART1_IRQHandler</a> from startup_at32f402_405.o(.text) referenced from startup_at32f402_405.o(RESET)
 <LI><a href="#[44]">USART2_IRQHandler</a> from startup_at32f402_405.o(.text) referenced from startup_at32f402_405.o(RESET)
 <LI><a href="#[45]">USART3_IRQHandler</a> from startup_at32f402_405.o(.text) referenced from startup_at32f402_405.o(RESET)
 <LI><a href="#[4c]">USART4_IRQHandler</a> from startup_at32f402_405.o(.text) referenced from startup_at32f402_405.o(RESET)
 <LI><a href="#[4d]">USART5_IRQHandler</a> from startup_at32f402_405.o(.text) referenced from startup_at32f402_405.o(RESET)
 <LI><a href="#[58]">USART6_IRQHandler</a> from startup_at32f402_405.o(.text) referenced from startup_at32f402_405.o(RESET)
 <LI><a href="#[19]">UsageFault_Handler</a> from at32f402_405_int.o(.text.UsageFault_Handler) referenced from startup_at32f402_405.o(RESET)
 <LI><a href="#[1e]">WWDT_IRQHandler</a> from startup_at32f402_405.o(.text) referenced from startup_at32f402_405.o(RESET)
 <LI><a href="#[67]">__main</a> from __main.o(!!!main) referenced from startup_at32f402_405.o(.text)
 <LI><a href="#[1]">class_clear_handler</a> from custom_hid_class.o(.text.class_clear_handler) referenced 2 times from custom_hid_class.o(.data.custom_hid_class_handler)
 <LI><a href="#[4]">class_ept0_rx_handler</a> from custom_hid_class.o(.text.class_ept0_rx_handler) referenced 2 times from custom_hid_class.o(.data.custom_hid_class_handler)
 <LI><a href="#[3]">class_ept0_tx_handler</a> from custom_hid_class.o(.text.class_ept0_tx_handler) referenced 2 times from custom_hid_class.o(.data.custom_hid_class_handler)
 <LI><a href="#[8]">class_event_handler</a> from custom_hid_class.o(.text.class_event_handler) referenced 2 times from custom_hid_class.o(.data.custom_hid_class_handler)
 <LI><a href="#[5]">class_in_handler</a> from custom_hid_class.o(.text.class_in_handler) referenced 2 times from custom_hid_class.o(.data.custom_hid_class_handler)
 <LI><a href="#[0]">class_init_handler</a> from custom_hid_class.o(.text.class_init_handler) referenced 2 times from custom_hid_class.o(.data.custom_hid_class_handler)
 <LI><a href="#[6]">class_out_handler</a> from custom_hid_class.o(.text.class_out_handler) referenced 2 times from custom_hid_class.o(.data.custom_hid_class_handler)
 <LI><a href="#[2]">class_setup_handler</a> from custom_hid_class.o(.text.class_setup_handler) referenced 2 times from custom_hid_class.o(.data.custom_hid_class_handler)
 <LI><a href="#[7]">class_sof_handler</a> from custom_hid_class.o(.text.class_sof_handler) referenced 2 times from custom_hid_class.o(.data.custom_hid_class_handler)
 <LI><a href="#[12]">get_device_config_string</a> from custom_hid_desc.o(.text.get_device_config_string) referenced 2 times from custom_hid_desc.o(.data.custom_hid_desc_handler)
 <LI><a href="#[b]">get_device_configuration</a> from custom_hid_desc.o(.text.get_device_configuration) referenced 2 times from custom_hid_desc.o(.data.custom_hid_desc_handler)
 <LI><a href="#[9]">get_device_descriptor</a> from custom_hid_desc.o(.text.get_device_descriptor) referenced 2 times from custom_hid_desc.o(.data.custom_hid_desc_handler)
 <LI><a href="#[11]">get_device_interface_string</a> from custom_hid_desc.o(.text.get_device_interface_string) referenced 2 times from custom_hid_desc.o(.data.custom_hid_desc_handler)
 <LI><a href="#[d]">get_device_lang_id</a> from custom_hid_desc.o(.text.get_device_lang_id) referenced 2 times from custom_hid_desc.o(.data.custom_hid_desc_handler)
 <LI><a href="#[e]">get_device_manufacturer_string</a> from custom_hid_desc.o(.text.get_device_manufacturer_string) referenced 2 times from custom_hid_desc.o(.data.custom_hid_desc_handler)
 <LI><a href="#[c]">get_device_other_speed</a> from custom_hid_desc.o(.text.get_device_other_speed) referenced 2 times from custom_hid_desc.o(.data.custom_hid_desc_handler)
 <LI><a href="#[f]">get_device_product_string</a> from custom_hid_desc.o(.text.get_device_product_string) referenced 2 times from custom_hid_desc.o(.data.custom_hid_desc_handler)
 <LI><a href="#[a]">get_device_qualifier</a> from custom_hid_desc.o(.text.get_device_qualifier) referenced 2 times from custom_hid_desc.o(.data.custom_hid_desc_handler)
 <LI><a href="#[10]">get_device_serial_string</a> from custom_hid_desc.o(.text.get_device_serial_string) referenced 2 times from custom_hid_desc.o(.data.custom_hid_desc_handler)
 <LI><a href="#[13]">get_hs_device_configuration</a> from custom_hid_desc.o(.text.get_hs_device_configuration) referenced 2 times from custom_hid_desc.o(.data.custom_hid_desc_handler)
</UL>
<P>
<H3>
Global Symbols
</H3>
<P><STRONG><a name="[67]"></a>__main</STRONG> (Thumb, 8 bytes, Stack size 0 bytes, __main.o(!!!main))
<BR><BR>[Calls]<UL><LI><a href="#[68]">&gt;&gt;</a>&nbsp;&nbsp;&nbsp;__scatterload
<LI><a href="#[69]">&gt;&gt;</a>&nbsp;&nbsp;&nbsp;__rt_entry
</UL>
<BR>[Address Reference Count : 1]<UL><LI> startup_at32f402_405.o(.text)
</UL>
<P><STRONG><a name="[68]"></a>__scatterload</STRONG> (Thumb, 0 bytes, Stack size unknown bytes, __scatter.o(!!!scatter))
<BR><BR>[Called By]<UL><LI><a href="#[67]">&gt;&gt;</a>&nbsp;&nbsp;&nbsp;__main
</UL>

<P><STRONG><a name="[6a]"></a>__scatterload_rt2</STRONG> (Thumb, 84 bytes, Stack size unknown bytes, __scatter.o(!!!scatter), UNUSED)
<BR><BR>[Calls]<UL><LI><a href="#[69]">&gt;&gt;</a>&nbsp;&nbsp;&nbsp;__rt_entry
</UL>

<P><STRONG><a name="[11f]"></a>__scatterload_rt2_thumb_only</STRONG> (Thumb, 0 bytes, Stack size unknown bytes, __scatter.o(!!!scatter), UNUSED)

<P><STRONG><a name="[120]"></a>__scatterload_loop</STRONG> (Thumb, 0 bytes, Stack size unknown bytes, __scatter.o(!!!scatter), UNUSED)

<P><STRONG><a name="[121]"></a>__decompress</STRONG> (Thumb, 90 bytes, Stack size unknown bytes, __dczerorl2.o(!!dczerorl2), UNUSED)

<P><STRONG><a name="[122]"></a>__decompress1</STRONG> (Thumb, 0 bytes, Stack size unknown bytes, __dczerorl2.o(!!dczerorl2), UNUSED)

<P><STRONG><a name="[123]"></a>__scatterload_null</STRONG> (Thumb, 2 bytes, Stack size unknown bytes, __scatter.o(!!handler_null), UNUSED)

<P><STRONG><a name="[124]"></a>__scatterload_zeroinit</STRONG> (Thumb, 28 bytes, Stack size unknown bytes, __scatter_zi.o(!!handler_zi), UNUSED)

<P><STRONG><a name="[70]"></a>__rt_lib_init</STRONG> (Thumb, 0 bytes, Stack size unknown bytes, libinit.o(.ARM.Collect$$libinit$$00000000))
<BR><BR>[Called By]<UL><LI><a href="#[6f]">&gt;&gt;</a>&nbsp;&nbsp;&nbsp;__rt_entry_li
</UL>

<P><STRONG><a name="[6b]"></a>__rt_lib_init_fp_1</STRONG> (Thumb, 0 bytes, Stack size unknown bytes, libinit2.o(.ARM.Collect$$libinit$$00000001))
<BR><BR>[Calls]<UL><LI><a href="#[6c]">&gt;&gt;</a>&nbsp;&nbsp;&nbsp;_fp_init
</UL>

<P><STRONG><a name="[125]"></a>__rt_lib_init_alloca_1</STRONG> (Thumb, 0 bytes, Stack size unknown bytes, libinit2.o(.ARM.Collect$$libinit$$00000030))

<P><STRONG><a name="[126]"></a>__rt_lib_init_argv_1</STRONG> (Thumb, 0 bytes, Stack size unknown bytes, libinit2.o(.ARM.Collect$$libinit$$0000002E))

<P><STRONG><a name="[127]"></a>__rt_lib_init_atexit_1</STRONG> (Thumb, 0 bytes, Stack size unknown bytes, libinit2.o(.ARM.Collect$$libinit$$0000001D))

<P><STRONG><a name="[128]"></a>__rt_lib_init_clock_1</STRONG> (Thumb, 0 bytes, Stack size unknown bytes, libinit2.o(.ARM.Collect$$libinit$$00000023))

<P><STRONG><a name="[129]"></a>__rt_lib_init_cpp_1</STRONG> (Thumb, 0 bytes, Stack size unknown bytes, libinit2.o(.ARM.Collect$$libinit$$00000034))

<P><STRONG><a name="[12a]"></a>__rt_lib_init_exceptions_1</STRONG> (Thumb, 0 bytes, Stack size unknown bytes, libinit2.o(.ARM.Collect$$libinit$$00000032))

<P><STRONG><a name="[12b]"></a>__rt_lib_init_fp_trap_1</STRONG> (Thumb, 0 bytes, Stack size unknown bytes, libinit2.o(.ARM.Collect$$libinit$$00000021))

<P><STRONG><a name="[12c]"></a>__rt_lib_init_getenv_1</STRONG> (Thumb, 0 bytes, Stack size unknown bytes, libinit2.o(.ARM.Collect$$libinit$$00000025))

<P><STRONG><a name="[12d]"></a>__rt_lib_init_heap_1</STRONG> (Thumb, 0 bytes, Stack size unknown bytes, libinit2.o(.ARM.Collect$$libinit$$0000000C))

<P><STRONG><a name="[12e]"></a>__rt_lib_init_lc_collate_1</STRONG> (Thumb, 0 bytes, Stack size unknown bytes, libinit2.o(.ARM.Collect$$libinit$$00000013))

<P><STRONG><a name="[12f]"></a>__rt_lib_init_lc_ctype_1</STRONG> (Thumb, 0 bytes, Stack size unknown bytes, libinit2.o(.ARM.Collect$$libinit$$00000015))

<P><STRONG><a name="[130]"></a>__rt_lib_init_lc_monetary_1</STRONG> (Thumb, 0 bytes, Stack size unknown bytes, libinit2.o(.ARM.Collect$$libinit$$00000017))

<P><STRONG><a name="[131]"></a>__rt_lib_init_lc_numeric_1</STRONG> (Thumb, 0 bytes, Stack size unknown bytes, libinit2.o(.ARM.Collect$$libinit$$00000019))

<P><STRONG><a name="[132]"></a>__rt_lib_init_lc_time_1</STRONG> (Thumb, 0 bytes, Stack size unknown bytes, libinit2.o(.ARM.Collect$$libinit$$0000001B))

<P><STRONG><a name="[133]"></a>__rt_lib_init_preinit_1</STRONG> (Thumb, 0 bytes, Stack size unknown bytes, libinit2.o(.ARM.Collect$$libinit$$00000006))

<P><STRONG><a name="[134]"></a>__rt_lib_init_rand_1</STRONG> (Thumb, 0 bytes, Stack size unknown bytes, libinit2.o(.ARM.Collect$$libinit$$00000010))

<P><STRONG><a name="[135]"></a>__rt_lib_init_relocate_pie_1</STRONG> (Thumb, 0 bytes, Stack size unknown bytes, libinit2.o(.ARM.Collect$$libinit$$00000004))

<P><STRONG><a name="[136]"></a>__rt_lib_init_return</STRONG> (Thumb, 0 bytes, Stack size unknown bytes, libinit2.o(.ARM.Collect$$libinit$$00000035))

<P><STRONG><a name="[137]"></a>__rt_lib_init_signal_1</STRONG> (Thumb, 0 bytes, Stack size unknown bytes, libinit2.o(.ARM.Collect$$libinit$$0000001F))

<P><STRONG><a name="[138]"></a>__rt_lib_init_stdio_1</STRONG> (Thumb, 0 bytes, Stack size unknown bytes, libinit2.o(.ARM.Collect$$libinit$$00000027))

<P><STRONG><a name="[139]"></a>__rt_lib_init_user_alloc_1</STRONG> (Thumb, 0 bytes, Stack size unknown bytes, libinit2.o(.ARM.Collect$$libinit$$0000000E))

<P><STRONG><a name="[75]"></a>__rt_lib_shutdown</STRONG> (Thumb, 0 bytes, Stack size unknown bytes, libshutdown.o(.ARM.Collect$$libshutdown$$00000000))
<BR><BR>[Called By]<UL><LI><a href="#[74]">&gt;&gt;</a>&nbsp;&nbsp;&nbsp;__rt_exit_ls
</UL>

<P><STRONG><a name="[13a]"></a>__rt_lib_shutdown_cpp_1</STRONG> (Thumb, 0 bytes, Stack size unknown bytes, libshutdown2.o(.ARM.Collect$$libshutdown$$00000002))

<P><STRONG><a name="[13b]"></a>__rt_lib_shutdown_fp_trap_1</STRONG> (Thumb, 0 bytes, Stack size unknown bytes, libshutdown2.o(.ARM.Collect$$libshutdown$$00000007))

<P><STRONG><a name="[13c]"></a>__rt_lib_shutdown_heap_1</STRONG> (Thumb, 0 bytes, Stack size unknown bytes, libshutdown2.o(.ARM.Collect$$libshutdown$$0000000F))

<P><STRONG><a name="[13d]"></a>__rt_lib_shutdown_return</STRONG> (Thumb, 0 bytes, Stack size unknown bytes, libshutdown2.o(.ARM.Collect$$libshutdown$$00000010))

<P><STRONG><a name="[13e]"></a>__rt_lib_shutdown_signal_1</STRONG> (Thumb, 0 bytes, Stack size unknown bytes, libshutdown2.o(.ARM.Collect$$libshutdown$$0000000A))

<P><STRONG><a name="[13f]"></a>__rt_lib_shutdown_stdio_1</STRONG> (Thumb, 0 bytes, Stack size unknown bytes, libshutdown2.o(.ARM.Collect$$libshutdown$$00000004))

<P><STRONG><a name="[140]"></a>__rt_lib_shutdown_user_alloc_1</STRONG> (Thumb, 0 bytes, Stack size unknown bytes, libshutdown2.o(.ARM.Collect$$libshutdown$$0000000C))

<P><STRONG><a name="[69]"></a>__rt_entry</STRONG> (Thumb, 0 bytes, Stack size unknown bytes, __rtentry.o(.ARM.Collect$$rtentry$$00000000))
<BR><BR>[Called By]<UL><LI><a href="#[6a]">&gt;&gt;</a>&nbsp;&nbsp;&nbsp;__scatterload_rt2
<LI><a href="#[67]">&gt;&gt;</a>&nbsp;&nbsp;&nbsp;__main
</UL>

<P><STRONG><a name="[141]"></a>__rt_entry_presh_1</STRONG> (Thumb, 0 bytes, Stack size unknown bytes, __rtentry2.o(.ARM.Collect$$rtentry$$00000002))

<P><STRONG><a name="[6d]"></a>__rt_entry_sh</STRONG> (Thumb, 0 bytes, Stack size unknown bytes, __rtentry4.o(.ARM.Collect$$rtentry$$00000004))
<BR><BR>[Stack]<UL><LI>Max Depth = 8 + Unknown Stack Size
<LI>Call Chain = __rt_entry_sh &rArr; __user_setup_stackheap
</UL>
<BR>[Calls]<UL><LI><a href="#[6e]">&gt;&gt;</a>&nbsp;&nbsp;&nbsp;__user_setup_stackheap
</UL>

<P><STRONG><a name="[6f]"></a>__rt_entry_li</STRONG> (Thumb, 0 bytes, Stack size unknown bytes, __rtentry2.o(.ARM.Collect$$rtentry$$0000000A))
<BR><BR>[Calls]<UL><LI><a href="#[70]">&gt;&gt;</a>&nbsp;&nbsp;&nbsp;__rt_lib_init
</UL>

<P><STRONG><a name="[142]"></a>__rt_entry_postsh_1</STRONG> (Thumb, 0 bytes, Stack size unknown bytes, __rtentry2.o(.ARM.Collect$$rtentry$$00000009))

<P><STRONG><a name="[71]"></a>__rt_entry_main</STRONG> (Thumb, 0 bytes, Stack size unknown bytes, __rtentry2.o(.ARM.Collect$$rtentry$$0000000D))
<BR><BR>[Stack]<UL><LI>Max Depth = 216 + Unknown Stack Size
<LI>Call Chain = __rt_entry_main &rArr; main &rArr; SPI_LCD_Init &rArr; LCD_Clear &rArr; LCD_SetAddress &rArr; LCD_WriteData_16bit &rArr; at_spi_transmit &rArr; spi_i2s_data_transmit
</UL>
<BR>[Calls]<UL><LI><a href="#[72]">&gt;&gt;</a>&nbsp;&nbsp;&nbsp;main
<LI><a href="#[73]">&gt;&gt;</a>&nbsp;&nbsp;&nbsp;exit
</UL>

<P><STRONG><a name="[143]"></a>__rt_entry_postli_1</STRONG> (Thumb, 0 bytes, Stack size unknown bytes, __rtentry2.o(.ARM.Collect$$rtentry$$0000000C))

<P><STRONG><a name="[7a]"></a>__rt_exit</STRONG> (Thumb, 0 bytes, Stack size unknown bytes, rtexit.o(.ARM.Collect$$rtexit$$00000000))
<BR><BR>[Called By]<UL><LI><a href="#[73]">&gt;&gt;</a>&nbsp;&nbsp;&nbsp;exit
</UL>

<P><STRONG><a name="[74]"></a>__rt_exit_ls</STRONG> (Thumb, 0 bytes, Stack size unknown bytes, rtexit2.o(.ARM.Collect$$rtexit$$00000003))
<BR><BR>[Calls]<UL><LI><a href="#[75]">&gt;&gt;</a>&nbsp;&nbsp;&nbsp;__rt_lib_shutdown
</UL>

<P><STRONG><a name="[144]"></a>__rt_exit_prels_1</STRONG> (Thumb, 0 bytes, Stack size unknown bytes, rtexit2.o(.ARM.Collect$$rtexit$$00000002))

<P><STRONG><a name="[76]"></a>__rt_exit_exit</STRONG> (Thumb, 0 bytes, Stack size unknown bytes, rtexit2.o(.ARM.Collect$$rtexit$$00000004))
<BR><BR>[Calls]<UL><LI><a href="#[77]">&gt;&gt;</a>&nbsp;&nbsp;&nbsp;_sys_exit
</UL>

<P><STRONG><a name="[14]"></a>Reset_Handler</STRONG> (Thumb, 8 bytes, Stack size 0 bytes, startup_at32f402_405.o(.text))
<BR>[Address Reference Count : 1]<UL><LI> startup_at32f402_405.o(RESET)
</UL>
<P><STRONG><a name="[65]"></a>ACC_IRQHandler</STRONG> (Thumb, 0 bytes, Stack size 0 bytes, startup_at32f402_405.o(.text))
<BR><BR>[Calls]<UL><LI><a href="#[65]">&gt;&gt;</a>&nbsp;&nbsp;&nbsp;ACC_IRQHandler
</UL>
<BR>[Called By]<UL><LI><a href="#[65]">&gt;&gt;</a>&nbsp;&nbsp;&nbsp;ACC_IRQHandler
</UL>
<BR>[Address Reference Count : 1]<UL><LI> startup_at32f402_405.o(RESET)
</UL>
<P><STRONG><a name="[30]"></a>ADC1_IRQHandler</STRONG> (Thumb, 0 bytes, Stack size 0 bytes, startup_at32f402_405.o(.text))
<BR>[Address Reference Count : 1]<UL><LI> startup_at32f402_405.o(RESET)
</UL>
<P><STRONG><a name="[32]"></a>CAN1_RX0_IRQHandler</STRONG> (Thumb, 0 bytes, Stack size 0 bytes, startup_at32f402_405.o(.text))
<BR>[Address Reference Count : 1]<UL><LI> startup_at32f402_405.o(RESET)
</UL>
<P><STRONG><a name="[33]"></a>CAN1_RX1_IRQHandler</STRONG> (Thumb, 0 bytes, Stack size 0 bytes, startup_at32f402_405.o(.text))
<BR>[Address Reference Count : 1]<UL><LI> startup_at32f402_405.o(RESET)
</UL>
<P><STRONG><a name="[34]"></a>CAN1_SE_IRQHandler</STRONG> (Thumb, 0 bytes, Stack size 0 bytes, startup_at32f402_405.o(.text))
<BR>[Address Reference Count : 1]<UL><LI> startup_at32f402_405.o(RESET)
</UL>
<P><STRONG><a name="[31]"></a>CAN1_TX_IRQHandler</STRONG> (Thumb, 0 bytes, Stack size 0 bytes, startup_at32f402_405.o(.text))
<BR>[Address Reference Count : 1]<UL><LI> startup_at32f402_405.o(RESET)
</UL>
<P><STRONG><a name="[23]"></a>CRM_IRQHandler</STRONG> (Thumb, 0 bytes, Stack size 0 bytes, startup_at32f402_405.o(.text))
<BR>[Address Reference Count : 1]<UL><LI> startup_at32f402_405.o(RESET)
</UL>
<P><STRONG><a name="[29]"></a>DMA1_Channel1_IRQHandler</STRONG> (Thumb, 0 bytes, Stack size 0 bytes, startup_at32f402_405.o(.text))
<BR>[Address Reference Count : 1]<UL><LI> startup_at32f402_405.o(RESET)
</UL>
<P><STRONG><a name="[2a]"></a>DMA1_Channel2_IRQHandler</STRONG> (Thumb, 0 bytes, Stack size 0 bytes, startup_at32f402_405.o(.text))
<BR>[Address Reference Count : 1]<UL><LI> startup_at32f402_405.o(RESET)
</UL>
<P><STRONG><a name="[2b]"></a>DMA1_Channel3_IRQHandler</STRONG> (Thumb, 0 bytes, Stack size 0 bytes, startup_at32f402_405.o(.text))
<BR>[Address Reference Count : 1]<UL><LI> startup_at32f402_405.o(RESET)
</UL>
<P><STRONG><a name="[2c]"></a>DMA1_Channel4_IRQHandler</STRONG> (Thumb, 0 bytes, Stack size 0 bytes, startup_at32f402_405.o(.text))
<BR>[Address Reference Count : 1]<UL><LI> startup_at32f402_405.o(RESET)
</UL>
<P><STRONG><a name="[2d]"></a>DMA1_Channel5_IRQHandler</STRONG> (Thumb, 0 bytes, Stack size 0 bytes, startup_at32f402_405.o(.text))
<BR>[Address Reference Count : 1]<UL><LI> startup_at32f402_405.o(RESET)
</UL>
<P><STRONG><a name="[2e]"></a>DMA1_Channel6_IRQHandler</STRONG> (Thumb, 0 bytes, Stack size 0 bytes, startup_at32f402_405.o(.text))
<BR>[Address Reference Count : 1]<UL><LI> startup_at32f402_405.o(RESET)
</UL>
<P><STRONG><a name="[2f]"></a>DMA1_Channel7_IRQHandler</STRONG> (Thumb, 0 bytes, Stack size 0 bytes, startup_at32f402_405.o(.text))
<BR>[Address Reference Count : 1]<UL><LI> startup_at32f402_405.o(RESET)
</UL>
<P><STRONG><a name="[50]"></a>DMA2_Channel1_IRQHandler</STRONG> (Thumb, 0 bytes, Stack size 0 bytes, startup_at32f402_405.o(.text))
<BR>[Address Reference Count : 1]<UL><LI> startup_at32f402_405.o(RESET)
</UL>
<P><STRONG><a name="[51]"></a>DMA2_Channel2_IRQHandler</STRONG> (Thumb, 0 bytes, Stack size 0 bytes, startup_at32f402_405.o(.text))
<BR>[Address Reference Count : 1]<UL><LI> startup_at32f402_405.o(RESET)
</UL>
<P><STRONG><a name="[52]"></a>DMA2_Channel3_IRQHandler</STRONG> (Thumb, 0 bytes, Stack size 0 bytes, startup_at32f402_405.o(.text))
<BR>[Address Reference Count : 1]<UL><LI> startup_at32f402_405.o(RESET)
</UL>
<P><STRONG><a name="[53]"></a>DMA2_Channel4_IRQHandler</STRONG> (Thumb, 0 bytes, Stack size 0 bytes, startup_at32f402_405.o(.text))
<BR>[Address Reference Count : 1]<UL><LI> startup_at32f402_405.o(RESET)
</UL>
<P><STRONG><a name="[54]"></a>DMA2_Channel5_IRQHandler</STRONG> (Thumb, 0 bytes, Stack size 0 bytes, startup_at32f402_405.o(.text))
<BR>[Address Reference Count : 1]<UL><LI> startup_at32f402_405.o(RESET)
</UL>
<P><STRONG><a name="[56]"></a>DMA2_Channel6_IRQHandler</STRONG> (Thumb, 0 bytes, Stack size 0 bytes, startup_at32f402_405.o(.text))
<BR>[Address Reference Count : 1]<UL><LI> startup_at32f402_405.o(RESET)
</UL>
<P><STRONG><a name="[57]"></a>DMA2_Channel7_IRQHandler</STRONG> (Thumb, 0 bytes, Stack size 0 bytes, startup_at32f402_405.o(.text))
<BR>[Address Reference Count : 1]<UL><LI> startup_at32f402_405.o(RESET)
</UL>
<P><STRONG><a name="[64]"></a>DMAMUX_IRQHandler</STRONG> (Thumb, 0 bytes, Stack size 0 bytes, startup_at32f402_405.o(.text))
<BR>[Address Reference Count : 1]<UL><LI> startup_at32f402_405.o(RESET)
</UL>
<P><STRONG><a name="[47]"></a>ERTCAlarm_IRQHandler</STRONG> (Thumb, 0 bytes, Stack size 0 bytes, startup_at32f402_405.o(.text))
<BR>[Address Reference Count : 1]<UL><LI> startup_at32f402_405.o(RESET)
</UL>
<P><STRONG><a name="[21]"></a>ERTC_WKUP_IRQHandler</STRONG> (Thumb, 0 bytes, Stack size 0 bytes, startup_at32f402_405.o(.text))
<BR>[Address Reference Count : 1]<UL><LI> startup_at32f402_405.o(RESET)
</UL>
<P><STRONG><a name="[24]"></a>EXINT0_IRQHandler</STRONG> (Thumb, 0 bytes, Stack size 0 bytes, startup_at32f402_405.o(.text))
<BR>[Address Reference Count : 1]<UL><LI> startup_at32f402_405.o(RESET)
</UL>
<P><STRONG><a name="[46]"></a>EXINT15_10_IRQHandler</STRONG> (Thumb, 0 bytes, Stack size 0 bytes, startup_at32f402_405.o(.text))
<BR>[Address Reference Count : 1]<UL><LI> startup_at32f402_405.o(RESET)
</UL>
<P><STRONG><a name="[25]"></a>EXINT1_IRQHandler</STRONG> (Thumb, 0 bytes, Stack size 0 bytes, startup_at32f402_405.o(.text))
<BR>[Address Reference Count : 1]<UL><LI> startup_at32f402_405.o(RESET)
</UL>
<P><STRONG><a name="[26]"></a>EXINT2_IRQHandler</STRONG> (Thumb, 0 bytes, Stack size 0 bytes, startup_at32f402_405.o(.text))
<BR>[Address Reference Count : 1]<UL><LI> startup_at32f402_405.o(RESET)
</UL>
<P><STRONG><a name="[27]"></a>EXINT3_IRQHandler</STRONG> (Thumb, 0 bytes, Stack size 0 bytes, startup_at32f402_405.o(.text))
<BR>[Address Reference Count : 1]<UL><LI> startup_at32f402_405.o(RESET)
</UL>
<P><STRONG><a name="[28]"></a>EXINT4_IRQHandler</STRONG> (Thumb, 0 bytes, Stack size 0 bytes, startup_at32f402_405.o(.text))
<BR>[Address Reference Count : 1]<UL><LI> startup_at32f402_405.o(RESET)
</UL>
<P><STRONG><a name="[35]"></a>EXINT9_5_IRQHandler</STRONG> (Thumb, 0 bytes, Stack size 0 bytes, startup_at32f402_405.o(.text))
<BR>[Address Reference Count : 1]<UL><LI> startup_at32f402_405.o(RESET)
</UL>
<P><STRONG><a name="[22]"></a>FLASH_IRQHandler</STRONG> (Thumb, 0 bytes, Stack size 0 bytes, startup_at32f402_405.o(.text))
<BR>[Address Reference Count : 1]<UL><LI> startup_at32f402_405.o(RESET)
</UL>
<P><STRONG><a name="[5f]"></a>FPU_IRQHandler</STRONG> (Thumb, 0 bytes, Stack size 0 bytes, startup_at32f402_405.o(.text))
<BR>[Address Reference Count : 1]<UL><LI> startup_at32f402_405.o(RESET)
</UL>
<P><STRONG><a name="[3e]"></a>I2C1_ERR_IRQHandler</STRONG> (Thumb, 0 bytes, Stack size 0 bytes, startup_at32f402_405.o(.text))
<BR>[Address Reference Count : 1]<UL><LI> startup_at32f402_405.o(RESET)
</UL>
<P><STRONG><a name="[3d]"></a>I2C1_EVT_IRQHandler</STRONG> (Thumb, 0 bytes, Stack size 0 bytes, startup_at32f402_405.o(.text))
<BR>[Address Reference Count : 1]<UL><LI> startup_at32f402_405.o(RESET)
</UL>
<P><STRONG><a name="[40]"></a>I2C2_ERR_IRQHandler</STRONG> (Thumb, 0 bytes, Stack size 0 bytes, startup_at32f402_405.o(.text))
<BR>[Address Reference Count : 1]<UL><LI> startup_at32f402_405.o(RESET)
</UL>
<P><STRONG><a name="[3f]"></a>I2C2_EVT_IRQHandler</STRONG> (Thumb, 0 bytes, Stack size 0 bytes, startup_at32f402_405.o(.text))
<BR>[Address Reference Count : 1]<UL><LI> startup_at32f402_405.o(RESET)
</UL>
<P><STRONG><a name="[5a]"></a>I2C3_ERR_IRQHandler</STRONG> (Thumb, 0 bytes, Stack size 0 bytes, startup_at32f402_405.o(.text))
<BR>[Address Reference Count : 1]<UL><LI> startup_at32f402_405.o(RESET)
</UL>
<P><STRONG><a name="[59]"></a>I2C3_EVT_IRQHandler</STRONG> (Thumb, 0 bytes, Stack size 0 bytes, startup_at32f402_405.o(.text))
<BR>[Address Reference Count : 1]<UL><LI> startup_at32f402_405.o(RESET)
</UL>
<P><STRONG><a name="[62]"></a>I2SF5_IRQHandler</STRONG> (Thumb, 0 bytes, Stack size 0 bytes, startup_at32f402_405.o(.text))
<BR>[Address Reference Count : 1]<UL><LI> startup_at32f402_405.o(RESET)
</UL>
<P><STRONG><a name="[55]"></a>OTGFS1_IRQHandler</STRONG> (Thumb, 0 bytes, Stack size 0 bytes, startup_at32f402_405.o(.text))
<BR>[Address Reference Count : 1]<UL><LI> startup_at32f402_405.o(RESET)
</UL>
<P><STRONG><a name="[48]"></a>OTGFS1_WKUP_IRQHandler</STRONG> (Thumb, 0 bytes, Stack size 0 bytes, startup_at32f402_405.o(.text))
<BR>[Address Reference Count : 1]<UL><LI> startup_at32f402_405.o(RESET)
</UL>
<P><STRONG><a name="[5c]"></a>OTGHS_EP1_IN_IRQHandler</STRONG> (Thumb, 0 bytes, Stack size 0 bytes, startup_at32f402_405.o(.text))
<BR>[Address Reference Count : 1]<UL><LI> startup_at32f402_405.o(RESET)
</UL>
<P><STRONG><a name="[5b]"></a>OTGHS_EP1_OUT_IRQHandler</STRONG> (Thumb, 0 bytes, Stack size 0 bytes, startup_at32f402_405.o(.text))
<BR>[Address Reference Count : 1]<UL><LI> startup_at32f402_405.o(RESET)
</UL>
<P><STRONG><a name="[5d]"></a>OTGHS_WKUP_IRQHandler</STRONG> (Thumb, 0 bytes, Stack size 0 bytes, startup_at32f402_405.o(.text))
<BR>[Address Reference Count : 1]<UL><LI> startup_at32f402_405.o(RESET)
</UL>
<P><STRONG><a name="[1f]"></a>PVM_IRQHandler</STRONG> (Thumb, 0 bytes, Stack size 0 bytes, startup_at32f402_405.o(.text))
<BR>[Address Reference Count : 1]<UL><LI> startup_at32f402_405.o(RESET)
</UL>
<P><STRONG><a name="[63]"></a>QSPI1_IRQHandler</STRONG> (Thumb, 0 bytes, Stack size 0 bytes, startup_at32f402_405.o(.text))
<BR>[Address Reference Count : 1]<UL><LI> startup_at32f402_405.o(RESET)
</UL>
<P><STRONG><a name="[41]"></a>SPI1_IRQHandler</STRONG> (Thumb, 0 bytes, Stack size 0 bytes, startup_at32f402_405.o(.text))
<BR>[Address Reference Count : 1]<UL><LI> startup_at32f402_405.o(RESET)
</UL>
<P><STRONG><a name="[42]"></a>SPI2_IRQHandler</STRONG> (Thumb, 0 bytes, Stack size 0 bytes, startup_at32f402_405.o(.text))
<BR>[Address Reference Count : 1]<UL><LI> startup_at32f402_405.o(RESET)
</UL>
<P><STRONG><a name="[4b]"></a>SPI3_IRQHandler</STRONG> (Thumb, 0 bytes, Stack size 0 bytes, startup_at32f402_405.o(.text))
<BR>[Address Reference Count : 1]<UL><LI> startup_at32f402_405.o(RESET)
</UL>
<P><STRONG><a name="[20]"></a>TAMP_STAMP_IRQHandler</STRONG> (Thumb, 0 bytes, Stack size 0 bytes, startup_at32f402_405.o(.text))
<BR>[Address Reference Count : 1]<UL><LI> startup_at32f402_405.o(RESET)
</UL>
<P><STRONG><a name="[49]"></a>TMR13_GLOBAL_IRQHandler</STRONG> (Thumb, 0 bytes, Stack size 0 bytes, startup_at32f402_405.o(.text))
<BR>[Address Reference Count : 1]<UL><LI> startup_at32f402_405.o(RESET)
</UL>
<P><STRONG><a name="[4a]"></a>TMR14_GLOBAL_IRQHandler</STRONG> (Thumb, 0 bytes, Stack size 0 bytes, startup_at32f402_405.o(.text))
<BR>[Address Reference Count : 1]<UL><LI> startup_at32f402_405.o(RESET)
</UL>
<P><STRONG><a name="[36]"></a>TMR1_BRK_TMR9_IRQHandler</STRONG> (Thumb, 0 bytes, Stack size 0 bytes, startup_at32f402_405.o(.text))
<BR>[Address Reference Count : 1]<UL><LI> startup_at32f402_405.o(RESET)
</UL>
<P><STRONG><a name="[39]"></a>TMR1_CH_IRQHandler</STRONG> (Thumb, 0 bytes, Stack size 0 bytes, startup_at32f402_405.o(.text))
<BR>[Address Reference Count : 1]<UL><LI> startup_at32f402_405.o(RESET)
</UL>
<P><STRONG><a name="[37]"></a>TMR1_OVF_TMR10_IRQHandler</STRONG> (Thumb, 0 bytes, Stack size 0 bytes, startup_at32f402_405.o(.text))
<BR>[Address Reference Count : 1]<UL><LI> startup_at32f402_405.o(RESET)
</UL>
<P><STRONG><a name="[38]"></a>TMR1_TRG_HALL_TMR11_IRQHandler</STRONG> (Thumb, 0 bytes, Stack size 0 bytes, startup_at32f402_405.o(.text))
<BR>[Address Reference Count : 1]<UL><LI> startup_at32f402_405.o(RESET)
</UL>
<P><STRONG><a name="[3a]"></a>TMR2_GLOBAL_IRQHandler</STRONG> (Thumb, 0 bytes, Stack size 0 bytes, startup_at32f402_405.o(.text))
<BR>[Address Reference Count : 1]<UL><LI> startup_at32f402_405.o(RESET)
</UL>
<P><STRONG><a name="[3b]"></a>TMR3_GLOBAL_IRQHandler</STRONG> (Thumb, 0 bytes, Stack size 0 bytes, startup_at32f402_405.o(.text))
<BR>[Address Reference Count : 1]<UL><LI> startup_at32f402_405.o(RESET)
</UL>
<P><STRONG><a name="[3c]"></a>TMR4_GLOBAL_IRQHandler</STRONG> (Thumb, 0 bytes, Stack size 0 bytes, startup_at32f402_405.o(.text))
<BR>[Address Reference Count : 1]<UL><LI> startup_at32f402_405.o(RESET)
</UL>
<P><STRONG><a name="[4e]"></a>TMR6_GLOBAL_IRQHandler</STRONG> (Thumb, 0 bytes, Stack size 0 bytes, startup_at32f402_405.o(.text))
<BR>[Address Reference Count : 1]<UL><LI> startup_at32f402_405.o(RESET)
</UL>
<P><STRONG><a name="[4f]"></a>TMR7_GLOBAL_IRQHandler</STRONG> (Thumb, 0 bytes, Stack size 0 bytes, startup_at32f402_405.o(.text))
<BR>[Address Reference Count : 1]<UL><LI> startup_at32f402_405.o(RESET)
</UL>
<P><STRONG><a name="[60]"></a>UART7_IRQHandler</STRONG> (Thumb, 0 bytes, Stack size 0 bytes, startup_at32f402_405.o(.text))
<BR>[Address Reference Count : 1]<UL><LI> startup_at32f402_405.o(RESET)
</UL>
<P><STRONG><a name="[61]"></a>UART8_IRQHandler</STRONG> (Thumb, 0 bytes, Stack size 0 bytes, startup_at32f402_405.o(.text))
<BR>[Address Reference Count : 1]<UL><LI> startup_at32f402_405.o(RESET)
</UL>
<P><STRONG><a name="[43]"></a>USART1_IRQHandler</STRONG> (Thumb, 0 bytes, Stack size 0 bytes, startup_at32f402_405.o(.text))
<BR>[Address Reference Count : 1]<UL><LI> startup_at32f402_405.o(RESET)
</UL>
<P><STRONG><a name="[44]"></a>USART2_IRQHandler</STRONG> (Thumb, 0 bytes, Stack size 0 bytes, startup_at32f402_405.o(.text))
<BR>[Address Reference Count : 1]<UL><LI> startup_at32f402_405.o(RESET)
</UL>
<P><STRONG><a name="[45]"></a>USART3_IRQHandler</STRONG> (Thumb, 0 bytes, Stack size 0 bytes, startup_at32f402_405.o(.text))
<BR>[Address Reference Count : 1]<UL><LI> startup_at32f402_405.o(RESET)
</UL>
<P><STRONG><a name="[4c]"></a>USART4_IRQHandler</STRONG> (Thumb, 0 bytes, Stack size 0 bytes, startup_at32f402_405.o(.text))
<BR>[Address Reference Count : 1]<UL><LI> startup_at32f402_405.o(RESET)
</UL>
<P><STRONG><a name="[4d]"></a>USART5_IRQHandler</STRONG> (Thumb, 0 bytes, Stack size 0 bytes, startup_at32f402_405.o(.text))
<BR>[Address Reference Count : 1]<UL><LI> startup_at32f402_405.o(RESET)
</UL>
<P><STRONG><a name="[58]"></a>USART6_IRQHandler</STRONG> (Thumb, 0 bytes, Stack size 0 bytes, startup_at32f402_405.o(.text))
<BR>[Address Reference Count : 1]<UL><LI> startup_at32f402_405.o(RESET)
</UL>
<P><STRONG><a name="[1e]"></a>WWDT_IRQHandler</STRONG> (Thumb, 0 bytes, Stack size 0 bytes, startup_at32f402_405.o(.text))
<BR>[Address Reference Count : 1]<UL><LI> startup_at32f402_405.o(RESET)
</UL>
<P><STRONG><a name="[79]"></a>__user_initial_stackheap</STRONG> (Thumb, 0 bytes, Stack size unknown bytes, startup_at32f402_405.o(.text))
<BR><BR>[Called By]<UL><LI><a href="#[6e]">&gt;&gt;</a>&nbsp;&nbsp;&nbsp;__user_setup_stackheap
</UL>

<P><STRONG><a name="[9c]"></a>__aeabi_uldivmod</STRONG> (Thumb, 0 bytes, Stack size 48 bytes, lludivv7m.o(.text))
<BR><BR>[Stack]<UL><LI>Max Depth = 48<LI>Call Chain = __aeabi_uldivmod
</UL>
<BR>[Called By]<UL><LI><a href="#[9a]">&gt;&gt;</a>&nbsp;&nbsp;&nbsp;crm_clocks_freq_get
<LI><a href="#[bb]">&gt;&gt;</a>&nbsp;&nbsp;&nbsp;system_core_clock_update
</UL>

<P><STRONG><a name="[145]"></a>_ll_udiv</STRONG> (Thumb, 240 bytes, Stack size 48 bytes, lludivv7m.o(.text), UNUSED)

<P><STRONG><a name="[146]"></a>__use_two_region_memory</STRONG> (Thumb, 2 bytes, Stack size 0 bytes, heapauxi.o(.text), UNUSED)

<P><STRONG><a name="[147]"></a>__rt_heap_escrow$2region</STRONG> (Thumb, 2 bytes, Stack size 0 bytes, heapauxi.o(.text), UNUSED)

<P><STRONG><a name="[148]"></a>__rt_heap_expand$2region</STRONG> (Thumb, 2 bytes, Stack size 0 bytes, heapauxi.o(.text), UNUSED)

<P><STRONG><a name="[6e]"></a>__user_setup_stackheap</STRONG> (Thumb, 74 bytes, Stack size 8 bytes, sys_stackheap_outer.o(.text))
<BR><BR>[Stack]<UL><LI>Max Depth = 8 + Unknown Stack Size
<LI>Call Chain = __user_setup_stackheap
</UL>
<BR>[Calls]<UL><LI><a href="#[79]">&gt;&gt;</a>&nbsp;&nbsp;&nbsp;__user_initial_stackheap
<LI><a href="#[78]">&gt;&gt;</a>&nbsp;&nbsp;&nbsp;__user_perproc_libspace
</UL>
<BR>[Called By]<UL><LI><a href="#[6d]">&gt;&gt;</a>&nbsp;&nbsp;&nbsp;__rt_entry_sh
</UL>

<P><STRONG><a name="[73]"></a>exit</STRONG> (Thumb, 18 bytes, Stack size 8 bytes, exit.o(.text))
<BR><BR>[Stack]<UL><LI>Max Depth = 8 + Unknown Stack Size
<LI>Call Chain = exit
</UL>
<BR>[Calls]<UL><LI><a href="#[7a]">&gt;&gt;</a>&nbsp;&nbsp;&nbsp;__rt_exit
</UL>
<BR>[Called By]<UL><LI><a href="#[71]">&gt;&gt;</a>&nbsp;&nbsp;&nbsp;__rt_entry_main
</UL>

<P><STRONG><a name="[149]"></a>__user_libspace</STRONG> (Thumb, 8 bytes, Stack size 0 bytes, libspace.o(.text), UNUSED)

<P><STRONG><a name="[78]"></a>__user_perproc_libspace</STRONG> (Thumb, 0 bytes, Stack size 0 bytes, libspace.o(.text))
<BR><BR>[Called By]<UL><LI><a href="#[6e]">&gt;&gt;</a>&nbsp;&nbsp;&nbsp;__user_setup_stackheap
</UL>

<P><STRONG><a name="[14a]"></a>__user_perthread_libspace</STRONG> (Thumb, 0 bytes, Stack size 0 bytes, libspace.o(.text), UNUSED)

<P><STRONG><a name="[77]"></a>_sys_exit</STRONG> (Thumb, 8 bytes, Stack size 0 bytes, sys_exit.o(.text))
<BR><BR>[Called By]<UL><LI><a href="#[76]">&gt;&gt;</a>&nbsp;&nbsp;&nbsp;__rt_exit_exit
</UL>

<P><STRONG><a name="[14b]"></a>__I$use$semihosting</STRONG> (Thumb, 0 bytes, Stack size 0 bytes, use_no_semi.o(.text), UNUSED)

<P><STRONG><a name="[14c]"></a>__use_no_semihosting_swi</STRONG> (Thumb, 2 bytes, Stack size 0 bytes, use_no_semi.o(.text), UNUSED)

<P><STRONG><a name="[14d]"></a>__semihosting_library_function</STRONG> (Thumb, 0 bytes, Stack size unknown bytes, indicate_semi.o(.text), UNUSED)

<P><STRONG><a name="[18]"></a>BusFault_Handler</STRONG> (Thumb, 4 bytes, Stack size 0 bytes, at32f402_405_int.o(.text.BusFault_Handler))
<BR>[Address Reference Count : 1]<UL><LI> startup_at32f402_405.o(RESET)
</UL>
<P><STRONG><a name="[1b]"></a>DebugMon_Handler</STRONG> (Thumb, 2 bytes, Stack size 0 bytes, at32f402_405_int.o(.text.DebugMon_Handler))
<BR>[Address Reference Count : 1]<UL><LI> startup_at32f402_405.o(RESET)
</UL>
<P><STRONG><a name="[16]"></a>HardFault_Handler</STRONG> (Thumb, 4 bytes, Stack size 0 bytes, at32f402_405_int.o(.text.HardFault_Handler))
<BR>[Address Reference Count : 1]<UL><LI> startup_at32f402_405.o(RESET)
</UL>
<P><STRONG><a name="[7b]"></a>LCD_Clear</STRONG> (Thumb, 106 bytes, Stack size 16 bytes, lcd_spi.o(.text.LCD_Clear))
<BR><BR>[Stack]<UL><LI>Max Depth = 80<LI>Call Chain = LCD_Clear &rArr; LCD_SetAddress &rArr; LCD_WriteData_16bit &rArr; at_spi_transmit &rArr; spi_i2s_data_transmit
</UL>
<BR>[Calls]<UL><LI><a href="#[7c]">&gt;&gt;</a>&nbsp;&nbsp;&nbsp;LCD_SetAddress
<LI><a href="#[7e]">&gt;&gt;</a>&nbsp;&nbsp;&nbsp;at_spi_transmit_16bit
<LI><a href="#[7f]">&gt;&gt;</a>&nbsp;&nbsp;&nbsp;at_spi_switch_to_8bit
<LI><a href="#[7d]">&gt;&gt;</a>&nbsp;&nbsp;&nbsp;at_spi_switch_to_16bit
</UL>
<BR>[Called By]<UL><LI><a href="#[89]">&gt;&gt;</a>&nbsp;&nbsp;&nbsp;SPI_LCD_Init
<LI><a href="#[72]">&gt;&gt;</a>&nbsp;&nbsp;&nbsp;main
</UL>

<P><STRONG><a name="[80]"></a>LCD_ReadScanLine</STRONG> (Thumb, 420 bytes, Stack size 24 bytes, lcd_spi.o(.text.LCD_ReadScanLine))
<BR><BR>[Stack]<UL><LI>Max Depth = 64<LI>Call Chain = LCD_ReadScanLine &rArr; LCD_WriteCommand &rArr; at_spi_transmit &rArr; spi_i2s_data_transmit
</UL>
<BR>[Calls]<UL><LI><a href="#[81]">&gt;&gt;</a>&nbsp;&nbsp;&nbsp;LCD_WriteCommand
</UL>
<BR>[Called By]<UL><LI><a href="#[72]">&gt;&gt;</a>&nbsp;&nbsp;&nbsp;main
</UL>

<P><STRONG><a name="[7c]"></a>LCD_SetAddress</STRONG> (Thumb, 118 bytes, Stack size 24 bytes, lcd_spi.o(.text.LCD_SetAddress))
<BR><BR>[Stack]<UL><LI>Max Depth = 64<LI>Call Chain = LCD_SetAddress &rArr; LCD_WriteData_16bit &rArr; at_spi_transmit &rArr; spi_i2s_data_transmit
</UL>
<BR>[Calls]<UL><LI><a href="#[82]">&gt;&gt;</a>&nbsp;&nbsp;&nbsp;LCD_WriteData_16bit
<LI><a href="#[81]">&gt;&gt;</a>&nbsp;&nbsp;&nbsp;LCD_WriteCommand
<LI><a href="#[7f]">&gt;&gt;</a>&nbsp;&nbsp;&nbsp;at_spi_switch_to_8bit
</UL>
<BR>[Called By]<UL><LI><a href="#[7b]">&gt;&gt;</a>&nbsp;&nbsp;&nbsp;LCD_Clear
</UL>

<P><STRONG><a name="[8c]"></a>LCD_SetBackColor</STRONG> (Thumb, 82 bytes, Stack size 12 bytes, lcd_spi.o(.text.LCD_SetBackColor))
<BR><BR>[Stack]<UL><LI>Max Depth = 12<LI>Call Chain = LCD_SetBackColor
</UL>
<BR>[Called By]<UL><LI><a href="#[89]">&gt;&gt;</a>&nbsp;&nbsp;&nbsp;SPI_LCD_Init
<LI><a href="#[72]">&gt;&gt;</a>&nbsp;&nbsp;&nbsp;main
</UL>

<P><STRONG><a name="[8b]"></a>LCD_SetColor</STRONG> (Thumb, 82 bytes, Stack size 12 bytes, lcd_spi.o(.text.LCD_SetColor))
<BR><BR>[Stack]<UL><LI>Max Depth = 12<LI>Call Chain = LCD_SetColor
</UL>
<BR>[Called By]<UL><LI><a href="#[89]">&gt;&gt;</a>&nbsp;&nbsp;&nbsp;SPI_LCD_Init
</UL>

<P><STRONG><a name="[83]"></a>LCD_SetDirection</STRONG> (Thumb, 230 bytes, Stack size 16 bytes, lcd_spi.o(.text.LCD_SetDirection))
<BR><BR>[Stack]<UL><LI>Max Depth = 56<LI>Call Chain = LCD_SetDirection &rArr; LCD_WriteData_8bit &rArr; at_spi_transmit &rArr; spi_i2s_data_transmit
</UL>
<BR>[Calls]<UL><LI><a href="#[84]">&gt;&gt;</a>&nbsp;&nbsp;&nbsp;LCD_WriteData_8bit
<LI><a href="#[81]">&gt;&gt;</a>&nbsp;&nbsp;&nbsp;LCD_WriteCommand
</UL>
<BR>[Called By]<UL><LI><a href="#[89]">&gt;&gt;</a>&nbsp;&nbsp;&nbsp;SPI_LCD_Init
</UL>

<P><STRONG><a name="[81]"></a>LCD_WriteCommand</STRONG> (Thumb, 196 bytes, Stack size 16 bytes, lcd_spi.o(.text.LCD_WriteCommand))
<BR><BR>[Stack]<UL><LI>Max Depth = 40<LI>Call Chain = LCD_WriteCommand &rArr; at_spi_transmit &rArr; spi_i2s_data_transmit
</UL>
<BR>[Calls]<UL><LI><a href="#[86]">&gt;&gt;</a>&nbsp;&nbsp;&nbsp;at_spi_transmit
<LI><a href="#[87]">&gt;&gt;</a>&nbsp;&nbsp;&nbsp;gpio_bits_set
<LI><a href="#[85]">&gt;&gt;</a>&nbsp;&nbsp;&nbsp;gpio_bits_reset
</UL>
<BR>[Called By]<UL><LI><a href="#[7c]">&gt;&gt;</a>&nbsp;&nbsp;&nbsp;LCD_SetAddress
<LI><a href="#[83]">&gt;&gt;</a>&nbsp;&nbsp;&nbsp;LCD_SetDirection
<LI><a href="#[80]">&gt;&gt;</a>&nbsp;&nbsp;&nbsp;LCD_ReadScanLine
<LI><a href="#[89]">&gt;&gt;</a>&nbsp;&nbsp;&nbsp;SPI_LCD_Init
</UL>

<P><STRONG><a name="[82]"></a>LCD_WriteData_16bit</STRONG> (Thumb, 40 bytes, Stack size 16 bytes, lcd_spi.o(.text.LCD_WriteData_16bit))
<BR><BR>[Stack]<UL><LI>Max Depth = 40<LI>Call Chain = LCD_WriteData_16bit &rArr; at_spi_transmit &rArr; spi_i2s_data_transmit
</UL>
<BR>[Calls]<UL><LI><a href="#[86]">&gt;&gt;</a>&nbsp;&nbsp;&nbsp;at_spi_transmit
</UL>
<BR>[Called By]<UL><LI><a href="#[7c]">&gt;&gt;</a>&nbsp;&nbsp;&nbsp;LCD_SetAddress
</UL>

<P><STRONG><a name="[84]"></a>LCD_WriteData_8bit</STRONG> (Thumb, 28 bytes, Stack size 16 bytes, lcd_spi.o(.text.LCD_WriteData_8bit))
<BR><BR>[Stack]<UL><LI>Max Depth = 40<LI>Call Chain = LCD_WriteData_8bit &rArr; at_spi_transmit &rArr; spi_i2s_data_transmit
</UL>
<BR>[Calls]<UL><LI><a href="#[86]">&gt;&gt;</a>&nbsp;&nbsp;&nbsp;at_spi_transmit
</UL>
<BR>[Called By]<UL><LI><a href="#[83]">&gt;&gt;</a>&nbsp;&nbsp;&nbsp;LCD_SetDirection
<LI><a href="#[89]">&gt;&gt;</a>&nbsp;&nbsp;&nbsp;SPI_LCD_Init
</UL>

<P><STRONG><a name="[17]"></a>MemManage_Handler</STRONG> (Thumb, 4 bytes, Stack size 0 bytes, at32f402_405_int.o(.text.MemManage_Handler))
<BR>[Address Reference Count : 1]<UL><LI> startup_at32f402_405.o(RESET)
</UL>
<P><STRONG><a name="[15]"></a>NMI_Handler</STRONG> (Thumb, 2 bytes, Stack size 0 bytes, at32f402_405_int.o(.text.NMI_Handler))
<BR>[Address Reference Count : 1]<UL><LI> startup_at32f402_405.o(RESET)
</UL>
<P><STRONG><a name="[5e]"></a>OTGHS_IRQHandler</STRONG> (Thumb, 8 bytes, Stack size 8 bytes, at32f402_405_int.o(.text.OTGHS_IRQHandler))
<BR><BR>[Stack]<UL><LI>Max Depth = 300<LI>Call Chain = OTGHS_IRQHandler &rArr; wk_otghs_irq_handler &rArr; usbd_irq_handler &rArr; usbd_outept_handler &rArr; usbd_core_setup_handler &rArr; usbd_device_request &rArr; usbd_get_descriptor &rArr; usbd_ctrl_send &rArr; usbd_ept_send &rArr; usbd_ept_in_check_fifo &rArr; usbd_flush_tx_fifo &rArr; usb_flush_tx_fifo
</UL>
<BR>[Calls]<UL><LI><a href="#[88]">&gt;&gt;</a>&nbsp;&nbsp;&nbsp;wk_otghs_irq_handler
</UL>
<BR>[Address Reference Count : 1]<UL><LI> startup_at32f402_405.o(RESET)
</UL>
<P><STRONG><a name="[1c]"></a>PendSV_Handler</STRONG> (Thumb, 2 bytes, Stack size 0 bytes, at32f402_405_int.o(.text.PendSV_Handler))
<BR>[Address Reference Count : 1]<UL><LI> startup_at32f402_405.o(RESET)
</UL>
<P><STRONG><a name="[89]"></a>SPI_LCD_Init</STRONG> (Thumb, 944 bytes, Stack size 120 bytes, lcd_spi.o(.text.SPI_LCD_Init))
<BR><BR>[Stack]<UL><LI>Max Depth = 200<LI>Call Chain = SPI_LCD_Init &rArr; LCD_Clear &rArr; LCD_SetAddress &rArr; LCD_WriteData_16bit &rArr; at_spi_transmit &rArr; spi_i2s_data_transmit
</UL>
<BR>[Calls]<UL><LI><a href="#[8b]">&gt;&gt;</a>&nbsp;&nbsp;&nbsp;LCD_SetColor
<LI><a href="#[83]">&gt;&gt;</a>&nbsp;&nbsp;&nbsp;LCD_SetDirection
<LI><a href="#[84]">&gt;&gt;</a>&nbsp;&nbsp;&nbsp;LCD_WriteData_8bit
<LI><a href="#[81]">&gt;&gt;</a>&nbsp;&nbsp;&nbsp;LCD_WriteCommand
<LI><a href="#[87]">&gt;&gt;</a>&nbsp;&nbsp;&nbsp;gpio_bits_set
<LI><a href="#[85]">&gt;&gt;</a>&nbsp;&nbsp;&nbsp;gpio_bits_reset
<LI><a href="#[8a]">&gt;&gt;</a>&nbsp;&nbsp;&nbsp;wk_delay_ms
<LI><a href="#[7b]">&gt;&gt;</a>&nbsp;&nbsp;&nbsp;LCD_Clear
<LI><a href="#[8c]">&gt;&gt;</a>&nbsp;&nbsp;&nbsp;LCD_SetBackColor
</UL>
<BR>[Called By]<UL><LI><a href="#[72]">&gt;&gt;</a>&nbsp;&nbsp;&nbsp;main
</UL>

<P><STRONG><a name="[1a]"></a>SVC_Handler</STRONG> (Thumb, 2 bytes, Stack size 0 bytes, at32f402_405_int.o(.text.SVC_Handler))
<BR>[Address Reference Count : 1]<UL><LI> startup_at32f402_405.o(RESET)
</UL>
<P><STRONG><a name="[1d]"></a>SysTick_Handler</STRONG> (Thumb, 8 bytes, Stack size 8 bytes, at32f402_405_int.o(.text.SysTick_Handler))
<BR><BR>[Stack]<UL><LI>Max Depth = 16<LI>Call Chain = SysTick_Handler &rArr; wk_timebase_handler
</UL>
<BR>[Calls]<UL><LI><a href="#[8d]">&gt;&gt;</a>&nbsp;&nbsp;&nbsp;wk_timebase_handler
</UL>
<BR>[Address Reference Count : 1]<UL><LI> startup_at32f402_405.o(RESET)
</UL>
<P><STRONG><a name="[66]"></a>SystemInit</STRONG> (Thumb, 210 bytes, Stack size 8 bytes, system_at32f402_405.o(.text.SystemInit))
<BR><BR>[Stack]<UL><LI>Max Depth = 12<LI>Call Chain = SystemInit &rArr; crm_auto_step_mode_enable
</UL>
<BR>[Calls]<UL><LI><a href="#[8e]">&gt;&gt;</a>&nbsp;&nbsp;&nbsp;crm_auto_step_mode_enable
</UL>
<BR>[Address Reference Count : 1]<UL><LI> startup_at32f402_405.o(.text)
</UL>
<P><STRONG><a name="[19]"></a>UsageFault_Handler</STRONG> (Thumb, 4 bytes, Stack size 0 bytes, at32f402_405_int.o(.text.UsageFault_Handler))
<BR>[Address Reference Count : 1]<UL><LI> startup_at32f402_405.o(RESET)
</UL>
<P><STRONG><a name="[7d]"></a>at_spi_switch_to_16bit</STRONG> (Thumb, 40 bytes, Stack size 16 bytes, lcd_spi.o(.text.at_spi_switch_to_16bit))
<BR><BR>[Stack]<UL><LI>Max Depth = 24<LI>Call Chain = at_spi_switch_to_16bit &rArr; spi_enable
</UL>
<BR>[Calls]<UL><LI><a href="#[8f]">&gt;&gt;</a>&nbsp;&nbsp;&nbsp;spi_enable
</UL>
<BR>[Called By]<UL><LI><a href="#[7b]">&gt;&gt;</a>&nbsp;&nbsp;&nbsp;LCD_Clear
</UL>

<P><STRONG><a name="[7f]"></a>at_spi_switch_to_8bit</STRONG> (Thumb, 40 bytes, Stack size 16 bytes, lcd_spi.o(.text.at_spi_switch_to_8bit))
<BR><BR>[Stack]<UL><LI>Max Depth = 24<LI>Call Chain = at_spi_switch_to_8bit &rArr; spi_enable
</UL>
<BR>[Calls]<UL><LI><a href="#[8f]">&gt;&gt;</a>&nbsp;&nbsp;&nbsp;spi_enable
</UL>
<BR>[Called By]<UL><LI><a href="#[7c]">&gt;&gt;</a>&nbsp;&nbsp;&nbsp;LCD_SetAddress
<LI><a href="#[7b]">&gt;&gt;</a>&nbsp;&nbsp;&nbsp;LCD_Clear
</UL>

<P><STRONG><a name="[86]"></a>at_spi_transmit</STRONG> (Thumb, 40 bytes, Stack size 16 bytes, lcd_spi.o(.text.at_spi_transmit))
<BR><BR>[Stack]<UL><LI>Max Depth = 24<LI>Call Chain = at_spi_transmit &rArr; spi_i2s_data_transmit
</UL>
<BR>[Calls]<UL><LI><a href="#[90]">&gt;&gt;</a>&nbsp;&nbsp;&nbsp;spi_i2s_data_transmit
</UL>
<BR>[Called By]<UL><LI><a href="#[82]">&gt;&gt;</a>&nbsp;&nbsp;&nbsp;LCD_WriteData_16bit
<LI><a href="#[84]">&gt;&gt;</a>&nbsp;&nbsp;&nbsp;LCD_WriteData_8bit
<LI><a href="#[81]">&gt;&gt;</a>&nbsp;&nbsp;&nbsp;LCD_WriteCommand
</UL>

<P><STRONG><a name="[7e]"></a>at_spi_transmit_16bit</STRONG> (Thumb, 40 bytes, Stack size 16 bytes, lcd_spi.o(.text.at_spi_transmit_16bit))
<BR><BR>[Stack]<UL><LI>Max Depth = 24<LI>Call Chain = at_spi_transmit_16bit &rArr; spi_i2s_data_transmit
</UL>
<BR>[Calls]<UL><LI><a href="#[90]">&gt;&gt;</a>&nbsp;&nbsp;&nbsp;spi_i2s_data_transmit
</UL>
<BR>[Called By]<UL><LI><a href="#[7b]">&gt;&gt;</a>&nbsp;&nbsp;&nbsp;LCD_Clear
</UL>

<P><STRONG><a name="[99]"></a>crm_ahb_div_set</STRONG> (Thumb, 52 bytes, Stack size 16 bytes, at32f402_405_crm.o(.text.crm_ahb_div_set))
<BR><BR>[Stack]<UL><LI>Max Depth = 20<LI>Call Chain = crm_ahb_div_set &rArr; crm_auto_step_mode_enable
</UL>
<BR>[Calls]<UL><LI><a href="#[8e]">&gt;&gt;</a>&nbsp;&nbsp;&nbsp;crm_auto_step_mode_enable
</UL>
<BR>[Called By]<UL><LI><a href="#[aa]">&gt;&gt;</a>&nbsp;&nbsp;&nbsp;wk_system_clock_config
</UL>

<P><STRONG><a name="[11c]"></a>crm_apb1_div_set</STRONG> (Thumb, 38 bytes, Stack size 4 bytes, at32f402_405_crm.o(.text.crm_apb1_div_set))
<BR><BR>[Stack]<UL><LI>Max Depth = 4<LI>Call Chain = crm_apb1_div_set
</UL>
<BR>[Called By]<UL><LI><a href="#[aa]">&gt;&gt;</a>&nbsp;&nbsp;&nbsp;wk_system_clock_config
</UL>

<P><STRONG><a name="[11b]"></a>crm_apb2_div_set</STRONG> (Thumb, 38 bytes, Stack size 4 bytes, at32f402_405_crm.o(.text.crm_apb2_div_set))
<BR><BR>[Stack]<UL><LI>Max Depth = 4<LI>Call Chain = crm_apb2_div_set
</UL>
<BR>[Called By]<UL><LI><a href="#[aa]">&gt;&gt;</a>&nbsp;&nbsp;&nbsp;wk_system_clock_config
</UL>

<P><STRONG><a name="[8e]"></a>crm_auto_step_mode_enable</STRONG> (Thumb, 56 bytes, Stack size 4 bytes, at32f402_405_crm.o(.text.crm_auto_step_mode_enable))
<BR><BR>[Stack]<UL><LI>Max Depth = 4<LI>Call Chain = crm_auto_step_mode_enable
</UL>
<BR>[Called By]<UL><LI><a href="#[66]">&gt;&gt;</a>&nbsp;&nbsp;&nbsp;SystemInit
<LI><a href="#[a3]">&gt;&gt;</a>&nbsp;&nbsp;&nbsp;crm_sysclk_switch
<LI><a href="#[99]">&gt;&gt;</a>&nbsp;&nbsp;&nbsp;crm_ahb_div_set
<LI><a href="#[a2]">&gt;&gt;</a>&nbsp;&nbsp;&nbsp;crm_reset
<LI><a href="#[aa]">&gt;&gt;</a>&nbsp;&nbsp;&nbsp;wk_system_clock_config
</UL>

<P><STRONG><a name="[119]"></a>crm_clock_source_enable</STRONG> (Thumb, 166 bytes, Stack size 8 bytes, at32f402_405_crm.o(.text.crm_clock_source_enable))
<BR><BR>[Stack]<UL><LI>Max Depth = 8<LI>Call Chain = crm_clock_source_enable
</UL>
<BR>[Called By]<UL><LI><a href="#[aa]">&gt;&gt;</a>&nbsp;&nbsp;&nbsp;wk_system_clock_config
</UL>

<P><STRONG><a name="[9a]"></a>crm_clocks_freq_get</STRONG> (Thumb, 422 bytes, Stack size 56 bytes, at32f402_405_crm.o(.text.crm_clocks_freq_get))
<BR><BR>[Stack]<UL><LI>Max Depth = 104<LI>Call Chain = crm_clocks_freq_get &rArr; __aeabi_uldivmod
</UL>
<BR>[Calls]<UL><LI><a href="#[9b]">&gt;&gt;</a>&nbsp;&nbsp;&nbsp;crm_sysclk_switch_status_get
<LI><a href="#[9c]">&gt;&gt;</a>&nbsp;&nbsp;&nbsp;__aeabi_uldivmod
</UL>
<BR>[Called By]<UL><LI><a href="#[ad]">&gt;&gt;</a>&nbsp;&nbsp;&nbsp;wk_timebase_init
</UL>

<P><STRONG><a name="[9e]"></a>crm_flag_get</STRONG> (Thumb, 62 bytes, Stack size 8 bytes, at32f402_405_crm.o(.text.crm_flag_get))
<BR><BR>[Stack]<UL><LI>Max Depth = 8<LI>Call Chain = crm_flag_get
</UL>
<BR>[Called By]<UL><LI><a href="#[9d]">&gt;&gt;</a>&nbsp;&nbsp;&nbsp;crm_hext_stable_wait
<LI><a href="#[aa]">&gt;&gt;</a>&nbsp;&nbsp;&nbsp;wk_system_clock_config
</UL>

<P><STRONG><a name="[9d]"></a>crm_hext_stable_wait</STRONG> (Thumb, 100 bytes, Stack size 24 bytes, at32f402_405_crm.o(.text.crm_hext_stable_wait))
<BR><BR>[Stack]<UL><LI>Max Depth = 32<LI>Call Chain = crm_hext_stable_wait &rArr; crm_flag_get
</UL>
<BR>[Calls]<UL><LI><a href="#[9e]">&gt;&gt;</a>&nbsp;&nbsp;&nbsp;crm_flag_get
</UL>
<BR>[Called By]<UL><LI><a href="#[aa]">&gt;&gt;</a>&nbsp;&nbsp;&nbsp;wk_system_clock_config
</UL>

<P><STRONG><a name="[9f]"></a>crm_hick_divider_select</STRONG> (Thumb, 194 bytes, Stack size 16 bytes, at32f402_405_crm.o(.text.crm_hick_divider_select))
<BR><BR>[Stack]<UL><LI>Max Depth = 20<LI>Call Chain = crm_hick_divider_select &rArr; crm_hick_sclk_div_set
</UL>
<BR>[Calls]<UL><LI><a href="#[a0]">&gt;&gt;</a>&nbsp;&nbsp;&nbsp;crm_hick_sclk_div_set
</UL>
<BR>[Called By]<UL><LI><a href="#[a1]">&gt;&gt;</a>&nbsp;&nbsp;&nbsp;crm_pll_config
</UL>

<P><STRONG><a name="[a0]"></a>crm_hick_sclk_div_set</STRONG> (Thumb, 38 bytes, Stack size 4 bytes, at32f402_405_crm.o(.text.crm_hick_sclk_div_set))
<BR><BR>[Stack]<UL><LI>Max Depth = 4<LI>Call Chain = crm_hick_sclk_div_set
</UL>
<BR>[Called By]<UL><LI><a href="#[9f]">&gt;&gt;</a>&nbsp;&nbsp;&nbsp;crm_hick_divider_select
</UL>

<P><STRONG><a name="[10d]"></a>crm_periph_clock_enable</STRONG> (Thumb, 82 bytes, Stack size 8 bytes, at32f402_405_crm.o(.text.crm_periph_clock_enable))
<BR><BR>[Stack]<UL><LI>Max Depth = 8<LI>Call Chain = crm_periph_clock_enable
</UL>
<BR>[Called By]<UL><LI><a href="#[ab]">&gt;&gt;</a>&nbsp;&nbsp;&nbsp;wk_periph_clock_config
<LI><a href="#[aa]">&gt;&gt;</a>&nbsp;&nbsp;&nbsp;wk_system_clock_config
</UL>

<P><STRONG><a name="[a1]"></a>crm_pll_config</STRONG> (Thumb, 122 bytes, Stack size 16 bytes, at32f402_405_crm.o(.text.crm_pll_config))
<BR><BR>[Stack]<UL><LI>Max Depth = 36<LI>Call Chain = crm_pll_config &rArr; crm_hick_divider_select &rArr; crm_hick_sclk_div_set
</UL>
<BR>[Calls]<UL><LI><a href="#[9f]">&gt;&gt;</a>&nbsp;&nbsp;&nbsp;crm_hick_divider_select
</UL>
<BR>[Called By]<UL><LI><a href="#[aa]">&gt;&gt;</a>&nbsp;&nbsp;&nbsp;wk_system_clock_config
</UL>

<P><STRONG><a name="[11a]"></a>crm_pllu_div_set</STRONG> (Thumb, 38 bytes, Stack size 4 bytes, at32f402_405_crm.o(.text.crm_pllu_div_set))
<BR><BR>[Stack]<UL><LI>Max Depth = 4<LI>Call Chain = crm_pllu_div_set
</UL>
<BR>[Called By]<UL><LI><a href="#[aa]">&gt;&gt;</a>&nbsp;&nbsp;&nbsp;wk_system_clock_config
</UL>

<P><STRONG><a name="[a2]"></a>crm_reset</STRONG> (Thumb, 180 bytes, Stack size 8 bytes, at32f402_405_crm.o(.text.crm_reset))
<BR><BR>[Stack]<UL><LI>Max Depth = 12<LI>Call Chain = crm_reset &rArr; crm_auto_step_mode_enable
</UL>
<BR>[Calls]<UL><LI><a href="#[8e]">&gt;&gt;</a>&nbsp;&nbsp;&nbsp;crm_auto_step_mode_enable
</UL>
<BR>[Called By]<UL><LI><a href="#[aa]">&gt;&gt;</a>&nbsp;&nbsp;&nbsp;wk_system_clock_config
</UL>

<P><STRONG><a name="[a3]"></a>crm_sysclk_switch</STRONG> (Thumb, 44 bytes, Stack size 16 bytes, at32f402_405_crm.o(.text.crm_sysclk_switch))
<BR><BR>[Stack]<UL><LI>Max Depth = 20<LI>Call Chain = crm_sysclk_switch &rArr; crm_auto_step_mode_enable
</UL>
<BR>[Calls]<UL><LI><a href="#[8e]">&gt;&gt;</a>&nbsp;&nbsp;&nbsp;crm_auto_step_mode_enable
</UL>
<BR>[Called By]<UL><LI><a href="#[aa]">&gt;&gt;</a>&nbsp;&nbsp;&nbsp;wk_system_clock_config
</UL>

<P><STRONG><a name="[9b]"></a>crm_sysclk_switch_status_get</STRONG> (Thumb, 16 bytes, Stack size 0 bytes, at32f402_405_crm.o(.text.crm_sysclk_switch_status_get))
<BR><BR>[Called By]<UL><LI><a href="#[9a]">&gt;&gt;</a>&nbsp;&nbsp;&nbsp;crm_clocks_freq_get
<LI><a href="#[bb]">&gt;&gt;</a>&nbsp;&nbsp;&nbsp;system_core_clock_update
<LI><a href="#[aa]">&gt;&gt;</a>&nbsp;&nbsp;&nbsp;wk_system_clock_config
</UL>

<P><STRONG><a name="[a4]"></a>custom_hid_class_send_report</STRONG> (Thumb, 90 bytes, Stack size 32 bytes, custom_hid_class.o(.text.custom_hid_class_send_report))
<BR><BR>[Stack]<UL><LI>Max Depth = 140<LI>Call Chain = custom_hid_class_send_report &rArr; usbd_ept_send &rArr; usbd_ept_in_check_fifo &rArr; usbd_flush_tx_fifo &rArr; usb_flush_tx_fifo
</UL>
<BR>[Calls]<UL><LI><a href="#[a5]">&gt;&gt;</a>&nbsp;&nbsp;&nbsp;usbd_connect_state_get
<LI><a href="#[a6]">&gt;&gt;</a>&nbsp;&nbsp;&nbsp;usbd_ept_send
</UL>
<BR>[Called By]<UL><LI><a href="#[93]">&gt;&gt;</a>&nbsp;&nbsp;&nbsp;usb_hid_buf_process
</UL>

<P><STRONG><a name="[85]"></a>gpio_bits_reset</STRONG> (Thumb, 20 bytes, Stack size 8 bytes, at32f402_405_gpio.o(.text.gpio_bits_reset))
<BR><BR>[Stack]<UL><LI>Max Depth = 8<LI>Call Chain = gpio_bits_reset
</UL>
<BR>[Called By]<UL><LI><a href="#[81]">&gt;&gt;</a>&nbsp;&nbsp;&nbsp;LCD_WriteCommand
<LI><a href="#[89]">&gt;&gt;</a>&nbsp;&nbsp;&nbsp;SPI_LCD_Init
<LI><a href="#[b1]">&gt;&gt;</a>&nbsp;&nbsp;&nbsp;wk_gpio_config
</UL>

<P><STRONG><a name="[87]"></a>gpio_bits_set</STRONG> (Thumb, 20 bytes, Stack size 8 bytes, at32f402_405_gpio.o(.text.gpio_bits_set))
<BR><BR>[Stack]<UL><LI>Max Depth = 8<LI>Call Chain = gpio_bits_set
</UL>
<BR>[Called By]<UL><LI><a href="#[81]">&gt;&gt;</a>&nbsp;&nbsp;&nbsp;LCD_WriteCommand
<LI><a href="#[89]">&gt;&gt;</a>&nbsp;&nbsp;&nbsp;SPI_LCD_Init
</UL>

<P><STRONG><a name="[108]"></a>gpio_default_para_init</STRONG> (Thumb, 36 bytes, Stack size 4 bytes, at32f402_405_gpio.o(.text.gpio_default_para_init))
<BR><BR>[Stack]<UL><LI>Max Depth = 4<LI>Call Chain = gpio_default_para_init
</UL>
<BR>[Called By]<UL><LI><a href="#[b1]">&gt;&gt;</a>&nbsp;&nbsp;&nbsp;wk_gpio_config
<LI><a href="#[b0]">&gt;&gt;</a>&nbsp;&nbsp;&nbsp;wk_qspi1_init
<LI><a href="#[af]">&gt;&gt;</a>&nbsp;&nbsp;&nbsp;wk_spi1_init
</UL>

<P><STRONG><a name="[109]"></a>gpio_init</STRONG> (Thumb, 232 bytes, Stack size 12 bytes, at32f402_405_gpio.o(.text.gpio_init))
<BR><BR>[Stack]<UL><LI>Max Depth = 12<LI>Call Chain = gpio_init
</UL>
<BR>[Called By]<UL><LI><a href="#[b1]">&gt;&gt;</a>&nbsp;&nbsp;&nbsp;wk_gpio_config
<LI><a href="#[b0]">&gt;&gt;</a>&nbsp;&nbsp;&nbsp;wk_qspi1_init
<LI><a href="#[af]">&gt;&gt;</a>&nbsp;&nbsp;&nbsp;wk_spi1_init
</UL>

<P><STRONG><a name="[10e]"></a>gpio_pin_mux_config</STRONG> (Thumb, 136 bytes, Stack size 16 bytes, at32f402_405_gpio.o(.text.gpio_pin_mux_config))
<BR><BR>[Stack]<UL><LI>Max Depth = 16<LI>Call Chain = gpio_pin_mux_config
</UL>
<BR>[Called By]<UL><LI><a href="#[b0]">&gt;&gt;</a>&nbsp;&nbsp;&nbsp;wk_qspi1_init
<LI><a href="#[af]">&gt;&gt;</a>&nbsp;&nbsp;&nbsp;wk_spi1_init
</UL>

<P><STRONG><a name="[72]"></a>main</STRONG> (Thumb, 122 bytes, Stack size 16 bytes, main.o(.text.main))
<BR><BR>[Stack]<UL><LI>Max Depth = 216<LI>Call Chain = main &rArr; SPI_LCD_Init &rArr; LCD_Clear &rArr; LCD_SetAddress &rArr; LCD_WriteData_16bit &rArr; at_spi_transmit &rArr; spi_i2s_data_transmit
</UL>
<BR>[Calls]<UL><LI><a href="#[8a]">&gt;&gt;</a>&nbsp;&nbsp;&nbsp;wk_delay_ms
<LI><a href="#[7b]">&gt;&gt;</a>&nbsp;&nbsp;&nbsp;LCD_Clear
<LI><a href="#[80]">&gt;&gt;</a>&nbsp;&nbsp;&nbsp;LCD_ReadScanLine
<LI><a href="#[8c]">&gt;&gt;</a>&nbsp;&nbsp;&nbsp;LCD_SetBackColor
<LI><a href="#[b3]">&gt;&gt;</a>&nbsp;&nbsp;&nbsp;wk_usb_app_task
<LI><a href="#[89]">&gt;&gt;</a>&nbsp;&nbsp;&nbsp;SPI_LCD_Init
<LI><a href="#[b2]">&gt;&gt;</a>&nbsp;&nbsp;&nbsp;wk_usb_app_init
<LI><a href="#[b1]">&gt;&gt;</a>&nbsp;&nbsp;&nbsp;wk_gpio_config
<LI><a href="#[b0]">&gt;&gt;</a>&nbsp;&nbsp;&nbsp;wk_qspi1_init
<LI><a href="#[af]">&gt;&gt;</a>&nbsp;&nbsp;&nbsp;wk_spi1_init
<LI><a href="#[ae]">&gt;&gt;</a>&nbsp;&nbsp;&nbsp;wk_usb_otghs1_init
<LI><a href="#[ad]">&gt;&gt;</a>&nbsp;&nbsp;&nbsp;wk_timebase_init
<LI><a href="#[ac]">&gt;&gt;</a>&nbsp;&nbsp;&nbsp;wk_nvic_config
<LI><a href="#[ab]">&gt;&gt;</a>&nbsp;&nbsp;&nbsp;wk_periph_clock_config
<LI><a href="#[aa]">&gt;&gt;</a>&nbsp;&nbsp;&nbsp;wk_system_clock_config
</UL>
<BR>[Called By]<UL><LI><a href="#[71]">&gt;&gt;</a>&nbsp;&nbsp;&nbsp;__rt_entry_main
</UL>

<P><STRONG><a name="[b4]"></a>nvic_irq_enable</STRONG> (Thumb, 52 bytes, Stack size 24 bytes, at32f402_405_misc.o(.text.nvic_irq_enable))
<BR><BR>[Stack]<UL><LI>Max Depth = 56<LI>Call Chain = nvic_irq_enable &rArr; NVIC_EncodePriority
</UL>
<BR>[Calls]<UL><LI><a href="#[b8]">&gt;&gt;</a>&nbsp;&nbsp;&nbsp;__NVIC_EnableIRQ
<LI><a href="#[b7]">&gt;&gt;</a>&nbsp;&nbsp;&nbsp;__NVIC_SetPriority
<LI><a href="#[b6]">&gt;&gt;</a>&nbsp;&nbsp;&nbsp;NVIC_EncodePriority
<LI><a href="#[b5]">&gt;&gt;</a>&nbsp;&nbsp;&nbsp;__NVIC_GetPriorityGrouping
</UL>
<BR>[Called By]<UL><LI><a href="#[ac]">&gt;&gt;</a>&nbsp;&nbsp;&nbsp;wk_nvic_config
</UL>

<P><STRONG><a name="[b9]"></a>nvic_priority_group_config</STRONG> (Thumb, 20 bytes, Stack size 16 bytes, at32f402_405_misc.o(.text.nvic_priority_group_config))
<BR><BR>[Stack]<UL><LI>Max Depth = 28<LI>Call Chain = nvic_priority_group_config &rArr; __NVIC_SetPriorityGrouping
</UL>
<BR>[Calls]<UL><LI><a href="#[ba]">&gt;&gt;</a>&nbsp;&nbsp;&nbsp;__NVIC_SetPriorityGrouping
</UL>
<BR>[Called By]<UL><LI><a href="#[ac]">&gt;&gt;</a>&nbsp;&nbsp;&nbsp;wk_nvic_config
</UL>

<P><STRONG><a name="[113]"></a>qspi_auto_ispc_enable</STRONG> (Thumb, 18 bytes, Stack size 4 bytes, at32f402_405_qspi.o(.text.qspi_auto_ispc_enable))
<BR><BR>[Stack]<UL><LI>Max Depth = 4<LI>Call Chain = qspi_auto_ispc_enable
</UL>
<BR>[Called By]<UL><LI><a href="#[b0]">&gt;&gt;</a>&nbsp;&nbsp;&nbsp;wk_qspi1_init
</UL>

<P><STRONG><a name="[112]"></a>qspi_busy_config</STRONG> (Thumb, 34 bytes, Stack size 8 bytes, at32f402_405_qspi.o(.text.qspi_busy_config))
<BR><BR>[Stack]<UL><LI>Max Depth = 8<LI>Call Chain = qspi_busy_config
</UL>
<BR>[Called By]<UL><LI><a href="#[b0]">&gt;&gt;</a>&nbsp;&nbsp;&nbsp;wk_qspi1_init
</UL>

<P><STRONG><a name="[110]"></a>qspi_clk_division_set</STRONG> (Thumb, 26 bytes, Stack size 8 bytes, at32f402_405_qspi.o(.text.qspi_clk_division_set))
<BR><BR>[Stack]<UL><LI>Max Depth = 8<LI>Call Chain = qspi_clk_division_set
</UL>
<BR>[Called By]<UL><LI><a href="#[b0]">&gt;&gt;</a>&nbsp;&nbsp;&nbsp;wk_qspi1_init
</UL>

<P><STRONG><a name="[114]"></a>qspi_dma_rx_threshold_set</STRONG> (Thumb, 34 bytes, Stack size 8 bytes, at32f402_405_qspi.o(.text.qspi_dma_rx_threshold_set))
<BR><BR>[Stack]<UL><LI>Max Depth = 8<LI>Call Chain = qspi_dma_rx_threshold_set
</UL>
<BR>[Called By]<UL><LI><a href="#[b0]">&gt;&gt;</a>&nbsp;&nbsp;&nbsp;wk_qspi1_init
</UL>

<P><STRONG><a name="[115]"></a>qspi_dma_tx_threshold_set</STRONG> (Thumb, 34 bytes, Stack size 8 bytes, at32f402_405_qspi.o(.text.qspi_dma_tx_threshold_set))
<BR><BR>[Stack]<UL><LI>Max Depth = 8<LI>Call Chain = qspi_dma_tx_threshold_set
</UL>
<BR>[Called By]<UL><LI><a href="#[b0]">&gt;&gt;</a>&nbsp;&nbsp;&nbsp;wk_qspi1_init
</UL>

<P><STRONG><a name="[111]"></a>qspi_sck_mode_set</STRONG> (Thumb, 34 bytes, Stack size 8 bytes, at32f402_405_qspi.o(.text.qspi_sck_mode_set))
<BR><BR>[Stack]<UL><LI>Max Depth = 8<LI>Call Chain = qspi_sck_mode_set
</UL>
<BR>[Called By]<UL><LI><a href="#[b0]">&gt;&gt;</a>&nbsp;&nbsp;&nbsp;wk_qspi1_init
</UL>

<P><STRONG><a name="[10f]"></a>qspi_xip_enable</STRONG> (Thumb, 196 bytes, Stack size 8 bytes, at32f402_405_qspi.o(.text.qspi_xip_enable))
<BR><BR>[Stack]<UL><LI>Max Depth = 8<LI>Call Chain = qspi_xip_enable
</UL>
<BR>[Called By]<UL><LI><a href="#[b0]">&gt;&gt;</a>&nbsp;&nbsp;&nbsp;wk_qspi1_init
</UL>

<P><STRONG><a name="[116]"></a>spi_default_para_init</STRONG> (Thumb, 44 bytes, Stack size 4 bytes, at32f402_405_spi.o(.text.spi_default_para_init))
<BR><BR>[Stack]<UL><LI>Max Depth = 4<LI>Call Chain = spi_default_para_init
</UL>
<BR>[Called By]<UL><LI><a href="#[af]">&gt;&gt;</a>&nbsp;&nbsp;&nbsp;wk_spi1_init
</UL>

<P><STRONG><a name="[8f]"></a>spi_enable</STRONG> (Thumb, 34 bytes, Stack size 8 bytes, at32f402_405_spi.o(.text.spi_enable))
<BR><BR>[Stack]<UL><LI>Max Depth = 8<LI>Call Chain = spi_enable
</UL>
<BR>[Called By]<UL><LI><a href="#[7f]">&gt;&gt;</a>&nbsp;&nbsp;&nbsp;at_spi_switch_to_8bit
<LI><a href="#[7d]">&gt;&gt;</a>&nbsp;&nbsp;&nbsp;at_spi_switch_to_16bit
<LI><a href="#[af]">&gt;&gt;</a>&nbsp;&nbsp;&nbsp;wk_spi1_init
</UL>

<P><STRONG><a name="[118]"></a>spi_hardware_cs_output_enable</STRONG> (Thumb, 34 bytes, Stack size 8 bytes, at32f402_405_spi.o(.text.spi_hardware_cs_output_enable))
<BR><BR>[Stack]<UL><LI>Max Depth = 8<LI>Call Chain = spi_hardware_cs_output_enable
</UL>
<BR>[Called By]<UL><LI><a href="#[af]">&gt;&gt;</a>&nbsp;&nbsp;&nbsp;wk_spi1_init
</UL>

<P><STRONG><a name="[90]"></a>spi_i2s_data_transmit</STRONG> (Thumb, 20 bytes, Stack size 8 bytes, at32f402_405_spi.o(.text.spi_i2s_data_transmit))
<BR><BR>[Stack]<UL><LI>Max Depth = 8<LI>Call Chain = spi_i2s_data_transmit
</UL>
<BR>[Called By]<UL><LI><a href="#[7e]">&gt;&gt;</a>&nbsp;&nbsp;&nbsp;at_spi_transmit_16bit
<LI><a href="#[86]">&gt;&gt;</a>&nbsp;&nbsp;&nbsp;at_spi_transmit
</UL>

<P><STRONG><a name="[117]"></a>spi_init</STRONG> (Thumb, 502 bytes, Stack size 8 bytes, at32f402_405_spi.o(.text.spi_init))
<BR><BR>[Stack]<UL><LI>Max Depth = 8<LI>Call Chain = spi_init
</UL>
<BR>[Called By]<UL><LI><a href="#[af]">&gt;&gt;</a>&nbsp;&nbsp;&nbsp;wk_spi1_init
</UL>

<P><STRONG><a name="[bb]"></a>system_core_clock_update</STRONG> (Thumb, 396 bytes, Stack size 56 bytes, system_at32f402_405.o(.text.system_core_clock_update))
<BR><BR>[Stack]<UL><LI>Max Depth = 104<LI>Call Chain = system_core_clock_update &rArr; __aeabi_uldivmod
</UL>
<BR>[Calls]<UL><LI><a href="#[9b]">&gt;&gt;</a>&nbsp;&nbsp;&nbsp;crm_sysclk_switch_status_get
<LI><a href="#[9c]">&gt;&gt;</a>&nbsp;&nbsp;&nbsp;__aeabi_uldivmod
</UL>
<BR>[Called By]<UL><LI><a href="#[aa]">&gt;&gt;</a>&nbsp;&nbsp;&nbsp;wk_system_clock_config
</UL>

<P><STRONG><a name="[11e]"></a>systick_clock_source_config</STRONG> (Thumb, 56 bytes, Stack size 4 bytes, at32f402_405_misc.o(.text.systick_clock_source_config))
<BR><BR>[Stack]<UL><LI>Max Depth = 4<LI>Call Chain = systick_clock_source_config
</UL>
<BR>[Called By]<UL><LI><a href="#[ad]">&gt;&gt;</a>&nbsp;&nbsp;&nbsp;wk_timebase_init
</UL>

<P><STRONG><a name="[c6]"></a>usb_connect</STRONG> (Thumb, 22 bytes, Stack size 4 bytes, at32f402_405_usb.o(.text.usb_connect))
<BR><BR>[Stack]<UL><LI>Max Depth = 4<LI>Call Chain = usb_connect
</UL>
<BR>[Called By]<UL><LI><a href="#[c5]">&gt;&gt;</a>&nbsp;&nbsp;&nbsp;usbd_connect
</UL>

<P><STRONG><a name="[f2]"></a>usb_core_config</STRONG> (Thumb, 108 bytes, Stack size 8 bytes, usb_core.o(.text.usb_core_config))
<BR><BR>[Stack]<UL><LI>Max Depth = 8<LI>Call Chain = usb_core_config
</UL>
<BR>[Called By]<UL><LI><a href="#[f0]">&gt;&gt;</a>&nbsp;&nbsp;&nbsp;usbd_init
</UL>

<P><STRONG><a name="[bc]"></a>usb_delay_ms</STRONG> (Thumb, 16 bytes, Stack size 16 bytes, usb_app.o(.text.usb_delay_ms))
<BR><BR>[Stack]<UL><LI>Max Depth = 32<LI>Call Chain = usb_delay_ms &rArr; wk_delay_ms
</UL>
<BR>[Calls]<UL><LI><a href="#[8a]">&gt;&gt;</a>&nbsp;&nbsp;&nbsp;wk_delay_ms
</UL>
<BR>[Called By]<UL><LI><a href="#[c9]">&gt;&gt;</a>&nbsp;&nbsp;&nbsp;usbd_core_init
</UL>

<P><STRONG><a name="[e0]"></a>usb_disconnect</STRONG> (Thumb, 22 bytes, Stack size 4 bytes, at32f402_405_usb.o(.text.usb_disconnect))
<BR><BR>[Stack]<UL><LI>Max Depth = 4<LI>Call Chain = usb_disconnect
</UL>
<BR>[Called By]<UL><LI><a href="#[ca]">&gt;&gt;</a>&nbsp;&nbsp;&nbsp;usbd_disconnect
</UL>

<P><STRONG><a name="[e5]"></a>usb_ept0_setup</STRONG> (Thumb, 38 bytes, Stack size 4 bytes, at32f402_405_usb.o(.text.usb_ept0_setup))
<BR><BR>[Stack]<UL><LI>Max Depth = 4<LI>Call Chain = usb_ept0_setup
</UL>
<BR>[Called By]<UL><LI><a href="#[e4]">&gt;&gt;</a>&nbsp;&nbsp;&nbsp;usbd_enumdone_handler
</UL>

<P><STRONG><a name="[101]"></a>usb_ept0_start</STRONG> (Thumb, 74 bytes, Stack size 8 bytes, at32f402_405_usb.o(.text.usb_ept0_start))
<BR><BR>[Stack]<UL><LI>Max Depth = 8<LI>Call Chain = usb_ept0_start
</UL>
<BR>[Called By]<UL><LI><a href="#[f8]">&gt;&gt;</a>&nbsp;&nbsp;&nbsp;usbd_reset_handler
<LI><a href="#[f7]">&gt;&gt;</a>&nbsp;&nbsp;&nbsp;usbd_outept_handler
</UL>

<P><STRONG><a name="[c4]"></a>usb_ept_clear_stall</STRONG> (Thumb, 154 bytes, Stack size 8 bytes, at32f402_405_usb.o(.text.usb_ept_clear_stall))
<BR><BR>[Stack]<UL><LI>Max Depth = 8<LI>Call Chain = usb_ept_clear_stall
</UL>
<BR>[Called By]<UL><LI><a href="#[c3]">&gt;&gt;</a>&nbsp;&nbsp;&nbsp;usbd_clear_stall
</UL>

<P><STRONG><a name="[e6]"></a>usb_ept_close</STRONG> (Thumb, 248 bytes, Stack size 8 bytes, at32f402_405_usb.o(.text.usb_ept_close))
<BR><BR>[Stack]<UL><LI>Max Depth = 8<LI>Call Chain = usb_ept_close
</UL>
<BR>[Called By]<UL><LI><a href="#[91]">&gt;&gt;</a>&nbsp;&nbsp;&nbsp;usbd_ept_close
</UL>

<P><STRONG><a name="[cb]"></a>usb_ept_default_init</STRONG> (Thumb, 242 bytes, Stack size 8 bytes, usbd_core.o(.text.usb_ept_default_init))
<BR><BR>[Stack]<UL><LI>Max Depth = 8<LI>Call Chain = usb_ept_default_init
</UL>
<BR>[Called By]<UL><LI><a href="#[c9]">&gt;&gt;</a>&nbsp;&nbsp;&nbsp;usbd_core_init
</UL>

<P><STRONG><a name="[ef]"></a>usb_ept_in_clear</STRONG> (Thumb, 26 bytes, Stack size 12 bytes, at32f402_405_usb.o(.text.usb_ept_in_clear))
<BR><BR>[Stack]<UL><LI>Max Depth = 12<LI>Call Chain = usb_ept_in_clear
</UL>
<BR>[Called By]<UL><LI><a href="#[ec]">&gt;&gt;</a>&nbsp;&nbsp;&nbsp;usbd_inept_handler
</UL>

<P><STRONG><a name="[ee]"></a>usb_ept_in_interrupt</STRONG> (Thumb, 64 bytes, Stack size 20 bytes, at32f402_405_usb.o(.text.usb_ept_in_interrupt))
<BR><BR>[Stack]<UL><LI>Max Depth = 20<LI>Call Chain = usb_ept_in_interrupt
</UL>
<BR>[Called By]<UL><LI><a href="#[ec]">&gt;&gt;</a>&nbsp;&nbsp;&nbsp;usbd_inept_handler
</UL>

<P><STRONG><a name="[e9]"></a>usb_ept_open</STRONG> (Thumb, 504 bytes, Stack size 12 bytes, at32f402_405_usb.o(.text.usb_ept_open))
<BR><BR>[Stack]<UL><LI>Max Depth = 12<LI>Call Chain = usb_ept_open
</UL>
<BR>[Called By]<UL><LI><a href="#[94]">&gt;&gt;</a>&nbsp;&nbsp;&nbsp;usbd_ept_open
</UL>

<P><STRONG><a name="[100]"></a>usb_ept_out_clear</STRONG> (Thumb, 26 bytes, Stack size 12 bytes, at32f402_405_usb.o(.text.usb_ept_out_clear))
<BR><BR>[Stack]<UL><LI>Max Depth = 12<LI>Call Chain = usb_ept_out_clear
</UL>
<BR>[Called By]<UL><LI><a href="#[f7]">&gt;&gt;</a>&nbsp;&nbsp;&nbsp;usbd_outept_handler
</UL>

<P><STRONG><a name="[ff]"></a>usb_ept_out_interrupt</STRONG> (Thumb, 34 bytes, Stack size 12 bytes, at32f402_405_usb.o(.text.usb_ept_out_interrupt))
<BR><BR>[Stack]<UL><LI>Max Depth = 12<LI>Call Chain = usb_ept_out_interrupt
</UL>
<BR>[Called By]<UL><LI><a href="#[f7]">&gt;&gt;</a>&nbsp;&nbsp;&nbsp;usbd_outept_handler
</UL>

<P><STRONG><a name="[106]"></a>usb_ept_stall</STRONG> (Thumb, 162 bytes, Stack size 8 bytes, at32f402_405_usb.o(.text.usb_ept_stall))
<BR><BR>[Stack]<UL><LI>Max Depth = 8<LI>Call Chain = usb_ept_stall
</UL>
<BR>[Called By]<UL><LI><a href="#[d9]">&gt;&gt;</a>&nbsp;&nbsp;&nbsp;usbd_set_stall
</UL>

<P><STRONG><a name="[d0]"></a>usb_flush_rx_fifo</STRONG> (Thumb, 60 bytes, Stack size 8 bytes, at32f402_405_usb.o(.text.usb_flush_rx_fifo))
<BR><BR>[Stack]<UL><LI>Max Depth = 8<LI>Call Chain = usb_flush_rx_fifo
</UL>
<BR>[Called By]<UL><LI><a href="#[c9]">&gt;&gt;</a>&nbsp;&nbsp;&nbsp;usbd_core_init
</UL>

<P><STRONG><a name="[cf]"></a>usb_flush_tx_fifo</STRONG> (Thumb, 82 bytes, Stack size 12 bytes, at32f402_405_usb.o(.text.usb_flush_tx_fifo))
<BR><BR>[Stack]<UL><LI>Max Depth = 12<LI>Call Chain = usb_flush_tx_fifo
</UL>
<BR>[Called By]<UL><LI><a href="#[f8]">&gt;&gt;</a>&nbsp;&nbsp;&nbsp;usbd_reset_handler
<LI><a href="#[e8]">&gt;&gt;</a>&nbsp;&nbsp;&nbsp;usbd_flush_tx_fifo
<LI><a href="#[c9]">&gt;&gt;</a>&nbsp;&nbsp;&nbsp;usbd_core_init
</UL>

<P><STRONG><a name="[ed]"></a>usb_get_all_in_interrupt</STRONG> (Thumb, 28 bytes, Stack size 8 bytes, at32f402_405_usb.o(.text.usb_get_all_in_interrupt))
<BR><BR>[Stack]<UL><LI>Max Depth = 8<LI>Call Chain = usb_get_all_in_interrupt
</UL>
<BR>[Called By]<UL><LI><a href="#[ec]">&gt;&gt;</a>&nbsp;&nbsp;&nbsp;usbd_inept_handler
</UL>

<P><STRONG><a name="[fe]"></a>usb_get_all_out_interrupt</STRONG> (Thumb, 28 bytes, Stack size 8 bytes, at32f402_405_usb.o(.text.usb_get_all_out_interrupt))
<BR><BR>[Stack]<UL><LI>Max Depth = 8<LI>Call Chain = usb_get_all_out_interrupt
</UL>
<BR>[Called By]<UL><LI><a href="#[f7]">&gt;&gt;</a>&nbsp;&nbsp;&nbsp;usbd_outept_handler
</UL>

<P><STRONG><a name="[f5]"></a>usb_global_clear_interrupt</STRONG> (Thumb, 16 bytes, Stack size 8 bytes, at32f402_405_usb.o(.text.usb_global_clear_interrupt))
<BR><BR>[Stack]<UL><LI>Max Depth = 8<LI>Call Chain = usb_global_clear_interrupt
</UL>
<BR>[Called By]<UL><LI><a href="#[f3]">&gt;&gt;</a>&nbsp;&nbsp;&nbsp;usbd_irq_handler
</UL>

<P><STRONG><a name="[f4]"></a>usb_global_get_all_interrupt</STRONG> (Thumb, 22 bytes, Stack size 8 bytes, at32f402_405_usb.o(.text.usb_global_get_all_interrupt))
<BR><BR>[Stack]<UL><LI>Max Depth = 8<LI>Call Chain = usb_global_get_all_interrupt
</UL>
<BR>[Called By]<UL><LI><a href="#[f3]">&gt;&gt;</a>&nbsp;&nbsp;&nbsp;usbd_irq_handler
</UL>

<P><STRONG><a name="[bd]"></a>usb_global_init</STRONG> (Thumb, 46 bytes, Stack size 16 bytes, at32f402_405_usb.o(.text.usb_global_init))
<BR><BR>[Stack]<UL><LI>Max Depth = 24<LI>Call Chain = usb_global_init &rArr; usb_global_reset
</UL>
<BR>[Calls]<UL><LI><a href="#[be]">&gt;&gt;</a>&nbsp;&nbsp;&nbsp;usb_global_reset
</UL>
<BR>[Called By]<UL><LI><a href="#[c9]">&gt;&gt;</a>&nbsp;&nbsp;&nbsp;usbd_core_init
</UL>

<P><STRONG><a name="[103]"></a>usb_global_interrupt_enable</STRONG> (Thumb, 54 bytes, Stack size 8 bytes, at32f402_405_usb.o(.text.usb_global_interrupt_enable))
<BR><BR>[Stack]<UL><LI>Max Depth = 8<LI>Call Chain = usb_global_interrupt_enable
</UL>
<BR>[Called By]<UL><LI><a href="#[f6]">&gt;&gt;</a>&nbsp;&nbsp;&nbsp;usbd_rxflvl_handler
</UL>

<P><STRONG><a name="[be]"></a>usb_global_reset</STRONG> (Thumb, 104 bytes, Stack size 8 bytes, at32f402_405_usb.o(.text.usb_global_reset))
<BR><BR>[Stack]<UL><LI>Max Depth = 8<LI>Call Chain = usb_global_reset
</UL>
<BR>[Called By]<UL><LI><a href="#[bd]">&gt;&gt;</a>&nbsp;&nbsp;&nbsp;usb_global_init
</UL>

<P><STRONG><a name="[f1]"></a>usb_global_select_core</STRONG> (Thumb, 40 bytes, Stack size 8 bytes, at32f402_405_usb.o(.text.usb_global_select_core))
<BR><BR>[Stack]<UL><LI>Max Depth = 8<LI>Call Chain = usb_global_select_core
</UL>
<BR>[Called By]<UL><LI><a href="#[f0]">&gt;&gt;</a>&nbsp;&nbsp;&nbsp;usbd_init
</UL>

<P><STRONG><a name="[cd]"></a>usb_global_set_mode</STRONG> (Thumb, 98 bytes, Stack size 8 bytes, at32f402_405_usb.o(.text.usb_global_set_mode))
<BR><BR>[Stack]<UL><LI>Max Depth = 8<LI>Call Chain = usb_global_set_mode
</UL>
<BR>[Called By]<UL><LI><a href="#[c9]">&gt;&gt;</a>&nbsp;&nbsp;&nbsp;usbd_core_init
</UL>

<P><STRONG><a name="[cc]"></a>usb_interrupt_disable</STRONG> (Thumb, 18 bytes, Stack size 4 bytes, at32f402_405_usb.o(.text.usb_interrupt_disable))
<BR><BR>[Stack]<UL><LI>Max Depth = 4<LI>Call Chain = usb_interrupt_disable
</UL>
<BR>[Called By]<UL><LI><a href="#[c9]">&gt;&gt;</a>&nbsp;&nbsp;&nbsp;usbd_core_init
</UL>

<P><STRONG><a name="[d2]"></a>usb_interrupt_enable</STRONG> (Thumb, 18 bytes, Stack size 4 bytes, at32f402_405_usb.o(.text.usb_interrupt_enable))
<BR><BR>[Stack]<UL><LI>Max Depth = 4<LI>Call Chain = usb_interrupt_enable
</UL>
<BR>[Called By]<UL><LI><a href="#[c9]">&gt;&gt;</a>&nbsp;&nbsp;&nbsp;usbd_core_init
</UL>

<P><STRONG><a name="[ce]"></a>usb_open_phy_clk</STRONG> (Thumb, 22 bytes, Stack size 4 bytes, at32f402_405_usb.o(.text.usb_open_phy_clk))
<BR><BR>[Stack]<UL><LI>Max Depth = 4<LI>Call Chain = usb_open_phy_clk
</UL>
<BR>[Called By]<UL><LI><a href="#[fc]">&gt;&gt;</a>&nbsp;&nbsp;&nbsp;usbd_wakeup_handler
<LI><a href="#[c9]">&gt;&gt;</a>&nbsp;&nbsp;&nbsp;usbd_core_init
</UL>

<P><STRONG><a name="[104]"></a>usb_read_packet</STRONG> (Thumb, 76 bytes, Stack size 24 bytes, at32f402_405_usb.o(.text.usb_read_packet))
<BR><BR>[Stack]<UL><LI>Max Depth = 24<LI>Call Chain = usb_read_packet
</UL>
<BR>[Called By]<UL><LI><a href="#[f6]">&gt;&gt;</a>&nbsp;&nbsp;&nbsp;usbd_rxflvl_handler
</UL>

[...]
<LI><a href="#[9d]">&gt;&gt;</a>&nbsp;&nbsp;&nbsp;crm_hext_stable_wait
<LI><a href="#[9e]">&gt;&gt;</a>&nbsp;&nbsp;&nbsp;crm_flag_get
<LI><a href="#[119]">&gt;&gt;</a>&nbsp;&nbsp;&nbsp;crm_clock_source_enable
<LI><a href="#[10d]">&gt;&gt;</a>&nbsp;&nbsp;&nbsp;crm_periph_clock_enable
<LI><a href="#[a2]">&gt;&gt;</a>&nbsp;&nbsp;&nbsp;crm_reset
</UL>
<BR>[Called By]<UL><LI><a href="#[72]">&gt;&gt;</a>&nbsp;&nbsp;&nbsp;main
</UL>

<P><STRONG><a name="[107]"></a>wk_timebase_get</STRONG> (Thumb, 12 bytes, Stack size 0 bytes, wk_system.o(.text.wk_timebase_get))
<BR><BR>[Called By]<UL><LI><a href="#[8a]">&gt;&gt;</a>&nbsp;&nbsp;&nbsp;wk_delay_ms
</UL>

<P><STRONG><a name="[8d]"></a>wk_timebase_handler</STRONG> (Thumb, 8 bytes, Stack size 8 bytes, wk_system.o(.text.wk_timebase_handler))
<BR><BR>[Stack]<UL><LI>Max Depth = 8<LI>Call Chain = wk_timebase_handler
</UL>
<BR>[Calls]<UL><LI><a href="#[11d]">&gt;&gt;</a>&nbsp;&nbsp;&nbsp;wk_timebase_increase
</UL>
<BR>[Called By]<UL><LI><a href="#[1d]">&gt;&gt;</a>&nbsp;&nbsp;&nbsp;SysTick_Handler
</UL>

<P><STRONG><a name="[11d]"></a>wk_timebase_increase</STRONG> (Thumb, 16 bytes, Stack size 0 bytes, wk_system.o(.text.wk_timebase_increase))
<BR><BR>[Called By]<UL><LI><a href="#[8d]">&gt;&gt;</a>&nbsp;&nbsp;&nbsp;wk_timebase_handler
</UL>

<P><STRONG><a name="[ad]"></a>wk_timebase_init</STRONG> (Thumb, 92 bytes, Stack size 32 bytes, wk_system.o(.text.wk_timebase_init))
<BR><BR>[Stack]<UL><LI>Max Depth = 136<LI>Call Chain = wk_timebase_init &rArr; crm_clocks_freq_get &rArr; __aeabi_uldivmod
</UL>
<BR>[Calls]<UL><LI><a href="#[11e]">&gt;&gt;</a>&nbsp;&nbsp;&nbsp;systick_clock_source_config
<LI><a href="#[9a]">&gt;&gt;</a>&nbsp;&nbsp;&nbsp;crm_clocks_freq_get
</UL>
<BR>[Called By]<UL><LI><a href="#[72]">&gt;&gt;</a>&nbsp;&nbsp;&nbsp;main
</UL>

<P><STRONG><a name="[b2]"></a>wk_usb_app_init</STRONG> (Thumb, 44 bytes, Stack size 16 bytes, usb_app.o(.text.wk_usb_app_init))
<BR><BR>[Stack]<UL><LI>Max Depth = 152<LI>Call Chain = wk_usb_app_init &rArr; usbd_init &rArr; usbd_core_init &rArr; usbd_fifo_alloc &rArr; usb_set_tx_fifo
</UL>
<BR>[Calls]<UL><LI><a href="#[f0]">&gt;&gt;</a>&nbsp;&nbsp;&nbsp;usbd_init
</UL>
<BR>[Called By]<UL><LI><a href="#[72]">&gt;&gt;</a>&nbsp;&nbsp;&nbsp;main
</UL>

<P><STRONG><a name="[b3]"></a>wk_usb_app_task</STRONG> (Thumb, 2 bytes, Stack size 0 bytes, usb_app.o(.text.wk_usb_app_task))
<BR><BR>[Called By]<UL><LI><a href="#[72]">&gt;&gt;</a>&nbsp;&nbsp;&nbsp;main
</UL>

<P><STRONG><a name="[ae]"></a>wk_usb_otghs1_init</STRONG> (Thumb, 2 bytes, Stack size 0 bytes, wk_usb.o(.text.wk_usb_otghs1_init))
<BR><BR>[Called By]<UL><LI><a href="#[72]">&gt;&gt;</a>&nbsp;&nbsp;&nbsp;main
</UL>

<P><STRONG><a name="[6c]"></a>_fp_init</STRONG> (Thumb, 26 bytes, Stack size 0 bytes, fpinit.o(x$fpl$fpinit))
<BR><BR>[Called By]<UL><LI><a href="#[6b]">&gt;&gt;</a>&nbsp;&nbsp;&nbsp;__rt_lib_init_fp_1
</UL>

<P><STRONG><a name="[14e]"></a>__fplib_config_fpu_vfp</STRONG> (Thumb, 0 bytes, Stack size unknown bytes, fpinit.o(x$fpl$fpinit), UNUSED)

<P><STRONG><a name="[14f]"></a>__fplib_config_pureend_doubles</STRONG> (Thumb, 0 bytes, Stack size unknown bytes, fpinit.o(x$fpl$fpinit), UNUSED)
<P>
<H3>
Local Symbols
</H3>
<P><STRONG><a name="[10a]"></a>__NVIC_GetPriorityGrouping</STRONG> (Thumb, 16 bytes, Stack size 0 bytes, at32f402_405_wk_config.o(.text.__NVIC_GetPriorityGrouping))
<BR><BR>[Called By]<UL><LI><a href="#[ac]">&gt;&gt;</a>&nbsp;&nbsp;&nbsp;wk_nvic_config
</UL>

<P><STRONG><a name="[10b]"></a>NVIC_EncodePriority</STRONG> (Thumb, 108 bytes, Stack size 32 bytes, at32f402_405_wk_config.o(.text.NVIC_EncodePriority))
<BR><BR>[Stack]<UL><LI>Max Depth = 32<LI>Call Chain = NVIC_EncodePriority
</UL>
<BR>[Called By]<UL><LI><a href="#[ac]">&gt;&gt;</a>&nbsp;&nbsp;&nbsp;wk_nvic_config
</UL>

<P><STRONG><a name="[10c]"></a>__NVIC_SetPriority</STRONG> (Thumb, 66 bytes, Stack size 8 bytes, at32f402_405_wk_config.o(.text.__NVIC_SetPriority))
<BR><BR>[Stack]<UL><LI>Max Depth = 8<LI>Call Chain = __NVIC_SetPriority
</UL>
<BR>[Called By]<UL><LI><a href="#[ac]">&gt;&gt;</a>&nbsp;&nbsp;&nbsp;wk_nvic_config
</UL>

<P><STRONG><a name="[b5]"></a>__NVIC_GetPriorityGrouping</STRONG> (Thumb, 16 bytes, Stack size 0 bytes, at32f402_405_misc.o(.text.__NVIC_GetPriorityGrouping))
<BR><BR>[Called By]<UL><LI><a href="#[b4]">&gt;&gt;</a>&nbsp;&nbsp;&nbsp;nvic_irq_enable
</UL>

<P><STRONG><a name="[b6]"></a>NVIC_EncodePriority</STRONG> (Thumb, 108 bytes, Stack size 32 bytes, at32f402_405_misc.o(.text.NVIC_EncodePriority))
<BR><BR>[Stack]<UL><LI>Max Depth = 32<LI>Call Chain = NVIC_EncodePriority
</UL>
<BR>[Called By]<UL><LI><a href="#[b4]">&gt;&gt;</a>&nbsp;&nbsp;&nbsp;nvic_irq_enable
</UL>

<P><STRONG><a name="[b7]"></a>__NVIC_SetPriority</STRONG> (Thumb, 66 bytes, Stack size 8 bytes, at32f402_405_misc.o(.text.__NVIC_SetPriority))
<BR><BR>[Stack]<UL><LI>Max Depth = 8<LI>Call Chain = __NVIC_SetPriority
</UL>
<BR>[Called By]<UL><LI><a href="#[b4]">&gt;&gt;</a>&nbsp;&nbsp;&nbsp;nvic_irq_enable
</UL>

<P><STRONG><a name="[b8]"></a>__NVIC_EnableIRQ</STRONG> (Thumb, 48 bytes, Stack size 4 bytes, at32f402_405_misc.o(.text.__NVIC_EnableIRQ))
<BR><BR>[Stack]<UL><LI>Max Depth = 4<LI>Call Chain = __NVIC_EnableIRQ
</UL>
<BR>[Called By]<UL><LI><a href="#[b4]">&gt;&gt;</a>&nbsp;&nbsp;&nbsp;nvic_irq_enable
</UL>

<P><STRONG><a name="[ba]"></a>__NVIC_SetPriorityGrouping</STRONG> (Thumb, 60 bytes, Stack size 12 bytes, at32f402_405_misc.o(.text.__NVIC_SetPriorityGrouping))
<BR><BR>[Stack]<UL><LI>Max Depth = 12<LI>Call Chain = __NVIC_SetPriorityGrouping
</UL>
<BR>[Called By]<UL><LI><a href="#[b9]">&gt;&gt;</a>&nbsp;&nbsp;&nbsp;nvic_priority_group_config
</UL>

<P><STRONG><a name="[da]"></a>usbd_get_status</STRONG> (Thumb, 82 bytes, Stack size 16 bytes, usbd_sdr.o(.text.usbd_get_status))
<BR><BR>[Stack]<UL><LI>Max Depth = 148<LI>Call Chain = usbd_get_status &rArr; usbd_ctrl_send &rArr; usbd_ept_send &rArr; usbd_ept_in_check_fifo &rArr; usbd_flush_tx_fifo &rArr; usb_flush_tx_fifo
</UL>
<BR>[Calls]<UL><LI><a href="#[96]">&gt;&gt;</a>&nbsp;&nbsp;&nbsp;usbd_ctrl_send
<LI><a href="#[98]">&gt;&gt;</a>&nbsp;&nbsp;&nbsp;usbd_ctrl_unsupport
</UL>
<BR>[Called By]<UL><LI><a href="#[d6]">&gt;&gt;</a>&nbsp;&nbsp;&nbsp;usbd_device_request
</UL>

<P><STRONG><a name="[c1]"></a>usbd_clear_feature</STRONG> (Thumb, 104 bytes, Stack size 24 bytes, usbd_sdr.o(.text.usbd_clear_feature))
<BR><BR>[Stack]<UL><LI>Max Depth = 148<LI>Call Chain = usbd_clear_feature &rArr; usbd_ctrl_send_status &rArr; usbd_ept_send &rArr; usbd_ept_in_check_fifo &rArr; usbd_flush_tx_fifo &rArr; usb_flush_tx_fifo
</UL>
<BR>[Calls]<UL><LI><a href="#[98]">&gt;&gt;</a>&nbsp;&nbsp;&nbsp;usbd_ctrl_unsupport
<LI><a href="#[c2]">&gt;&gt;</a>&nbsp;&nbsp;&nbsp;usbd_ctrl_send_status
</UL>
<BR>[Called By]<UL><LI><a href="#[d6]">&gt;&gt;</a>&nbsp;&nbsp;&nbsp;usbd_device_request
</UL>

<P><STRONG><a name="[db]"></a>usbd_set_feature</STRONG> (Thumb, 220 bytes, Stack size 32 bytes, usbd_sdr.o(.text.usbd_set_feature))
<BR><BR>[Stack]<UL><LI>Max Depth = 156<LI>Call Chain = usbd_set_feature &rArr; usbd_ctrl_send_status &rArr; usbd_ept_send &rArr; usbd_ept_in_check_fifo &rArr; usbd_flush_tx_fifo &rArr; usb_flush_tx_fifo
</UL>
<BR>[Calls]<UL><LI><a href="#[98]">&gt;&gt;</a>&nbsp;&nbsp;&nbsp;usbd_ctrl_unsupport
<LI><a href="#[c2]">&gt;&gt;</a>&nbsp;&nbsp;&nbsp;usbd_ctrl_send_status
</UL>
<BR>[Called By]<UL><LI><a href="#[d6]">&gt;&gt;</a>&nbsp;&nbsp;&nbsp;usbd_device_request
</UL>

<P><STRONG><a name="[dc]"></a>usbd_set_address</STRONG> (Thumb, 142 bytes, Stack size 24 bytes, usbd_sdr.o(.text.usbd_set_address))
<BR><BR>[Stack]<UL><LI>Max Depth = 148<LI>Call Chain = usbd_set_address &rArr; usbd_ctrl_send_status &rArr; usbd_ept_send &rArr; usbd_ept_in_check_fifo &rArr; usbd_flush_tx_fifo &rArr; usb_flush_tx_fifo
</UL>
<BR>[Calls]<UL><LI><a href="#[105]">&gt;&gt;</a>&nbsp;&nbsp;&nbsp;usbd_set_device_addr
<LI><a href="#[98]">&gt;&gt;</a>&nbsp;&nbsp;&nbsp;usbd_ctrl_unsupport
<LI><a href="#[c2]">&gt;&gt;</a>&nbsp;&nbsp;&nbsp;usbd_ctrl_send_status
</UL>
<BR>[Called By]<UL><LI><a href="#[d6]">&gt;&gt;</a>&nbsp;&nbsp;&nbsp;usbd_device_request
</UL>

<P><STRONG><a name="[dd]"></a>usbd_get_descriptor</STRONG> (Thumb, 468 bytes, Stack size 40 bytes, usbd_sdr.o(.text.usbd_get_descriptor))
<BR><BR>[Stack]<UL><LI>Max Depth = 172<LI>Call Chain = usbd_get_descriptor &rArr; usbd_ctrl_send &rArr; usbd_ept_send &rArr; usbd_ept_in_check_fifo &rArr; usbd_flush_tx_fifo &rArr; usb_flush_tx_fifo
</UL>
<BR>[Calls]<UL><LI><a href="#[96]">&gt;&gt;</a>&nbsp;&nbsp;&nbsp;usbd_ctrl_send
<LI><a href="#[98]">&gt;&gt;</a>&nbsp;&nbsp;&nbsp;usbd_ctrl_unsupport
</UL>
<BR>[Called By]<UL><LI><a href="#[d6]">&gt;&gt;</a>&nbsp;&nbsp;&nbsp;usbd_device_request
</UL>

<P><STRONG><a name="[de]"></a>usbd_get_configuration</STRONG> (Thumb, 116 bytes, Stack size 24 bytes, usbd_sdr.o(.text.usbd_get_configuration))
<BR><BR>[Stack]<UL><LI>Max Depth = 156<LI>Call Chain = usbd_get_configuration &rArr; usbd_ctrl_send &rArr; usbd_ept_send &rArr; usbd_ept_in_check_fifo &rArr; usbd_flush_tx_fifo &rArr; usb_flush_tx_fifo
</UL>
<BR>[Calls]<UL><LI><a href="#[96]">&gt;&gt;</a>&nbsp;&nbsp;&nbsp;usbd_ctrl_send
<LI><a href="#[98]">&gt;&gt;</a>&nbsp;&nbsp;&nbsp;usbd_ctrl_unsupport
</UL>
<BR>[Called By]<UL><LI><a href="#[d6]">&gt;&gt;</a>&nbsp;&nbsp;&nbsp;usbd_device_request
</UL>

<P><STRONG><a name="[df]"></a>usbd_set_configuration</STRONG> (Thumb, 296 bytes, Stack size 24 bytes, usbd_sdr.o(.text.usbd_set_configuration))
<BR><BR>[Stack]<UL><LI>Max Depth = 148<LI>Call Chain = usbd_set_configuration &rArr; usbd_ctrl_send_status &rArr; usbd_ept_send &rArr; usbd_ept_in_check_fifo &rArr; usbd_flush_tx_fifo &rArr; usb_flush_tx_fifo
</UL>
<BR>[Calls]<UL><LI><a href="#[98]">&gt;&gt;</a>&nbsp;&nbsp;&nbsp;usbd_ctrl_unsupport
<LI><a href="#[c2]">&gt;&gt;</a>&nbsp;&nbsp;&nbsp;usbd_ctrl_send_status
</UL>
<BR>[Called By]<UL><LI><a href="#[d6]">&gt;&gt;</a>&nbsp;&nbsp;&nbsp;usbd_device_request
</UL>

<P><STRONG><a name="[0]"></a>class_init_handler</STRONG> (Thumb, 84 bytes, Stack size 40 bytes, custom_hid_class.o(.text.class_init_handler))
<BR><BR>[Stack]<UL><LI>Max Depth = 76<LI>Call Chain = class_init_handler &rArr; usbd_ept_open &rArr; usb_ept_open
</UL>
<BR>[Calls]<UL><LI><a href="#[94]">&gt;&gt;</a>&nbsp;&nbsp;&nbsp;usbd_ept_open
<LI><a href="#[95]">&gt;&gt;</a>&nbsp;&nbsp;&nbsp;usbd_ept_recv
</UL>
<BR>[Address Reference Count : 1]<UL><LI> custom_hid_class.o(.data.custom_hid_class_handler)
</UL>
<P><STRONG><a name="[1]"></a>class_clear_handler</STRONG> (Thumb, 40 bytes, Stack size 24 bytes, custom_hid_class.o(.text.class_clear_handler))
<BR><BR>[Stack]<UL><LI>Max Depth = 56<LI>Call Chain = class_clear_handler &rArr; usbd_ept_close &rArr; usb_ept_close
</UL>
<BR>[Calls]<UL><LI><a href="#[91]">&gt;&gt;</a>&nbsp;&nbsp;&nbsp;usbd_ept_close
</UL>
<BR>[Address Reference Count : 1]<UL><LI> custom_hid_class.o(.data.custom_hid_class_handler)
</UL>
<P><STRONG><a name="[2]"></a>class_setup_handler</STRONG> (Thumb, 416 bytes, Stack size 56 bytes, custom_hid_class.o(.text.class_setup_handler))
<BR><BR>[Stack]<UL><LI>Max Depth = 188<LI>Call Chain = class_setup_handler &rArr; usbd_ctrl_send &rArr; usbd_ept_send &rArr; usbd_ept_in_check_fifo &rArr; usbd_flush_tx_fifo &rArr; usb_flush_tx_fifo
</UL>
<BR>[Calls]<UL><LI><a href="#[97]">&gt;&gt;</a>&nbsp;&nbsp;&nbsp;usbd_ctrl_recv
<LI><a href="#[96]">&gt;&gt;</a>&nbsp;&nbsp;&nbsp;usbd_ctrl_send
<LI><a href="#[98]">&gt;&gt;</a>&nbsp;&nbsp;&nbsp;usbd_ctrl_unsupport
</UL>
<BR>[Address Reference Count : 1]<UL><LI> custom_hid_class.o(.data.custom_hid_class_handler)
</UL>
<P><STRONG><a name="[3]"></a>class_ept0_tx_handler</STRONG> (Thumb, 18 bytes, Stack size 8 bytes, custom_hid_class.o(.text.class_ept0_tx_handler))
<BR><BR>[Stack]<UL><LI>Max Depth = 8<LI>Call Chain = class_ept0_tx_handler
</UL>
<BR>[Address Reference Count : 1]<UL><LI> custom_hid_class.o(.data.custom_hid_class_handler)
</UL>
<P><STRONG><a name="[4]"></a>class_ept0_rx_handler</STRONG> (Thumb, 76 bytes, Stack size 32 bytes, custom_hid_class.o(.text.class_ept0_rx_handler))
<BR><BR>[Stack]<UL><LI>Max Depth = 212<LI>Call Chain = class_ept0_rx_handler &rArr; usb_hid_buf_process &rArr; custom_hid_class_send_report &rArr; usbd_ept_send &rArr; usbd_ept_in_check_fifo &rArr; usbd_flush_tx_fifo &rArr; usb_flush_tx_fifo
</UL>
<BR>[Calls]<UL><LI><a href="#[93]">&gt;&gt;</a>&nbsp;&nbsp;&nbsp;usb_hid_buf_process
<LI><a href="#[92]">&gt;&gt;</a>&nbsp;&nbsp;&nbsp;usbd_get_recv_len
</UL>
<BR>[Address Reference Count : 1]<UL><LI> custom_hid_class.o(.data.custom_hid_class_handler)
</UL>
<P><STRONG><a name="[93]"></a>usb_hid_buf_process</STRONG> (Thumb, 168 bytes, Stack size 40 bytes, custom_hid_class.o(.text.usb_hid_buf_process))
<BR><BR>[Stack]<UL><LI>Max Depth = 180<LI>Call Chain = usb_hid_buf_process &rArr; custom_hid_class_send_report &rArr; usbd_ept_send &rArr; usbd_ept_in_check_fifo &rArr; usbd_flush_tx_fifo &rArr; usb_flush_tx_fifo
</UL>
<BR>[Calls]<UL><LI><a href="#[a4]">&gt;&gt;</a>&nbsp;&nbsp;&nbsp;custom_hid_class_send_report
</UL>
<BR>[Called By]<UL><LI><a href="#[6]">&gt;&gt;</a>&nbsp;&nbsp;&nbsp;class_out_handler
<LI><a href="#[4]">&gt;&gt;</a>&nbsp;&nbsp;&nbsp;class_ept0_rx_handler
</UL>

<P><STRONG><a name="[5]"></a>class_in_handler</STRONG> (Thumb, 40 bytes, Stack size 16 bytes, custom_hid_class.o(.text.class_in_handler))
<BR><BR>[Stack]<UL><LI>Max Depth = 16<LI>Call Chain = class_in_handler
</UL>
<BR>[Address Reference Count : 1]<UL><LI> custom_hid_class.o(.data.custom_hid_class_handler)
</UL>
<P><STRONG><a name="[6]"></a>class_out_handler</STRONG> (Thumb, 74 bytes, Stack size 32 bytes, custom_hid_class.o(.text.class_out_handler))
<BR><BR>[Stack]<UL><LI>Max Depth = 212<LI>Call Chain = class_out_handler &rArr; usb_hid_buf_process &rArr; custom_hid_class_send_report &rArr; usbd_ept_send &rArr; usbd_ept_in_check_fifo &rArr; usbd_flush_tx_fifo &rArr; usb_flush_tx_fifo
</UL>
<BR>[Calls]<UL><LI><a href="#[93]">&gt;&gt;</a>&nbsp;&nbsp;&nbsp;usb_hid_buf_process
<LI><a href="#[92]">&gt;&gt;</a>&nbsp;&nbsp;&nbsp;usbd_get_recv_len
<LI><a href="#[95]">&gt;&gt;</a>&nbsp;&nbsp;&nbsp;usbd_ept_recv
</UL>
<BR>[Address Reference Count : 1]<UL><LI> custom_hid_class.o(.data.custom_hid_class_handler)
</UL>
<P><STRONG><a name="[7]"></a>class_sof_handler</STRONG> (Thumb, 18 bytes, Stack size 8 bytes, custom_hid_class.o(.text.class_sof_handler))
<BR><BR>[Stack]<UL><LI>Max Depth = 8<LI>Call Chain = class_sof_handler
</UL>
<BR>[Address Reference Count : 1]<UL><LI> custom_hid_class.o(.data.custom_hid_class_handler)
</UL>
<P><STRONG><a name="[8]"></a>class_event_handler</STRONG> (Thumb, 60 bytes, Stack size 12 bytes, custom_hid_class.o(.text.class_event_handler))
<BR><BR>[Stack]<UL><LI>Max Depth = 12<LI>Call Chain = class_event_handler
</UL>
<BR>[Address Reference Count : 1]<UL><LI> custom_hid_class.o(.data.custom_hid_class_handler)
</UL>
<P><STRONG><a name="[9]"></a>get_device_descriptor</STRONG> (Thumb, 10 bytes, Stack size 0 bytes, custom_hid_desc.o(.text.get_device_descriptor))
<BR>[Address Reference Count : 1]<UL><LI> custom_hid_desc.o(.data.custom_hid_desc_handler)
</UL>
<P><STRONG><a name="[a]"></a>get_device_qualifier</STRONG> (Thumb, 10 bytes, Stack size 0 bytes, custom_hid_desc.o(.text.get_device_qualifier))
<BR>[Address Reference Count : 1]<UL><LI> custom_hid_desc.o(.data.custom_hid_desc_handler)
</UL>
<P><STRONG><a name="[b]"></a>get_device_configuration</STRONG> (Thumb, 10 bytes, Stack size 0 bytes, custom_hid_desc.o(.text.get_device_configuration))
<BR>[Address Reference Count : 1]<UL><LI> custom_hid_desc.o(.data.custom_hid_desc_handler)
</UL>
<P><STRONG><a name="[c]"></a>get_device_other_speed</STRONG> (Thumb, 10 bytes, Stack size 0 bytes, custom_hid_desc.o(.text.get_device_other_speed))
<BR>[Address Reference Count : 1]<UL><LI> custom_hid_desc.o(.data.custom_hid_desc_handler)
</UL>
<P><STRONG><a name="[d]"></a>get_device_lang_id</STRONG> (Thumb, 10 bytes, Stack size 0 bytes, custom_hid_desc.o(.text.get_device_lang_id))
<BR>[Address Reference Count : 1]<UL><LI> custom_hid_desc.o(.data.custom_hid_desc_handler)
</UL>
<P><STRONG><a name="[e]"></a>get_device_manufacturer_string</STRONG> (Thumb, 46 bytes, Stack size 16 bytes, custom_hid_desc.o(.text.get_device_manufacturer_string))
<BR><BR>[Stack]<UL><LI>Max Depth = 32<LI>Call Chain = get_device_manufacturer_string &rArr; usbd_unicode_convert
</UL>
<BR>[Calls]<UL><LI><a href="#[a7]">&gt;&gt;</a>&nbsp;&nbsp;&nbsp;usbd_unicode_convert
</UL>
<BR>[Address Reference Count : 1]<UL><LI> custom_hid_desc.o(.data.custom_hid_desc_handler)
</UL>
<P><STRONG><a name="[a7]"></a>usbd_unicode_convert</STRONG> (Thumb, 118 bytes, Stack size 16 bytes, custom_hid_desc.o(.text.usbd_unicode_convert))
<BR><BR>[Stack]<UL><LI>Max Depth = 16<LI>Call Chain = usbd_unicode_convert
</UL>
<BR>[Called By]<UL><LI><a href="#[12]">&gt;&gt;</a>&nbsp;&nbsp;&nbsp;get_device_config_string
<LI><a href="#[11]">&gt;&gt;</a>&nbsp;&nbsp;&nbsp;get_device_interface_string
<LI><a href="#[f]">&gt;&gt;</a>&nbsp;&nbsp;&nbsp;get_device_product_string
<LI><a href="#[e]">&gt;&gt;</a>&nbsp;&nbsp;&nbsp;get_device_manufacturer_string
</UL>

<P><STRONG><a name="[f]"></a>get_device_product_string</STRONG> (Thumb, 46 bytes, Stack size 16 bytes, custom_hid_desc.o(.text.get_device_product_string))
<BR><BR>[Stack]<UL><LI>Max Depth = 32<LI>Call Chain = get_device_product_string &rArr; usbd_unicode_convert
</UL>
<BR>[Calls]<UL><LI><a href="#[a7]">&gt;&gt;</a>&nbsp;&nbsp;&nbsp;usbd_unicode_convert
</UL>
<BR>[Address Reference Count : 1]<UL><LI> custom_hid_desc.o(.data.custom_hid_desc_handler)
</UL>
<P><STRONG><a name="[10]"></a>get_device_serial_string</STRONG> (Thumb, 16 bytes, Stack size 8 bytes, custom_hid_desc.o(.text.get_device_serial_string))
<BR><BR>[Stack]<UL><LI>Max Depth = 44<LI>Call Chain = get_device_serial_string &rArr; get_serial_num &rArr; usbd_int_to_unicode
</UL>
<BR>[Calls]<UL><LI><a href="#[a8]">&gt;&gt;</a>&nbsp;&nbsp;&nbsp;get_serial_num
</UL>
<BR>[Address Reference Count : 1]<UL><LI> custom_hid_desc.o(.data.custom_hid_desc_handler)
</UL>
<P><STRONG><a name="[a8]"></a>get_serial_num</STRONG> (Thumb, 92 bytes, Stack size 24 bytes, custom_hid_desc.o(.text.get_serial_num))
<BR><BR>[Stack]<UL><LI>Max Depth = 36<LI>Call Chain = get_serial_num &rArr; usbd_int_to_unicode
</UL>
<BR>[Calls]<UL><LI><a href="#[a9]">&gt;&gt;</a>&nbsp;&nbsp;&nbsp;usbd_int_to_unicode
</UL>
<BR>[Called By]<UL><LI><a href="#[10]">&gt;&gt;</a>&nbsp;&nbsp;&nbsp;get_device_serial_string
</UL>

<P><STRONG><a name="[11]"></a>get_device_interface_string</STRONG> (Thumb, 46 bytes, Stack size 16 bytes, custom_hid_desc.o(.text.get_device_interface_string))
<BR><BR>[Stack]<UL><LI>Max Depth = 32<LI>Call Chain = get_device_interface_string &rArr; usbd_unicode_convert
</UL>
<BR>[Calls]<UL><LI><a href="#[a7]">&gt;&gt;</a>&nbsp;&nbsp;&nbsp;usbd_unicode_convert
</UL>
<BR>[Address Reference Count : 1]<UL><LI> custom_hid_desc.o(.data.custom_hid_desc_handler)
</UL>
<P><STRONG><a name="[12]"></a>get_device_config_string</STRONG> (Thumb, 46 bytes, Stack size 16 bytes, custom_hid_desc.o(.text.get_device_config_string))
<BR><BR>[Stack]<UL><LI>Max Depth = 32<LI>Call Chain = get_device_config_string &rArr; usbd_unicode_convert
</UL>
<BR>[Calls]<UL><LI><a href="#[a7]">&gt;&gt;</a>&nbsp;&nbsp;&nbsp;usbd_unicode_convert
</UL>
<BR>[Address Reference Count : 1]<UL><LI> custom_hid_desc.o(.data.custom_hid_desc_handler)
</UL>
<P><STRONG><a name="[13]"></a>get_hs_device_configuration</STRONG> (Thumb, 10 bytes, Stack size 0 bytes, custom_hid_desc.o(.text.get_hs_device_configuration))
<BR>[Address Reference Count : 1]<UL><LI> custom_hid_desc.o(.data.custom_hid_desc_handler)
</UL>
<P><STRONG><a name="[a9]"></a>usbd_int_to_unicode</STRONG> (Thumb, 122 bytes, Stack size 12 bytes, custom_hid_desc.o(.text.usbd_int_to_unicode))
<BR><BR>[Stack]<UL><LI>Max Depth = 12<LI>Call Chain = usbd_int_to_unicode
</UL>
<BR>[Called By]<UL><LI><a href="#[a8]">&gt;&gt;</a>&nbsp;&nbsp;&nbsp;get_serial_num
</UL>
<P>
<H3>
Undefined Global Symbols
</H3><HR></body></html>
