<!doctype html public "-//w3c//dtd html 4.0 transitional//en">
<html><head>
<title>Static Call Graph - [.\objects\hub_screen_AT32F405KCU7-4_WorkBench.axf]</title></head>
<body><HR>
<H1>Static Call Graph for image .\objects\hub_screen_AT32F405KCU7-4_WorkBench.axf</H1><HR>
<BR><P>#&#060CALLGRAPH&#062# ARM Linker, 5060960: Last Updated: Tue Oct 21 12:42:58 2025
<BR><P>
<H3>Maximum Stack Usage =        248 bytes + Unknown(Functions without stacksize, Cycles, Untraceable Function Pointers)</H3><H3>
Call chain for Maximum Stack Depth:</H3>
OTGHS_IRQHandler &rArr; wk_otghs_irq_handler &rArr; usbd_irq_handler &rArr; usbd_outept_handler &rArr; usbd_core_setup_handler &rArr; usbd_device_request &rArr; usbd_get_descriptor &rArr; usbd_ctrl_send &rArr; usbd_ept_send &rArr; usbd_ept_in_check_fifo &rArr; usbd_flush_tx_fifo &rArr; usb_flush_tx_fifo
<P>
<H3>
Functions with no stack information
</H3><UL>
 <LI><a href="#[7d]">__user_initial_stackheap</a>
</UL>
</UL>
<P>
<H3>
Mutually Recursive functions
</H3> <LI><a href="#[68]">ACC_IRQHandler</a>&nbsp;&nbsp;&nbsp;&rArr;&nbsp;&nbsp;&nbsp;<a href="#[68]">ACC_IRQHandler</a><BR>
</UL>
<P>
<H3>
Function Pointers
</H3><UL>
 <LI><a href="#[68]">ACC_IRQHandler</a> from startup_at32f402_405.o(.text) referenced from startup_at32f402_405.o(RESET)
 <LI><a href="#[33]">ADC1_IRQHandler</a> from startup_at32f402_405.o(.text) referenced from startup_at32f402_405.o(RESET)
 <LI><a href="#[1b]">BusFault_Handler</a> from at32f402_405_int.o(i.BusFault_Handler) referenced from startup_at32f402_405.o(RESET)
 <LI><a href="#[35]">CAN1_RX0_IRQHandler</a> from startup_at32f402_405.o(.text) referenced from startup_at32f402_405.o(RESET)
 <LI><a href="#[36]">CAN1_RX1_IRQHandler</a> from startup_at32f402_405.o(.text) referenced from startup_at32f402_405.o(RESET)
 <LI><a href="#[37]">CAN1_SE_IRQHandler</a> from startup_at32f402_405.o(.text) referenced from startup_at32f402_405.o(RESET)
 <LI><a href="#[34]">CAN1_TX_IRQHandler</a> from startup_at32f402_405.o(.text) referenced from startup_at32f402_405.o(RESET)
 <LI><a href="#[26]">CRM_IRQHandler</a> from startup_at32f402_405.o(.text) referenced from startup_at32f402_405.o(RESET)
 <LI><a href="#[2c]">DMA1_Channel1_IRQHandler</a> from startup_at32f402_405.o(.text) referenced from startup_at32f402_405.o(RESET)
 <LI><a href="#[2d]">DMA1_Channel2_IRQHandler</a> from startup_at32f402_405.o(.text) referenced from startup_at32f402_405.o(RESET)
 <LI><a href="#[2e]">DMA1_Channel3_IRQHandler</a> from startup_at32f402_405.o(.text) referenced from startup_at32f402_405.o(RESET)
 <LI><a href="#[2f]">DMA1_Channel4_IRQHandler</a> from startup_at32f402_405.o(.text) referenced from startup_at32f402_405.o(RESET)
 <LI><a href="#[30]">DMA1_Channel5_IRQHandler</a> from startup_at32f402_405.o(.text) referenced from startup_at32f402_405.o(RESET)
 <LI><a href="#[31]">DMA1_Channel6_IRQHandler</a> from startup_at32f402_405.o(.text) referenced from startup_at32f402_405.o(RESET)
 <LI><a href="#[32]">DMA1_Channel7_IRQHandler</a> from startup_at32f402_405.o(.text) referenced from startup_at32f402_405.o(RESET)
 <LI><a href="#[53]">DMA2_Channel1_IRQHandler</a> from startup_at32f402_405.o(.text) referenced from startup_at32f402_405.o(RESET)
 <LI><a href="#[54]">DMA2_Channel2_IRQHandler</a> from startup_at32f402_405.o(.text) referenced from startup_at32f402_405.o(RESET)
 <LI><a href="#[55]">DMA2_Channel3_IRQHandler</a> from startup_at32f402_405.o(.text) referenced from startup_at32f402_405.o(RESET)
 <LI><a href="#[56]">DMA2_Channel4_IRQHandler</a> from startup_at32f402_405.o(.text) referenced from startup_at32f402_405.o(RESET)
 <LI><a href="#[57]">DMA2_Channel5_IRQHandler</a> from startup_at32f402_405.o(.text) referenced from startup_at32f402_405.o(RESET)
 <LI><a href="#[59]">DMA2_Channel6_IRQHandler</a> from startup_at32f402_405.o(.text) referenced from startup_at32f402_405.o(RESET)
 <LI><a href="#[5a]">DMA2_Channel7_IRQHandler</a> from startup_at32f402_405.o(.text) referenced from startup_at32f402_405.o(RESET)
 <LI><a href="#[67]">DMAMUX_IRQHandler</a> from startup_at32f402_405.o(.text) referenced from startup_at32f402_405.o(RESET)
 <LI><a href="#[1e]">DebugMon_Handler</a> from at32f402_405_int.o(i.DebugMon_Handler) referenced from startup_at32f402_405.o(RESET)
 <LI><a href="#[4a]">ERTCAlarm_IRQHandler</a> from startup_at32f402_405.o(.text) referenced from startup_at32f402_405.o(RESET)
 <LI><a href="#[24]">ERTC_WKUP_IRQHandler</a> from startup_at32f402_405.o(.text) referenced from startup_at32f402_405.o(RESET)
 <LI><a href="#[27]">EXINT0_IRQHandler</a> from startup_at32f402_405.o(.text) referenced from startup_at32f402_405.o(RESET)
 <LI><a href="#[49]">EXINT15_10_IRQHandler</a> from startup_at32f402_405.o(.text) referenced from startup_at32f402_405.o(RESET)
 <LI><a href="#[28]">EXINT1_IRQHandler</a> from startup_at32f402_405.o(.text) referenced from startup_at32f402_405.o(RESET)
 <LI><a href="#[29]">EXINT2_IRQHandler</a> from startup_at32f402_405.o(.text) referenced from startup_at32f402_405.o(RESET)
 <LI><a href="#[2a]">EXINT3_IRQHandler</a> from startup_at32f402_405.o(.text) referenced from startup_at32f402_405.o(RESET)
 <LI><a href="#[2b]">EXINT4_IRQHandler</a> from startup_at32f402_405.o(.text) referenced from startup_at32f402_405.o(RESET)
 <LI><a href="#[38]">EXINT9_5_IRQHandler</a> from startup_at32f402_405.o(.text) referenced from startup_at32f402_405.o(RESET)
 <LI><a href="#[25]">FLASH_IRQHandler</a> from startup_at32f402_405.o(.text) referenced from startup_at32f402_405.o(RESET)
 <LI><a href="#[62]">FPU_IRQHandler</a> from startup_at32f402_405.o(.text) referenced from startup_at32f402_405.o(RESET)
 <LI><a href="#[19]">HardFault_Handler</a> from at32f402_405_int.o(i.HardFault_Handler) referenced from startup_at32f402_405.o(RESET)
 <LI><a href="#[41]">I2C1_ERR_IRQHandler</a> from startup_at32f402_405.o(.text) referenced from startup_at32f402_405.o(RESET)
 <LI><a href="#[40]">I2C1_EVT_IRQHandler</a> from startup_at32f402_405.o(.text) referenced from startup_at32f402_405.o(RESET)
 <LI><a href="#[43]">I2C2_ERR_IRQHandler</a> from startup_at32f402_405.o(.text) referenced from startup_at32f402_405.o(RESET)
 <LI><a href="#[42]">I2C2_EVT_IRQHandler</a> from startup_at32f402_405.o(.text) referenced from startup_at32f402_405.o(RESET)
 <LI><a href="#[5d]">I2C3_ERR_IRQHandler</a> from startup_at32f402_405.o(.text) referenced from startup_at32f402_405.o(RESET)
 <LI><a href="#[5c]">I2C3_EVT_IRQHandler</a> from startup_at32f402_405.o(.text) referenced from startup_at32f402_405.o(RESET)
 <LI><a href="#[65]">I2SF5_IRQHandler</a> from startup_at32f402_405.o(.text) referenced from startup_at32f402_405.o(RESET)
 <LI><a href="#[1a]">MemManage_Handler</a> from at32f402_405_int.o(i.MemManage_Handler) referenced from startup_at32f402_405.o(RESET)
 <LI><a href="#[18]">NMI_Handler</a> from at32f402_405_int.o(i.NMI_Handler) referenced from startup_at32f402_405.o(RESET)
 <LI><a href="#[58]">OTGFS1_IRQHandler</a> from startup_at32f402_405.o(.text) referenced from startup_at32f402_405.o(RESET)
 <LI><a href="#[4b]">OTGFS1_WKUP_IRQHandler</a> from startup_at32f402_405.o(.text) referenced from startup_at32f402_405.o(RESET)
 <LI><a href="#[5f]">OTGHS_EP1_IN_IRQHandler</a> from startup_at32f402_405.o(.text) referenced from startup_at32f402_405.o(RESET)
 <LI><a href="#[5e]">OTGHS_EP1_OUT_IRQHandler</a> from startup_at32f402_405.o(.text) referenced from startup_at32f402_405.o(RESET)
 <LI><a href="#[61]">OTGHS_IRQHandler</a> from at32f402_405_int.o(i.OTGHS_IRQHandler) referenced from startup_at32f402_405.o(RESET)
 <LI><a href="#[60]">OTGHS_WKUP_IRQHandler</a> from startup_at32f402_405.o(.text) referenced from startup_at32f402_405.o(RESET)
 <LI><a href="#[22]">PVM_IRQHandler</a> from startup_at32f402_405.o(.text) referenced from startup_at32f402_405.o(RESET)
 <LI><a href="#[1f]">PendSV_Handler</a> from at32f402_405_int.o(i.PendSV_Handler) referenced from startup_at32f402_405.o(RESET)
 <LI><a href="#[66]">QSPI1_IRQHandler</a> from startup_at32f402_405.o(.text) referenced from startup_at32f402_405.o(RESET)
 <LI><a href="#[17]">Reset_Handler</a> from startup_at32f402_405.o(.text) referenced from startup_at32f402_405.o(RESET)
 <LI><a href="#[44]">SPI1_IRQHandler</a> from startup_at32f402_405.o(.text) referenced from startup_at32f402_405.o(RESET)
 <LI><a href="#[45]">SPI2_IRQHandler</a> from startup_at32f402_405.o(.text) referenced from startup_at32f402_405.o(RESET)
 <LI><a href="#[4e]">SPI3_IRQHandler</a> from startup_at32f402_405.o(.text) referenced from startup_at32f402_405.o(RESET)
 <LI><a href="#[1d]">SVC_Handler</a> from at32f402_405_int.o(i.SVC_Handler) referenced from startup_at32f402_405.o(RESET)
 <LI><a href="#[20]">SysTick_Handler</a> from at32f402_405_int.o(i.SysTick_Handler) referenced from startup_at32f402_405.o(RESET)
 <LI><a href="#[69]">SystemInit</a> from system_at32f402_405.o(i.SystemInit) referenced from startup_at32f402_405.o(.text)
 <LI><a href="#[23]">TAMP_STAMP_IRQHandler</a> from startup_at32f402_405.o(.text) referenced from startup_at32f402_405.o(RESET)
 <LI><a href="#[4c]">TMR13_GLOBAL_IRQHandler</a> from startup_at32f402_405.o(.text) referenced from startup_at32f402_405.o(RESET)
 <LI><a href="#[4d]">TMR14_GLOBAL_IRQHandler</a> from startup_at32f402_405.o(.text) referenced from startup_at32f402_405.o(RESET)
 <LI><a href="#[39]">TMR1_BRK_TMR9_IRQHandler</a> from startup_at32f402_405.o(.text) referenced from startup_at32f402_405.o(RESET)
 <LI><a href="#[3c]">TMR1_CH_IRQHandler</a> from startup_at32f402_405.o(.text) referenced from startup_at32f402_405.o(RESET)
 <LI><a href="#[3a]">TMR1_OVF_TMR10_IRQHandler</a> from startup_at32f402_405.o(.text) referenced from startup_at32f402_405.o(RESET)
 <LI><a href="#[3b]">TMR1_TRG_HALL_TMR11_IRQHandler</a> from startup_at32f402_405.o(.text) referenced from startup_at32f402_405.o(RESET)
 <LI><a href="#[3d]">TMR2_GLOBAL_IRQHandler</a> from startup_at32f402_405.o(.text) referenced from startup_at32f402_405.o(RESET)
 <LI><a href="#[3e]">TMR3_GLOBAL_IRQHandler</a> from startup_at32f402_405.o(.text) referenced from startup_at32f402_405.o(RESET)
 <LI><a href="#[3f]">TMR4_GLOBAL_IRQHandler</a> from startup_at32f402_405.o(.text) referenced from startup_at32f402_405.o(RESET)
 <LI><a href="#[51]">TMR6_GLOBAL_IRQHandler</a> from startup_at32f402_405.o(.text) referenced from startup_at32f402_405.o(RESET)
 <LI><a href="#[52]">TMR7_GLOBAL_IRQHandler</a> from startup_at32f402_405.o(.text) referenced from startup_at32f402_405.o(RESET)
 <LI><a href="#[63]">UART7_IRQHandler</a> from startup_at32f402_405.o(.text) referenced from startup_at32f402_405.o(RESET)
 <LI><a href="#[64]">UART8_IRQHandler</a> from startup_at32f402_405.o(.text) referenced from startup_at32f402_405.o(RESET)
 <LI><a href="#[46]">USART1_IRQHandler</a> from startup_at32f402_405.o(.text) referenced from startup_at32f402_405.o(RESET)
 <LI><a href="#[47]">USART2_IRQHandler</a> from startup_at32f402_405.o(.text) referenced from startup_at32f402_405.o(RESET)
 <LI><a href="#[48]">USART3_IRQHandler</a> from startup_at32f402_405.o(.text) referenced from startup_at32f402_405.o(RESET)
 <LI><a href="#[4f]">USART4_IRQHandler</a> from startup_at32f402_405.o(.text) referenced from startup_at32f402_405.o(RESET)
 <LI><a href="#[50]">USART5_IRQHandler</a> from startup_at32f402_405.o(.text) referenced from startup_at32f402_405.o(RESET)
 <LI><a href="#[5b]">USART6_IRQHandler</a> from startup_at32f402_405.o(.text) referenced from startup_at32f402_405.o(RESET)
 <LI><a href="#[1c]">UsageFault_Handler</a> from at32f402_405_int.o(i.UsageFault_Handler) referenced from startup_at32f402_405.o(RESET)
 <LI><a href="#[21]">WWDT_IRQHandler</a> from startup_at32f402_405.o(.text) referenced from startup_at32f402_405.o(RESET)
 <LI><a href="#[6b]">__main</a> from __main.o(!!!main) referenced from startup_at32f402_405.o(.text)
 <LI><a href="#[4]">class_clear_handler</a> from cdc_class.o(i.class_clear_handler) referenced 2 times from cdc_class.o(.data)
 <LI><a href="#[7]">class_ept0_rx_handler</a> from cdc_class.o(i.class_ept0_rx_handler) referenced 2 times from cdc_class.o(.data)
 <LI><a href="#[6]">class_ept0_tx_handler</a> from cdc_class.o(i.class_ept0_tx_handler) referenced 2 times from cdc_class.o(.data)
 <LI><a href="#[b]">class_event_handler</a> from cdc_class.o(i.class_event_handler) referenced 2 times from cdc_class.o(.data)
 <LI><a href="#[8]">class_in_handler</a> from cdc_class.o(i.class_in_handler) referenced 2 times from cdc_class.o(.data)
 <LI><a href="#[3]">class_init_handler</a> from cdc_class.o(i.class_init_handler) referenced 2 times from cdc_class.o(.data)
 <LI><a href="#[9]">class_out_handler</a> from cdc_class.o(i.class_out_handler) referenced 2 times from cdc_class.o(.data)
 <LI><a href="#[5]">class_setup_handler</a> from cdc_class.o(i.class_setup_handler) referenced 2 times from cdc_class.o(.data)
 <LI><a href="#[a]">class_sof_handler</a> from cdc_class.o(i.class_sof_handler) referenced 2 times from cdc_class.o(.data)
 <LI><a href="#[15]">get_device_config_string</a> from cdc_desc.o(i.get_device_config_string) referenced 2 times from cdc_desc.o(.data)
 <LI><a href="#[e]">get_device_configuration</a> from cdc_desc.o(i.get_device_configuration) referenced 2 times from cdc_desc.o(.data)
 <LI><a href="#[c]">get_device_descriptor</a> from cdc_desc.o(i.get_device_descriptor) referenced 2 times from cdc_desc.o(.data)
 <LI><a href="#[14]">get_device_interface_string</a> from cdc_desc.o(i.get_device_interface_string) referenced 2 times from cdc_desc.o(.data)
 <LI><a href="#[10]">get_device_lang_id</a> from cdc_desc.o(i.get_device_lang_id) referenced 2 times from cdc_desc.o(.data)
 <LI><a href="#[11]">get_device_manufacturer_string</a> from cdc_desc.o(i.get_device_manufacturer_string) referenced 2 times from cdc_desc.o(.data)
 <LI><a href="#[f]">get_device_other_speed</a> from cdc_desc.o(i.get_device_other_speed) referenced 2 times from cdc_desc.o(.data)
 <LI><a href="#[12]">get_device_product_string</a> from cdc_desc.o(i.get_device_product_string) referenced 2 times from cdc_desc.o(.data)
 <LI><a href="#[d]">get_device_qualifier</a> from cdc_desc.o(i.get_device_qualifier) referenced 2 times from cdc_desc.o(.data)
 <LI><a href="#[13]">get_device_serial_string</a> from cdc_desc.o(i.get_device_serial_string) referenced 2 times from cdc_desc.o(.data)
 <LI><a href="#[16]">get_hs_device_configuration</a> from cdc_desc.o(i.get_hs_device_configuration) referenced 2 times from cdc_desc.o(.data)
</UL>
<P>
<H3>
Global Symbols
</H3>
<P><STRONG><a name="[6b]"></a>__main</STRONG> (Thumb, 8 bytes, Stack size 0 bytes, __main.o(!!!main))
<BR><BR>[Calls]<UL><LI><a href="#[6c]">&gt;&gt;</a>&nbsp;&nbsp;&nbsp;__scatterload
<LI><a href="#[6d]">&gt;&gt;</a>&nbsp;&nbsp;&nbsp;__rt_entry
</UL>

<P><STRONG><a name="[6c]"></a>__scatterload</STRONG> (Thumb, 0 bytes, Stack size unknown bytes, __scatter.o(!!!scatter))
<BR><BR>[Called By]<UL><LI><a href="#[6b]">&gt;&gt;</a>&nbsp;&nbsp;&nbsp;__main
</UL>

<P><STRONG><a name="[6e]"></a>__scatterload_rt2</STRONG> (Thumb, 44 bytes, Stack size unknown bytes, __scatter.o(!!!scatter), UNUSED)
<BR><BR>[Calls]<UL><LI><a href="#[6d]">&gt;&gt;</a>&nbsp;&nbsp;&nbsp;__rt_entry
</UL>

<P><STRONG><a name="[146]"></a>__scatterload_rt2_thumb_only</STRONG> (Thumb, 0 bytes, Stack size unknown bytes, __scatter.o(!!!scatter), UNUSED)

<P><STRONG><a name="[147]"></a>__scatterload_null</STRONG> (Thumb, 0 bytes, Stack size unknown bytes, __scatter.o(!!!scatter), UNUSED)

<P><STRONG><a name="[148]"></a>__decompress</STRONG> (Thumb, 90 bytes, Stack size unknown bytes, __dczerorl2.o(!!dczerorl2), UNUSED)

<P><STRONG><a name="[149]"></a>__decompress1</STRONG> (Thumb, 0 bytes, Stack size unknown bytes, __dczerorl2.o(!!dczerorl2), UNUSED)

<P><STRONG><a name="[14a]"></a>__scatterload_zeroinit</STRONG> (Thumb, 28 bytes, Stack size unknown bytes, __scatter_zi.o(!!handler_zi), UNUSED)

<P><STRONG><a name="[74]"></a>__rt_lib_init</STRONG> (Thumb, 0 bytes, Stack size unknown bytes, libinit.o(.ARM.Collect$$libinit$$00000000))
<BR><BR>[Called By]<UL><LI><a href="#[73]">&gt;&gt;</a>&nbsp;&nbsp;&nbsp;__rt_entry_li
</UL>

<P><STRONG><a name="[6f]"></a>__rt_lib_init_fp_1</STRONG> (Thumb, 0 bytes, Stack size unknown bytes, libinit2.o(.ARM.Collect$$libinit$$00000001))
<BR><BR>[Calls]<UL><LI><a href="#[70]">&gt;&gt;</a>&nbsp;&nbsp;&nbsp;_fp_init
</UL>

<P><STRONG><a name="[14b]"></a>__rt_lib_init_alloca_1</STRONG> (Thumb, 0 bytes, Stack size unknown bytes, libinit2.o(.ARM.Collect$$libinit$$0000002E))

<P><STRONG><a name="[14c]"></a>__rt_lib_init_argv_1</STRONG> (Thumb, 0 bytes, Stack size unknown bytes, libinit2.o(.ARM.Collect$$libinit$$0000002C))

<P><STRONG><a name="[14d]"></a>__rt_lib_init_atexit_1</STRONG> (Thumb, 0 bytes, Stack size unknown bytes, libinit2.o(.ARM.Collect$$libinit$$0000001B))

<P><STRONG><a name="[14e]"></a>__rt_lib_init_clock_1</STRONG> (Thumb, 0 bytes, Stack size unknown bytes, libinit2.o(.ARM.Collect$$libinit$$00000021))

<P><STRONG><a name="[14f]"></a>__rt_lib_init_cpp_1</STRONG> (Thumb, 0 bytes, Stack size unknown bytes, libinit2.o(.ARM.Collect$$libinit$$00000032))

<P><STRONG><a name="[150]"></a>__rt_lib_init_exceptions_1</STRONG> (Thumb, 0 bytes, Stack size unknown bytes, libinit2.o(.ARM.Collect$$libinit$$00000030))

<P><STRONG><a name="[151]"></a>__rt_lib_init_fp_trap_1</STRONG> (Thumb, 0 bytes, Stack size unknown bytes, libinit2.o(.ARM.Collect$$libinit$$0000001F))

<P><STRONG><a name="[152]"></a>__rt_lib_init_getenv_1</STRONG> (Thumb, 0 bytes, Stack size unknown bytes, libinit2.o(.ARM.Collect$$libinit$$00000023))

<P><STRONG><a name="[153]"></a>__rt_lib_init_heap_1</STRONG> (Thumb, 0 bytes, Stack size unknown bytes, libinit2.o(.ARM.Collect$$libinit$$0000000A))

<P><STRONG><a name="[154]"></a>__rt_lib_init_lc_collate_1</STRONG> (Thumb, 0 bytes, Stack size unknown bytes, libinit2.o(.ARM.Collect$$libinit$$00000011))

<P><STRONG><a name="[155]"></a>__rt_lib_init_lc_ctype_1</STRONG> (Thumb, 0 bytes, Stack size unknown bytes, libinit2.o(.ARM.Collect$$libinit$$00000013))

<P><STRONG><a name="[156]"></a>__rt_lib_init_lc_monetary_1</STRONG> (Thumb, 0 bytes, Stack size unknown bytes, libinit2.o(.ARM.Collect$$libinit$$00000015))

<P><STRONG><a name="[157]"></a>__rt_lib_init_lc_numeric_1</STRONG> (Thumb, 0 bytes, Stack size unknown bytes, libinit2.o(.ARM.Collect$$libinit$$00000017))

<P><STRONG><a name="[158]"></a>__rt_lib_init_lc_time_1</STRONG> (Thumb, 0 bytes, Stack size unknown bytes, libinit2.o(.ARM.Collect$$libinit$$00000019))

<P><STRONG><a name="[159]"></a>__rt_lib_init_preinit_1</STRONG> (Thumb, 0 bytes, Stack size unknown bytes, libinit2.o(.ARM.Collect$$libinit$$00000004))

<P><STRONG><a name="[15a]"></a>__rt_lib_init_rand_1</STRONG> (Thumb, 0 bytes, Stack size unknown bytes, libinit2.o(.ARM.Collect$$libinit$$0000000E))

<P><STRONG><a name="[15b]"></a>__rt_lib_init_return</STRONG> (Thumb, 0 bytes, Stack size unknown bytes, libinit2.o(.ARM.Collect$$libinit$$00000033))

<P><STRONG><a name="[15c]"></a>__rt_lib_init_signal_1</STRONG> (Thumb, 0 bytes, Stack size unknown bytes, libinit2.o(.ARM.Collect$$libinit$$0000001D))

<P><STRONG><a name="[15d]"></a>__rt_lib_init_stdio_1</STRONG> (Thumb, 0 bytes, Stack size unknown bytes, libinit2.o(.ARM.Collect$$libinit$$00000025))

<P><STRONG><a name="[15e]"></a>__rt_lib_init_user_alloc_1</STRONG> (Thumb, 0 bytes, Stack size unknown bytes, libinit2.o(.ARM.Collect$$libinit$$0000000C))

<P><STRONG><a name="[79]"></a>__rt_lib_shutdown</STRONG> (Thumb, 0 bytes, Stack size unknown bytes, libshutdown.o(.ARM.Collect$$libshutdown$$00000000))
<BR><BR>[Called By]<UL><LI><a href="#[78]">&gt;&gt;</a>&nbsp;&nbsp;&nbsp;__rt_exit_ls
</UL>

<P><STRONG><a name="[15f]"></a>__rt_lib_shutdown_cpp_1</STRONG> (Thumb, 0 bytes, Stack size unknown bytes, libshutdown2.o(.ARM.Collect$$libshutdown$$00000004))

<P><STRONG><a name="[160]"></a>__rt_lib_shutdown_fini_1</STRONG> (Thumb, 0 bytes, Stack size unknown bytes, libshutdown2.o(.ARM.Collect$$libshutdown$$00000002))

<P><STRONG><a name="[161]"></a>__rt_lib_shutdown_fp_trap_1</STRONG> (Thumb, 0 bytes, Stack size unknown bytes, libshutdown2.o(.ARM.Collect$$libshutdown$$00000009))

<P><STRONG><a name="[162]"></a>__rt_lib_shutdown_heap_1</STRONG> (Thumb, 0 bytes, Stack size unknown bytes, libshutdown2.o(.ARM.Collect$$libshutdown$$00000011))

<P><STRONG><a name="[163]"></a>__rt_lib_shutdown_return</STRONG> (Thumb, 0 bytes, Stack size unknown bytes, libshutdown2.o(.ARM.Collect$$libshutdown$$00000012))

<P><STRONG><a name="[164]"></a>__rt_lib_shutdown_signal_1</STRONG> (Thumb, 0 bytes, Stack size unknown bytes, libshutdown2.o(.ARM.Collect$$libshutdown$$0000000C))

<P><STRONG><a name="[165]"></a>__rt_lib_shutdown_stdio_1</STRONG> (Thumb, 0 bytes, Stack size unknown bytes, libshutdown2.o(.ARM.Collect$$libshutdown$$00000006))

<P><STRONG><a name="[166]"></a>__rt_lib_shutdown_user_alloc_1</STRONG> (Thumb, 0 bytes, Stack size unknown bytes, libshutdown2.o(.ARM.Collect$$libshutdown$$0000000E))

<P><STRONG><a name="[6d]"></a>__rt_entry</STRONG> (Thumb, 0 bytes, Stack size unknown bytes, __rtentry.o(.ARM.Collect$$rtentry$$00000000))
<BR><BR>[Called By]<UL><LI><a href="#[6e]">&gt;&gt;</a>&nbsp;&nbsp;&nbsp;__scatterload_rt2
<LI><a href="#[6b]">&gt;&gt;</a>&nbsp;&nbsp;&nbsp;__main
</UL>

<P><STRONG><a name="[167]"></a>__rt_entry_presh_1</STRONG> (Thumb, 0 bytes, Stack size unknown bytes, __rtentry2.o(.ARM.Collect$$rtentry$$00000002))

<P><STRONG><a name="[71]"></a>__rt_entry_sh</STRONG> (Thumb, 0 bytes, Stack size unknown bytes, __rtentry4.o(.ARM.Collect$$rtentry$$00000004))
<BR><BR>[Stack]<UL><LI>Max Depth = 8 + Unknown Stack Size
<LI>Call Chain = __rt_entry_sh &rArr; __user_setup_stackheap
</UL>
<BR>[Calls]<UL><LI><a href="#[72]">&gt;&gt;</a>&nbsp;&nbsp;&nbsp;__user_setup_stackheap
</UL>

<P><STRONG><a name="[73]"></a>__rt_entry_li</STRONG> (Thumb, 0 bytes, Stack size unknown bytes, __rtentry2.o(.ARM.Collect$$rtentry$$0000000A))
<BR><BR>[Calls]<UL><LI><a href="#[74]">&gt;&gt;</a>&nbsp;&nbsp;&nbsp;__rt_lib_init
</UL>

<P><STRONG><a name="[168]"></a>__rt_entry_postsh_1</STRONG> (Thumb, 0 bytes, Stack size unknown bytes, __rtentry2.o(.ARM.Collect$$rtentry$$00000009))

<P><STRONG><a name="[75]"></a>__rt_entry_main</STRONG> (Thumb, 0 bytes, Stack size unknown bytes, __rtentry2.o(.ARM.Collect$$rtentry$$0000000D))
<BR><BR>[Stack]<UL><LI>Max Depth = 224 + Unknown Stack Size
<LI>Call Chain = __rt_entry_main &rArr; main &rArr; Command_Process &rArr; Response_trans_notice &rArr; Vcp_Send_Message &rArr; usb_vcp_send_data &rArr; usbd_ept_send &rArr; usbd_ept_in_check_fifo &rArr; usbd_flush_tx_fifo &rArr; usb_flush_tx_fifo
</UL>
<BR>[Calls]<UL><LI><a href="#[76]">&gt;&gt;</a>&nbsp;&nbsp;&nbsp;main
<LI><a href="#[77]">&gt;&gt;</a>&nbsp;&nbsp;&nbsp;exit
</UL>

<P><STRONG><a name="[169]"></a>__rt_entry_postli_1</STRONG> (Thumb, 0 bytes, Stack size unknown bytes, __rtentry2.o(.ARM.Collect$$rtentry$$0000000C))

<P><STRONG><a name="[7e]"></a>__rt_exit</STRONG> (Thumb, 0 bytes, Stack size unknown bytes, rtexit.o(.ARM.Collect$$rtexit$$00000000))
<BR><BR>[Called By]<UL><LI><a href="#[77]">&gt;&gt;</a>&nbsp;&nbsp;&nbsp;exit
</UL>

<P><STRONG><a name="[78]"></a>__rt_exit_ls</STRONG> (Thumb, 0 bytes, Stack size unknown bytes, rtexit2.o(.ARM.Collect$$rtexit$$00000003))
<BR><BR>[Calls]<UL><LI><a href="#[79]">&gt;&gt;</a>&nbsp;&nbsp;&nbsp;__rt_lib_shutdown
</UL>

<P><STRONG><a name="[16a]"></a>__rt_exit_prels_1</STRONG> (Thumb, 0 bytes, Stack size unknown bytes, rtexit2.o(.ARM.Collect$$rtexit$$00000002))

<P><STRONG><a name="[7a]"></a>__rt_exit_exit</STRONG> (Thumb, 0 bytes, Stack size unknown bytes, rtexit2.o(.ARM.Collect$$rtexit$$00000004))
<BR><BR>[Calls]<UL><LI><a href="#[7b]">&gt;&gt;</a>&nbsp;&nbsp;&nbsp;_sys_exit
</UL>

<P><STRONG><a name="[17]"></a>Reset_Handler</STRONG> (Thumb, 8 bytes, Stack size 0 bytes, startup_at32f402_405.o(.text))
<BR>[Address Reference Count : 1]<UL><LI> startup_at32f402_405.o(RESET)
</UL>
<P><STRONG><a name="[68]"></a>ACC_IRQHandler</STRONG> (Thumb, 0 bytes, Stack size 0 bytes, startup_at32f402_405.o(.text))
<BR><BR>[Calls]<UL><LI><a href="#[68]">&gt;&gt;</a>&nbsp;&nbsp;&nbsp;ACC_IRQHandler
</UL>
<BR>[Called By]<UL><LI><a href="#[68]">&gt;&gt;</a>&nbsp;&nbsp;&nbsp;ACC_IRQHandler
</UL>
<BR>[Address Reference Count : 1]<UL><LI> startup_at32f402_405.o(RESET)
</UL>
<P><STRONG><a name="[33]"></a>ADC1_IRQHandler</STRONG> (Thumb, 0 bytes, Stack size 0 bytes, startup_at32f402_405.o(.text))
<BR>[Address Reference Count : 1]<UL><LI> startup_at32f402_405.o(RESET)
</UL>
<P><STRONG><a name="[35]"></a>CAN1_RX0_IRQHandler</STRONG> (Thumb, 0 bytes, Stack size 0 bytes, startup_at32f402_405.o(.text))
<BR>[Address Reference Count : 1]<UL><LI> startup_at32f402_405.o(RESET)
</UL>
<P><STRONG><a name="[36]"></a>CAN1_RX1_IRQHandler</STRONG> (Thumb, 0 bytes, Stack size 0 bytes, startup_at32f402_405.o(.text))
<BR>[Address Reference Count : 1]<UL><LI> startup_at32f402_405.o(RESET)
</UL>
<P><STRONG><a name="[37]"></a>CAN1_SE_IRQHandler</STRONG> (Thumb, 0 bytes, Stack size 0 bytes, startup_at32f402_405.o(.text))
<BR>[Address Reference Count : 1]<UL><LI> startup_at32f402_405.o(RESET)
</UL>
<P><STRONG><a name="[34]"></a>CAN1_TX_IRQHandler</STRONG> (Thumb, 0 bytes, Stack size 0 bytes, startup_at32f402_405.o(.text))
<BR>[Address Reference Count : 1]<UL><LI> startup_at32f402_405.o(RESET)
</UL>
<P><STRONG><a name="[26]"></a>CRM_IRQHandler</STRONG> (Thumb, 0 bytes, Stack size 0 bytes, startup_at32f402_405.o(.text))
<BR>[Address Reference Count : 1]<UL><LI> startup_at32f402_405.o(RESET)
</UL>
<P><STRONG><a name="[2c]"></a>DMA1_Channel1_IRQHandler</STRONG> (Thumb, 0 bytes, Stack size 0 bytes, startup_at32f402_405.o(.text))
<BR>[Address Reference Count : 1]<UL><LI> startup_at32f402_405.o(RESET)
</UL>
<P><STRONG><a name="[2d]"></a>DMA1_Channel2_IRQHandler</STRONG> (Thumb, 0 bytes, Stack size 0 bytes, startup_at32f402_405.o(.text))
<BR>[Address Reference Count : 1]<UL><LI> startup_at32f402_405.o(RESET)
</UL>
<P><STRONG><a name="[2e]"></a>DMA1_Channel3_IRQHandler</STRONG> (Thumb, 0 bytes, Stack size 0 bytes, startup_at32f402_405.o(.text))
<BR>[Address Reference Count : 1]<UL><LI> startup_at32f402_405.o(RESET)
</UL>
<P><STRONG><a name="[2f]"></a>DMA1_Channel4_IRQHandler</STRONG> (Thumb, 0 bytes, Stack size 0 bytes, startup_at32f402_405.o(.text))
<BR>[Address Reference Count : 1]<UL><LI> startup_at32f402_405.o(RESET)
</UL>
<P><STRONG><a name="[30]"></a>DMA1_Channel5_IRQHandler</STRONG> (Thumb, 0 bytes, Stack size 0 bytes, startup_at32f402_405.o(.text))
<BR>[Address Reference Count : 1]<UL><LI> startup_at32f402_405.o(RESET)
</UL>
<P><STRONG><a name="[31]"></a>DMA1_Channel6_IRQHandler</STRONG> (Thumb, 0 bytes, Stack size 0 bytes, startup_at32f402_405.o(.text))
<BR>[Address Reference Count : 1]<UL><LI> startup_at32f402_405.o(RESET)
</UL>
<P><STRONG><a name="[32]"></a>DMA1_Channel7_IRQHandler</STRONG> (Thumb, 0 bytes, Stack size 0 bytes, startup_at32f402_405.o(.text))
<BR>[Address Reference Count : 1]<UL><LI> startup_at32f402_405.o(RESET)
</UL>
<P><STRONG><a name="[53]"></a>DMA2_Channel1_IRQHandler</STRONG> (Thumb, 0 bytes, Stack size 0 bytes, startup_at32f402_405.o(.text))
<BR>[Address Reference Count : 1]<UL><LI> startup_at32f402_405.o(RESET)
</UL>
<P><STRONG><a name="[54]"></a>DMA2_Channel2_IRQHandler</STRONG> (Thumb, 0 bytes, Stack size 0 bytes, startup_at32f402_405.o(.text))
<BR>[Address Reference Count : 1]<UL><LI> startup_at32f402_405.o(RESET)
</UL>
<P><STRONG><a name="[55]"></a>DMA2_Channel3_IRQHandler</STRONG> (Thumb, 0 bytes, Stack size 0 bytes, startup_at32f402_405.o(.text))
<BR>[Address Reference Count : 1]<UL><LI> startup_at32f402_405.o(RESET)
</UL>
<P><STRONG><a name="[56]"></a>DMA2_Channel4_IRQHandler</STRONG> (Thumb, 0 bytes, Stack size 0 bytes, startup_at32f402_405.o(.text))
<BR>[Address Reference Count : 1]<UL><LI> startup_at32f402_405.o(RESET)
</UL>
<P><STRONG><a name="[57]"></a>DMA2_Channel5_IRQHandler</STRONG> (Thumb, 0 bytes, Stack size 0 bytes, startup_at32f402_405.o(.text))
<BR>[Address Reference Count : 1]<UL><LI> startup_at32f402_405.o(RESET)
</UL>
<P><STRONG><a name="[59]"></a>DMA2_Channel6_IRQHandler</STRONG> (Thumb, 0 bytes, Stack size 0 bytes, startup_at32f402_405.o(.text))
<BR>[Address Reference Count : 1]<UL><LI> startup_at32f402_405.o(RESET)
</UL>
<P><STRONG><a name="[5a]"></a>DMA2_Channel7_IRQHandler</STRONG> (Thumb, 0 bytes, Stack size 0 bytes, startup_at32f402_405.o(.text))
<BR>[Address Reference Count : 1]<UL><LI> startup_at32f402_405.o(RESET)
</UL>
<P><STRONG><a name="[67]"></a>DMAMUX_IRQHandler</STRONG> (Thumb, 0 bytes, Stack size 0 bytes, startup_at32f402_405.o(.text))
<BR>[Address Reference Count : 1]<UL><LI> startup_at32f402_405.o(RESET)
</UL>
<P><STRONG><a name="[4a]"></a>ERTCAlarm_IRQHandler</STRONG> (Thumb, 0 bytes, Stack size 0 bytes, startup_at32f402_405.o(.text))
<BR>[Address Reference Count : 1]<UL><LI> startup_at32f402_405.o(RESET)
</UL>
<P><STRONG><a name="[24]"></a>ERTC_WKUP_IRQHandler</STRONG> (Thumb, 0 bytes, Stack size 0 bytes, startup_at32f402_405.o(.text))
<BR>[Address Reference Count : 1]<UL><LI> startup_at32f402_405.o(RESET)
</UL>
<P><STRONG><a name="[27]"></a>EXINT0_IRQHandler</STRONG> (Thumb, 0 bytes, Stack size 0 bytes, startup_at32f402_405.o(.text))
<BR>[Address Reference Count : 1]<UL><LI> startup_at32f402_405.o(RESET)
</UL>
<P><STRONG><a name="[49]"></a>EXINT15_10_IRQHandler</STRONG> (Thumb, 0 bytes, Stack size 0 bytes, startup_at32f402_405.o(.text))
<BR>[Address Reference Count : 1]<UL><LI> startup_at32f402_405.o(RESET)
</UL>
<P><STRONG><a name="[28]"></a>EXINT1_IRQHandler</STRONG> (Thumb, 0 bytes, Stack size 0 bytes, startup_at32f402_405.o(.text))
<BR>[Address Reference Count : 1]<UL><LI> startup_at32f402_405.o(RESET)
</UL>
<P><STRONG><a name="[29]"></a>EXINT2_IRQHandler</STRONG> (Thumb, 0 bytes, Stack size 0 bytes, startup_at32f402_405.o(.text))
<BR>[Address Reference Count : 1]<UL><LI> startup_at32f402_405.o(RESET)
</UL>
<P><STRONG><a name="[2a]"></a>EXINT3_IRQHandler</STRONG> (Thumb, 0 bytes, Stack size 0 bytes, startup_at32f402_405.o(.text))
<BR>[Address Reference Count : 1]<UL><LI> startup_at32f402_405.o(RESET)
</UL>
<P><STRONG><a name="[2b]"></a>EXINT4_IRQHandler</STRONG> (Thumb, 0 bytes, Stack size 0 bytes, startup_at32f402_405.o(.text))
<BR>[Address Reference Count : 1]<UL><LI> startup_at32f402_405.o(RESET)
</UL>
<P><STRONG><a name="[38]"></a>EXINT9_5_IRQHandler</STRONG> (Thumb, 0 bytes, Stack size 0 bytes, startup_at32f402_405.o(.text))
<BR>[Address Reference Count : 1]<UL><LI> startup_at32f402_405.o(RESET)
</UL>
<P><STRONG><a name="[25]"></a>FLASH_IRQHandler</STRONG> (Thumb, 0 bytes, Stack size 0 bytes, startup_at32f402_405.o(.text))
<BR>[Address Reference Count : 1]<UL><LI> startup_at32f402_405.o(RESET)
</UL>
<P><STRONG><a name="[62]"></a>FPU_IRQHandler</STRONG> (Thumb, 0 bytes, Stack size 0 bytes, startup_at32f402_405.o(.text))
<BR>[Address Reference Count : 1]<UL><LI> startup_at32f402_405.o(RESET)
</UL>
<P><STRONG><a name="[41]"></a>I2C1_ERR_IRQHandler</STRONG> (Thumb, 0 bytes, Stack size 0 bytes, startup_at32f402_405.o(.text))
<BR>[Address Reference Count : 1]<UL><LI> startup_at32f402_405.o(RESET)
</UL>
<P><STRONG><a name="[40]"></a>I2C1_EVT_IRQHandler</STRONG> (Thumb, 0 bytes, Stack size 0 bytes, startup_at32f402_405.o(.text))
<BR>[Address Reference Count : 1]<UL><LI> startup_at32f402_405.o(RESET)
</UL>
<P><STRONG><a name="[43]"></a>I2C2_ERR_IRQHandler</STRONG> (Thumb, 0 bytes, Stack size 0 bytes, startup_at32f402_405.o(.text))
<BR>[Address Reference Count : 1]<UL><LI> startup_at32f402_405.o(RESET)
</UL>
<P><STRONG><a name="[42]"></a>I2C2_EVT_IRQHandler</STRONG> (Thumb, 0 bytes, Stack size 0 bytes, startup_at32f402_405.o(.text))
<BR>[Address Reference Count : 1]<UL><LI> startup_at32f402_405.o(RESET)
</UL>
<P><STRONG><a name="[5d]"></a>I2C3_ERR_IRQHandler</STRONG> (Thumb, 0 bytes, Stack size 0 bytes, startup_at32f402_405.o(.text))
<BR>[Address Reference Count : 1]<UL><LI> startup_at32f402_405.o(RESET)
</UL>
<P><STRONG><a name="[5c]"></a>I2C3_EVT_IRQHandler</STRONG> (Thumb, 0 bytes, Stack size 0 bytes, startup_at32f402_405.o(.text))
<BR>[Address Reference Count : 1]<UL><LI> startup_at32f402_405.o(RESET)
</UL>
<P><STRONG><a name="[65]"></a>I2SF5_IRQHandler</STRONG> (Thumb, 0 bytes, Stack size 0 bytes, startup_at32f402_405.o(.text))
<BR>[Address Reference Count : 1]<UL><LI> startup_at32f402_405.o(RESET)
</UL>
<P><STRONG><a name="[58]"></a>OTGFS1_IRQHandler</STRONG> (Thumb, 0 bytes, Stack size 0 bytes, startup_at32f402_405.o(.text))
<BR>[Address Reference Count : 1]<UL><LI> startup_at32f402_405.o(RESET)
</UL>
<P><STRONG><a name="[4b]"></a>OTGFS1_WKUP_IRQHandler</STRONG> (Thumb, 0 bytes, Stack size 0 bytes, startup_at32f402_405.o(.text))
<BR>[Address Reference Count : 1]<UL><LI> startup_at32f402_405.o(RESET)
</UL>
<P><STRONG><a name="[5f]"></a>OTGHS_EP1_IN_IRQHandler</STRONG> (Thumb, 0 bytes, Stack size 0 bytes, startup_at32f402_405.o(.text))
<BR>[Address Reference Count : 1]<UL><LI> startup_at32f402_405.o(RESET)
</UL>
<P><STRONG><a name="[5e]"></a>OTGHS_EP1_OUT_IRQHandler</STRONG> (Thumb, 0 bytes, Stack size 0 bytes, startup_at32f402_405.o(.text))
<BR>[Address Reference Count : 1]<UL><LI> startup_at32f402_405.o(RESET)
</UL>
<P><STRONG><a name="[60]"></a>OTGHS_WKUP_IRQHandler</STRONG> (Thumb, 0 bytes, Stack size 0 bytes, startup_at32f402_405.o(.text))
<BR>[Address Reference Count : 1]<UL><LI> startup_at32f402_405.o(RESET)
</UL>
<P><STRONG><a name="[22]"></a>PVM_IRQHandler</STRONG> (Thumb, 0 bytes, Stack size 0 bytes, startup_at32f402_405.o(.text))
<BR>[Address Reference Count : 1]<UL><LI> startup_at32f402_405.o(RESET)
</UL>
<P><STRONG><a name="[66]"></a>QSPI1_IRQHandler</STRONG> (Thumb, 0 bytes, Stack size 0 bytes, startup_at32f402_405.o(.text))
<BR>[Address Reference Count : 1]<UL><LI> startup_at32f402_405.o(RESET)
</UL>
<P><STRONG><a name="[44]"></a>SPI1_IRQHandler</STRONG> (Thumb, 0 bytes, Stack size 0 bytes, startup_at32f402_405.o(.text))
<BR>[Address Reference Count : 1]<UL><LI> startup_at32f402_405.o(RESET)
</UL>
<P><STRONG><a name="[45]"></a>SPI2_IRQHandler</STRONG> (Thumb, 0 bytes, Stack size 0 bytes, startup_at32f402_405.o(.text))
<BR>[Address Reference Count : 1]<UL><LI> startup_at32f402_405.o(RESET)
</UL>
<P><STRONG><a name="[4e]"></a>SPI3_IRQHandler</STRONG> (Thumb, 0 bytes, Stack size 0 bytes, startup_at32f402_405.o(.text))
<BR>[Address Reference Count : 1]<UL><LI> startup_at32f402_405.o(RESET)
</UL>
<P><STRONG><a name="[23]"></a>TAMP_STAMP_IRQHandler</STRONG> (Thumb, 0 bytes, Stack size 0 bytes, startup_at32f402_405.o(.text))
<BR>[Address Reference Count : 1]<UL><LI> startup_at32f402_405.o(RESET)
</UL>
<P><STRONG><a name="[4c]"></a>TMR13_GLOBAL_IRQHandler</STRONG> (Thumb, 0 bytes, Stack size 0 bytes, startup_at32f402_405.o(.text))
<BR>[Address Reference Count : 1]<UL><LI> startup_at32f402_405.o(RESET)
</UL>
<P><STRONG><a name="[4d]"></a>TMR14_GLOBAL_IRQHandler</STRONG> (Thumb, 0 bytes, Stack size 0 bytes, startup_at32f402_405.o(.text))
<BR>[Address Reference Count : 1]<UL><LI> startup_at32f402_405.o(RESET)
</UL>
<P><STRONG><a name="[39]"></a>TMR1_BRK_TMR9_IRQHandler</STRONG> (Thumb, 0 bytes, Stack size 0 bytes, startup_at32f402_405.o(.text))
<BR>[Address Reference Count : 1]<UL><LI> startup_at32f402_405.o(RESET)
</UL>
<P><STRONG><a name="[3c]"></a>TMR1_CH_IRQHandler</STRONG> (Thumb, 0 bytes, Stack size 0 bytes, startup_at32f402_405.o(.text))
<BR>[Address Reference Count : 1]<UL><LI> startup_at32f402_405.o(RESET)
</UL>
<P><STRONG><a name="[3a]"></a>TMR1_OVF_TMR10_IRQHandler</STRONG> (Thumb, 0 bytes, Stack size 0 bytes, startup_at32f402_405.o(.text))
<BR>[Address Reference Count : 1]<UL><LI> startup_at32f402_405.o(RESET)
</UL>
<P><STRONG><a name="[3b]"></a>TMR1_TRG_HALL_TMR11_IRQHandler</STRONG> (Thumb, 0 bytes, Stack size 0 bytes, startup_at32f402_405.o(.text))
<BR>[Address Reference Count : 1]<UL><LI> startup_at32f402_405.o(RESET)
</UL>
<P><STRONG><a name="[3d]"></a>TMR2_GLOBAL_IRQHandler</STRONG> (Thumb, 0 bytes, Stack size 0 bytes, startup_at32f402_405.o(.text))
<BR>[Address Reference Count : 1]<UL><LI> startup_at32f402_405.o(RESET)
</UL>
<P><STRONG><a name="[3e]"></a>TMR3_GLOBAL_IRQHandler</STRONG> (Thumb, 0 bytes, Stack size 0 bytes, startup_at32f402_405.o(.text))
<BR>[Address Reference Count : 1]<UL><LI> startup_at32f402_405.o(RESET)
</UL>
<P><STRONG><a name="[3f]"></a>TMR4_GLOBAL_IRQHandler</STRONG> (Thumb, 0 bytes, Stack size 0 bytes, startup_at32f402_405.o(.text))
<BR>[Address Reference Count : 1]<UL><LI> startup_at32f402_405.o(RESET)
</UL>
<P><STRONG><a name="[51]"></a>TMR6_GLOBAL_IRQHandler</STRONG> (Thumb, 0 bytes, Stack size 0 bytes, startup_at32f402_405.o(.text))
<BR>[Address Reference Count : 1]<UL><LI> startup_at32f402_405.o(RESET)
</UL>
<P><STRONG><a name="[52]"></a>TMR7_GLOBAL_IRQHandler</STRONG> (Thumb, 0 bytes, Stack size 0 bytes, startup_at32f402_405.o(.text))
<BR>[Address Reference Count : 1]<UL><LI> startup_at32f402_405.o(RESET)
</UL>
<P><STRONG><a name="[63]"></a>UART7_IRQHandler</STRONG> (Thumb, 0 bytes, Stack size 0 bytes, startup_at32f402_405.o(.text))
<BR>[Address Reference Count : 1]<UL><LI> startup_at32f402_405.o(RESET)
</UL>
<P><STRONG><a name="[64]"></a>UART8_IRQHandler</STRONG> (Thumb, 0 bytes, Stack size 0 bytes, startup_at32f402_405.o(.text))
<BR>[Address Reference Count : 1]<UL><LI> startup_at32f402_405.o(RESET)
</UL>
<P><STRONG><a name="[46]"></a>USART1_IRQHandler</STRONG> (Thumb, 0 bytes, Stack size 0 bytes, startup_at32f402_405.o(.text))
<BR>[Address Reference Count : 1]<UL><LI> startup_at32f402_405.o(RESET)
</UL>
<P><STRONG><a name="[47]"></a>USART2_IRQHandler</STRONG> (Thumb, 0 bytes, Stack size 0 bytes, startup_at32f402_405.o(.text))
<BR>[Address Reference Count : 1]<UL><LI> startup_at32f402_405.o(RESET)
</UL>
<P><STRONG><a name="[48]"></a>USART3_IRQHandler</STRONG> (Thumb, 0 bytes, Stack size 0 bytes, startup_at32f402_405.o(.text))
<BR>[Address Reference Count : 1]<UL><LI> startup_at32f402_405.o(RESET)
</UL>
<P><STRONG><a name="[4f]"></a>USART4_IRQHandler</STRONG> (Thumb, 0 bytes, Stack size 0 bytes, startup_at32f402_405.o(.text))
<BR>[Address Reference Count : 1]<UL><LI> startup_at32f402_405.o(RESET)
</UL>
<P><STRONG><a name="[50]"></a>USART5_IRQHandler</STRONG> (Thumb, 0 bytes, Stack size 0 bytes, startup_at32f402_405.o(.text))
<BR>[Address Reference Count : 1]<UL><LI> startup_at32f402_405.o(RESET)
</UL>
<P><STRONG><a name="[5b]"></a>USART6_IRQHandler</STRONG> (Thumb, 0 bytes, Stack size 0 bytes, startup_at32f402_405.o(.text))
<BR>[Address Reference Count : 1]<UL><LI> startup_at32f402_405.o(RESET)
</UL>
<P><STRONG><a name="[21]"></a>WWDT_IRQHandler</STRONG> (Thumb, 0 bytes, Stack size 0 bytes, startup_at32f402_405.o(.text))
<BR>[Address Reference Count : 1]<UL><LI> startup_at32f402_405.o(RESET)
</UL>
<P><STRONG><a name="[7d]"></a>__user_initial_stackheap</STRONG> (Thumb, 0 bytes, Stack size unknown bytes, startup_at32f402_405.o(.text))
<BR><BR>[Called By]<UL><LI><a href="#[72]">&gt;&gt;</a>&nbsp;&nbsp;&nbsp;__user_setup_stackheap
</UL>

<P><STRONG><a name="[b3]"></a>__aeabi_uldivmod</STRONG> (Thumb, 0 bytes, Stack size 48 bytes, lludivv7m.o(.text))
<BR><BR>[Stack]<UL><LI>Max Depth = 48<LI>Call Chain = __aeabi_uldivmod
</UL>
<BR>[Called By]<UL><LI><a href="#[b1]">&gt;&gt;</a>&nbsp;&nbsp;&nbsp;crm_clocks_freq_get
<LI><a href="#[db]">&gt;&gt;</a>&nbsp;&nbsp;&nbsp;system_core_clock_update
</UL>

<P><STRONG><a name="[16b]"></a>_ll_udiv</STRONG> (Thumb, 238 bytes, Stack size 48 bytes, lludivv7m.o(.text), UNUSED)

<P><STRONG><a name="[81]"></a>strncmp</STRONG> (Thumb, 150 bytes, Stack size 16 bytes, strncmp.o(.text))
<BR><BR>[Stack]<UL><LI>Max Depth = 16<LI>Call Chain = strncmp
</UL>
<BR>[Called By]<UL><LI><a href="#[7f]">&gt;&gt;</a>&nbsp;&nbsp;&nbsp;Command_Process
</UL>

<P><STRONG><a name="[9c]"></a>__aeabi_memclr4</STRONG> (Thumb, 0 bytes, Stack size 4 bytes, rt_memclr_w.o(.text))
<BR><BR>[Stack]<UL><LI>Max Depth = 4<LI>Call Chain = __aeabi_memclr4
</UL>
<BR>[Called By]<UL><LI><a href="#[84]">&gt;&gt;</a>&nbsp;&nbsp;&nbsp;Response_trans_notice
<LI><a href="#[87]">&gt;&gt;</a>&nbsp;&nbsp;&nbsp;Response_gif_trans_packet
<LI><a href="#[88]">&gt;&gt;</a>&nbsp;&nbsp;&nbsp;Response_gif_trans_done
</UL>

<P><STRONG><a name="[16c]"></a>__aeabi_memclr8</STRONG> (Thumb, 0 bytes, Stack size 4 bytes, rt_memclr_w.o(.text), UNUSED)

<P><STRONG><a name="[16d]"></a>__rt_memclr_w</STRONG> (Thumb, 78 bytes, Stack size 4 bytes, rt_memclr_w.o(.text), UNUSED)

<P><STRONG><a name="[16e]"></a>_memset_w</STRONG> (Thumb, 0 bytes, Stack size unknown bytes, rt_memclr_w.o(.text), UNUSED)

<P><STRONG><a name="[16f]"></a>__use_two_region_memory</STRONG> (Thumb, 2 bytes, Stack size 0 bytes, heapauxi.o(.text), UNUSED)

<P><STRONG><a name="[170]"></a>__rt_heap_escrow$2region</STRONG> (Thumb, 2 bytes, Stack size 0 bytes, heapauxi.o(.text), UNUSED)

<P><STRONG><a name="[171]"></a>__rt_heap_expand$2region</STRONG> (Thumb, 2 bytes, Stack size 0 bytes, heapauxi.o(.text), UNUSED)

<P><STRONG><a name="[72]"></a>__user_setup_stackheap</STRONG> (Thumb, 74 bytes, Stack size 8 bytes, sys_stackheap_outer.o(.text))
<BR><BR>[Stack]<UL><LI>Max Depth = 8 + Unknown Stack Size
<LI>Call Chain = __user_setup_stackheap
</UL>
<BR>[Calls]<UL><LI><a href="#[7d]">&gt;&gt;</a>&nbsp;&nbsp;&nbsp;__user_initial_stackheap
<LI><a href="#[7c]">&gt;&gt;</a>&nbsp;&nbsp;&nbsp;__user_perproc_libspace
</UL>
<BR>[Called By]<UL><LI><a href="#[71]">&gt;&gt;</a>&nbsp;&nbsp;&nbsp;__rt_entry_sh
</UL>

<P><STRONG><a name="[77]"></a>exit</STRONG> (Thumb, 18 bytes, Stack size 8 bytes, exit.o(.text))
<BR><BR>[Stack]<UL><LI>Max Depth = 8 + Unknown Stack Size
<LI>Call Chain = exit
</UL>
<BR>[Calls]<UL><LI><a href="#[7e]">&gt;&gt;</a>&nbsp;&nbsp;&nbsp;__rt_exit
</UL>
<BR>[Called By]<UL><LI><a href="#[75]">&gt;&gt;</a>&nbsp;&nbsp;&nbsp;__rt_entry_main
</UL>

<P><STRONG><a name="[172]"></a>__user_libspace</STRONG> (Thumb, 8 bytes, Stack size 0 bytes, libspace.o(.text), UNUSED)

<P><STRONG><a name="[7c]"></a>__user_perproc_libspace</STRONG> (Thumb, 0 bytes, Stack size 0 bytes, libspace.o(.text))
<BR><BR>[Called By]<UL><LI><a href="#[72]">&gt;&gt;</a>&nbsp;&nbsp;&nbsp;__user_setup_stackheap
</UL>

<P><STRONG><a name="[173]"></a>__user_perthread_libspace</STRONG> (Thumb, 0 bytes, Stack size 0 bytes, libspace.o(.text), UNUSED)

<P><STRONG><a name="[7b]"></a>_sys_exit</STRONG> (Thumb, 8 bytes, Stack size 0 bytes, sys_exit.o(.text))
<BR><BR>[Called By]<UL><LI><a href="#[7a]">&gt;&gt;</a>&nbsp;&nbsp;&nbsp;__rt_exit_exit
</UL>

<P><STRONG><a name="[174]"></a>__I$use$semihosting</STRONG> (Thumb, 0 bytes, Stack size 0 bytes, use_no_semi.o(.text), UNUSED)

<P><STRONG><a name="[175]"></a>__use_no_semihosting_swi</STRONG> (Thumb, 2 bytes, Stack size 0 bytes, use_no_semi.o(.text), UNUSED)

<P><STRONG><a name="[1b]"></a>BusFault_Handler</STRONG> (Thumb, 4 bytes, Stack size 0 bytes, at32f402_405_int.o(i.BusFault_Handler))
<BR>[Address Reference Count : 1]<UL><LI> startup_at32f402_405.o(RESET)
</UL>
<P><STRONG><a name="[176]"></a>__semihosting_library_function</STRONG> (Thumb, 0 bytes, Stack size 0 bytes, indicate_semi.o(.text), UNUSED)

<P><STRONG><a name="[7f]"></a>Command_Process</STRONG> (Thumb, 274 bytes, Stack size 16 bytes, main.o(i.Command_Process))
<BR><BR>[Stack]<UL><LI>Max Depth = 224<LI>Call Chain = Command_Process &rArr; Response_trans_notice &rArr; Vcp_Send_Message &rArr; usb_vcp_send_data &rArr; usbd_ept_send &rArr; usbd_ept_in_check_fifo &rArr; usbd_flush_tx_fifo &rArr; usb_flush_tx_fifo
</UL>
<BR>[Calls]<UL><LI><a href="#[85]">&gt;&gt;</a>&nbsp;&nbsp;&nbsp;flash_qspi_writebuffer
<LI><a href="#[82]">&gt;&gt;</a>&nbsp;&nbsp;&nbsp;flash_qspi_erase_block
<LI><a href="#[83]">&gt;&gt;</a>&nbsp;&nbsp;&nbsp;crc_data_reset
<LI><a href="#[86]">&gt;&gt;</a>&nbsp;&nbsp;&nbsp;crc_block_calculate
<LI><a href="#[80]">&gt;&gt;</a>&nbsp;&nbsp;&nbsp;Vcp_Send_Message
<LI><a href="#[84]">&gt;&gt;</a>&nbsp;&nbsp;&nbsp;Response_trans_notice
<LI><a href="#[87]">&gt;&gt;</a>&nbsp;&nbsp;&nbsp;Response_gif_trans_packet
<LI><a href="#[88]">&gt;&gt;</a>&nbsp;&nbsp;&nbsp;Response_gif_trans_done
<LI><a href="#[81]">&gt;&gt;</a>&nbsp;&nbsp;&nbsp;strncmp
</UL>
<BR>[Called By]<UL><LI><a href="#[76]">&gt;&gt;</a>&nbsp;&nbsp;&nbsp;main
</UL>

<P><STRONG><a name="[1e]"></a>DebugMon_Handler</STRONG> (Thumb, 2 bytes, Stack size 0 bytes, at32f402_405_int.o(i.DebugMon_Handler))
<BR>[Address Reference Count : 1]<UL><LI> startup_at32f402_405.o(RESET)
</UL>
<P><STRONG><a name="[8a]"></a>Execute_Command</STRONG> (Thumb, 76 bytes, Stack size 0 bytes, agreement.o(i.Execute_Command))
<BR><BR>[Called By]<UL><LI><a href="#[89]">&gt;&gt;</a>&nbsp;&nbsp;&nbsp;Get_Vcp_Data
</UL>

<P><STRONG><a name="[89]"></a>Get_Vcp_Data</STRONG> (Thumb, 130 bytes, Stack size 16 bytes, agreement.o(i.Get_Vcp_Data))
<BR><BR>[Stack]<UL><LI>Max Depth = 152<LI>Call Chain = Get_Vcp_Data &rArr; Vcp_Send_Message &rArr; usb_vcp_send_data &rArr; usbd_ept_send &rArr; usbd_ept_in_check_fifo &rArr; usbd_flush_tx_fifo &rArr; usb_flush_tx_fifo
</UL>
<BR>[Calls]<UL><LI><a href="#[80]">&gt;&gt;</a>&nbsp;&nbsp;&nbsp;Vcp_Send_Message
<LI><a href="#[8a]">&gt;&gt;</a>&nbsp;&nbsp;&nbsp;Execute_Command
</UL>
<BR>[Called By]<UL><LI><a href="#[d2]">&gt;&gt;</a>&nbsp;&nbsp;&nbsp;wk_usb_app_task
</UL>

<P><STRONG><a name="[19]"></a>HardFault_Handler</STRONG> (Thumb, 4 bytes, Stack size 0 bytes, at32f402_405_int.o(i.HardFault_Handler))
<BR>[Address Reference Count : 1]<UL><LI> startup_at32f402_405.o(RESET)
</UL>
<P><STRONG><a name="[8b]"></a>LCD_Clear</STRONG> (Thumb, 68 bytes, Stack size 8 bytes, lcd_spi.o(i.LCD_Clear))
<BR><BR>[Stack]<UL><LI>Max Depth = 64<LI>Call Chain = LCD_Clear &rArr; LCD_SetAddress &rArr; LCD_WriteCommand &rArr; at_spi_transmit
</UL>
<BR>[Calls]<UL><LI><a href="#[8e]">&gt;&gt;</a>&nbsp;&nbsp;&nbsp;at_spi_transmit_16bit
<LI><a href="#[8f]">&gt;&gt;</a>&nbsp;&nbsp;&nbsp;at_spi_switch_to_8bit
<LI><a href="#[8d]">&gt;&gt;</a>&nbsp;&nbsp;&nbsp;at_spi_switch_to_16bit
<LI><a href="#[8c]">&gt;&gt;</a>&nbsp;&nbsp;&nbsp;LCD_SetAddress
</UL>
<BR>[Called By]<UL><LI><a href="#[9d]">&gt;&gt;</a>&nbsp;&nbsp;&nbsp;SPI_LCD_Init
</UL>

<P><STRONG><a name="[8c]"></a>LCD_SetAddress</STRONG> (Thumb, 86 bytes, Stack size 24 bytes, lcd_spi.o(i.LCD_SetAddress))
<BR><BR>[Stack]<UL><LI>Max Depth = 56<LI>Call Chain = LCD_SetAddress &rArr; LCD_WriteCommand &rArr; at_spi_transmit
</UL>
<BR>[Calls]<UL><LI><a href="#[8f]">&gt;&gt;</a>&nbsp;&nbsp;&nbsp;at_spi_switch_to_8bit
<LI><a href="#[91]">&gt;&gt;</a>&nbsp;&nbsp;&nbsp;LCD_WriteData_16bit
<LI><a href="#[90]">&gt;&gt;</a>&nbsp;&nbsp;&nbsp;LCD_WriteCommand
</UL>
<BR>[Called By]<UL><LI><a href="#[8b]">&gt;&gt;</a>&nbsp;&nbsp;&nbsp;LCD_Clear
</UL>

<P><STRONG><a name="[a0]"></a>LCD_SetBackColor</STRONG> (Thumb, 36 bytes, Stack size 12 bytes, lcd_spi.o(i.LCD_SetBackColor))
<BR><BR>[Stack]<UL><LI>Max Depth = 12<LI>Call Chain = LCD_SetBackColor
</UL>
<BR>[Called By]<UL><LI><a href="#[9d]">&gt;&gt;</a>&nbsp;&nbsp;&nbsp;SPI_LCD_Init
</UL>

<P><STRONG><a name="[9f]"></a>LCD_SetColor</STRONG> (Thumb, 36 bytes, Stack size 12 bytes, lcd_spi.o(i.LCD_SetColor))
<BR><BR>[Stack]<UL><LI>Max Depth = 12<LI>Call Chain = LCD_SetColor
</UL>
<BR>[Called By]<UL><LI><a href="#[9d]">&gt;&gt;</a>&nbsp;&nbsp;&nbsp;SPI_LCD_Init
</UL>

<P><STRONG><a name="[92]"></a>LCD_SetDirection</STRONG> (Thumb, 156 bytes, Stack size 8 bytes, lcd_spi.o(i.LCD_SetDirection))
<BR><BR>[Stack]<UL><LI>Max Depth = 40<LI>Call Chain = LCD_SetDirection &rArr; LCD_WriteCommand &rArr; at_spi_transmit
</UL>
<BR>[Calls]<UL><LI><a href="#[93]">&gt;&gt;</a>&nbsp;&nbsp;&nbsp;LCD_WriteData_8bit
<LI><a href="#[90]">&gt;&gt;</a>&nbsp;&nbsp;&nbsp;LCD_WriteCommand
</UL>
<BR>[Called By]<UL><LI><a href="#[9d]">&gt;&gt;</a>&nbsp;&nbsp;&nbsp;SPI_LCD_Init
</UL>

<P><STRONG><a name="[90]"></a>LCD_WriteCommand</STRONG> (Thumb, 88 bytes, Stack size 16 bytes, lcd_spi.o(i.LCD_WriteCommand))
<BR><BR>[Stack]<UL><LI>Max Depth = 32<LI>Call Chain = LCD_WriteCommand &rArr; at_spi_transmit
</UL>
<BR>[Calls]<UL><LI><a href="#[94]">&gt;&gt;</a>&nbsp;&nbsp;&nbsp;gpio_bits_reset
<LI><a href="#[96]">&gt;&gt;</a>&nbsp;&nbsp;&nbsp;gpio_bits_set
<LI><a href="#[95]">&gt;&gt;</a>&nbsp;&nbsp;&nbsp;at_spi_transmit
</UL>
<BR>[Called By]<UL><LI><a href="#[9d]">&gt;&gt;</a>&nbsp;&nbsp;&nbsp;SPI_LCD_Init
<LI><a href="#[92]">&gt;&gt;</a>&nbsp;&nbsp;&nbsp;LCD_SetDirection
<LI><a href="#[8c]">&gt;&gt;</a>&nbsp;&nbsp;&nbsp;LCD_SetAddress
</UL>

<P><STRONG><a name="[91]"></a>LCD_WriteData_16bit</STRONG> (Thumb, 22 bytes, Stack size 8 bytes, lcd_spi.o(i.LCD_WriteData_16bit))
<BR><BR>[Stack]<UL><LI>Max Depth = 24<LI>Call Chain = LCD_WriteData_16bit &rArr; at_spi_transmit
</UL>
<BR>[Calls]<UL><LI><a href="#[95]">&gt;&gt;</a>&nbsp;&nbsp;&nbsp;at_spi_transmit
</UL>
<BR>[Called By]<UL><LI><a href="#[8c]">&gt;&gt;</a>&nbsp;&nbsp;&nbsp;LCD_SetAddress
</UL>

<P><STRONG><a name="[93]"></a>LCD_WriteData_8bit</STRONG> (Thumb, 14 bytes, Stack size 8 bytes, lcd_spi.o(i.LCD_WriteData_8bit))
<BR><BR>[Stack]<UL><LI>Max Depth = 24<LI>Call Chain = LCD_WriteData_8bit &rArr; at_spi_transmit
</UL>
<BR>[Calls]<UL><LI><a href="#[95]">&gt;&gt;</a>&nbsp;&nbsp;&nbsp;at_spi_transmit
</UL>
<BR>[Called By]<UL><LI><a href="#[9d]">&gt;&gt;</a>&nbsp;&nbsp;&nbsp;SPI_LCD_Init
<LI><a href="#[92]">&gt;&gt;</a>&nbsp;&nbsp;&nbsp;LCD_SetDirection
</UL>

<P><STRONG><a name="[1a]"></a>MemManage_Handler</STRONG> (Thumb, 4 bytes, Stack size 0 bytes, at32f402_405_int.o(i.MemManage_Handler))
<BR>[Address Reference Count : 1]<UL><LI> startup_at32f402_405.o(RESET)
</UL>
<P><STRONG><a name="[18]"></a>NMI_Handler</STRONG> (Thumb, 2 bytes, Stack size 0 bytes, at32f402_405_int.o(i.NMI_Handler))
<BR>[Address Reference Count : 1]<UL><LI> startup_at32f402_405.o(RESET)
</UL>
<P><STRONG><a name="[61]"></a>OTGHS_IRQHandler</STRONG> (Thumb, 8 bytes, Stack size 8 bytes, at32f402_405_int.o(i.OTGHS_IRQHandler))
<BR><BR>[Stack]<UL><LI>Max Depth = 248<LI>Call Chain = OTGHS_IRQHandler &rArr; wk_otghs_irq_handler &rArr; usbd_irq_handler &rArr; usbd_outept_handler &rArr; usbd_core_setup_handler &rArr; usbd_device_request &rArr; usbd_get_descriptor &rArr; usbd_ctrl_send &rArr; usbd_ept_send &rArr; usbd_ept_in_check_fifo &rArr; usbd_flush_tx_fifo &rArr; usb_flush_tx_fifo
</UL>
<BR>[Calls]<UL><LI><a href="#[97]">&gt;&gt;</a>&nbsp;&nbsp;&nbsp;wk_otghs_irq_handler
</UL>
<BR>[Address Reference Count : 1]<UL><LI> startup_at32f402_405.o(RESET)
</UL>
<P><STRONG><a name="[1f]"></a>PendSV_Handler</STRONG> (Thumb, 2 bytes, Stack size 0 bytes, at32f402_405_int.o(i.PendSV_Handler))
<BR>[Address Reference Count : 1]<UL><LI> startup_at32f402_405.o(RESET)
</UL>
<P><STRONG><a name="[98]"></a>QSPI_flash_mode</STRONG> (Thumb, 26 bytes, Stack size 8 bytes, at32_qspiflash.o(i.QSPI_flash_mode))
<BR><BR>[Stack]<UL><LI>Max Depth = 20<LI>Call Chain = QSPI_flash_mode &rArr; qspi_xip_init
</UL>
<BR>[Calls]<UL><LI><a href="#[9b]">&gt;&gt;</a>&nbsp;&nbsp;&nbsp;qspi_xip_enable
<LI><a href="#[9a]">&gt;&gt;</a>&nbsp;&nbsp;&nbsp;qspi_xip_init
<LI><a href="#[99]">&gt;&gt;</a>&nbsp;&nbsp;&nbsp;xip_init_flash_config
</UL>
<BR>[Called By]<UL><LI><a href="#[c3]">&gt;&gt;</a>&nbsp;&nbsp;&nbsp;flash_qspi_writepage
</UL>

<P><STRONG><a name="[88]"></a>Response_gif_trans_done</STRONG> (Thumb, 98 bytes, Stack size 72 bytes, agreement.o(i.Response_gif_trans_done))
<BR><BR>[Stack]<UL><LI>Max Depth = 208<LI>Call Chain = Response_gif_trans_done &rArr; Vcp_Send_Message &rArr; usb_vcp_send_data &rArr; usbd_ept_send &rArr; usbd_ept_in_check_fifo &rArr; usbd_flush_tx_fifo &rArr; usb_flush_tx_fifo
</UL>
<BR>[Calls]<UL><LI><a href="#[80]">&gt;&gt;</a>&nbsp;&nbsp;&nbsp;Vcp_Send_Message
<LI><a href="#[9c]">&gt;&gt;</a>&nbsp;&nbsp;&nbsp;__aeabi_memclr4
</UL>
<BR>[Called By]<UL><LI><a href="#[7f]">&gt;&gt;</a>&nbsp;&nbsp;&nbsp;Command_Process
</UL>

<P><STRONG><a name="[87]"></a>Response_gif_trans_packet</STRONG> (Thumb, 146 bytes, Stack size 72 bytes, agreement.o(i.Response_gif_trans_packet))
<BR><BR>[Stack]<UL><LI>Max Depth = 208<LI>Call Chain = Response_gif_trans_packet &rArr; Vcp_Send_Message &rArr; usb_vcp_send_data &rArr; usbd_ept_send &rArr; usbd_ept_in_check_fifo &rArr; usbd_flush_tx_fifo &rArr; usb_flush_tx_fifo
</UL>
<BR>[Calls]<UL><LI><a href="#[80]">&gt;&gt;</a>&nbsp;&nbsp;&nbsp;Vcp_Send_Message
<LI><a href="#[9c]">&gt;&gt;</a>&nbsp;&nbsp;&nbsp;__aeabi_memclr4
</UL>
<BR>[Called By]<UL><LI><a href="#[7f]">&gt;&gt;</a>&nbsp;&nbsp;&nbsp;Command_Process
</UL>

<P><STRONG><a name="[84]"></a>Response_trans_notice</STRONG> (Thumb, 98 bytes, Stack size 72 bytes, agreement.o(i.Response_trans_notice))
<BR><BR>[Stack]<UL><LI>Max Depth = 208<LI>Call Chain = Response_trans_notice &rArr; Vcp_Send_Message &rArr; usb_vcp_send_data &rArr; usbd_ept_send &rArr; usbd_ept_in_check_fifo &rArr; usbd_flush_tx_fifo &rArr; usb_flush_tx_fifo
</UL>
<BR>[Calls]<UL><LI><a href="#[80]">&gt;&gt;</a>&nbsp;&nbsp;&nbsp;Vcp_Send_Message
<LI><a href="#[9c]">&gt;&gt;</a>&nbsp;&nbsp;&nbsp;__aeabi_memclr4
</UL>
<BR>[Called By]<UL><LI><a href="#[7f]">&gt;&gt;</a>&nbsp;&nbsp;&nbsp;Command_Process
</UL>

<P><STRONG><a name="[9d]"></a>SPI_LCD_Init</STRONG> (Thumb, 872 bytes, Stack size 8 bytes, lcd_spi.o(i.SPI_LCD_Init))
<BR><BR>[Stack]<UL><LI>Max Depth = 72<LI>Call Chain = SPI_LCD_Init &rArr; LCD_Clear &rArr; LCD_SetAddress &rArr; LCD_WriteCommand &rArr; at_spi_transmit
</UL>
<BR>[Calls]<UL><LI><a href="#[94]">&gt;&gt;</a>&nbsp;&nbsp;&nbsp;gpio_bits_reset
<LI><a href="#[9e]">&gt;&gt;</a>&nbsp;&nbsp;&nbsp;wk_delay_ms
<LI><a href="#[96]">&gt;&gt;</a>&nbsp;&nbsp;&nbsp;gpio_bits_set
<LI><a href="#[93]">&gt;&gt;</a>&nbsp;&nbsp;&nbsp;LCD_WriteData_8bit
<LI><a href="#[90]">&gt;&gt;</a>&nbsp;&nbsp;&nbsp;LCD_WriteCommand
<LI><a href="#[92]">&gt;&gt;</a>&nbsp;&nbsp;&nbsp;LCD_SetDirection
<LI><a href="#[9f]">&gt;&gt;</a>&nbsp;&nbsp;&nbsp;LCD_SetColor
<LI><a href="#[a0]">&gt;&gt;</a>&nbsp;&nbsp;&nbsp;LCD_SetBackColor
<LI><a href="#[8b]">&gt;&gt;</a>&nbsp;&nbsp;&nbsp;LCD_Clear
</UL>
<BR>[Called By]<UL><LI><a href="#[76]">&gt;&gt;</a>&nbsp;&nbsp;&nbsp;main
</UL>

<P><STRONG><a name="[1d]"></a>SVC_Handler</STRONG> (Thumb, 2 bytes, Stack size 0 bytes, at32f402_405_int.o(i.SVC_Handler))
<BR>[Address Reference Count : 1]<UL><LI> startup_at32f402_405.o(RESET)
</UL>
<P><STRONG><a name="[20]"></a>SysTick_Handler</STRONG> (Thumb, 8 bytes, Stack size 8 bytes, at32f402_405_int.o(i.SysTick_Handler))
<BR><BR>[Stack]<UL><LI>Max Depth = 16<LI>Call Chain = SysTick_Handler &rArr; wk_timebase_handler
</UL>
<BR>[Calls]<UL><LI><a href="#[a1]">&gt;&gt;</a>&nbsp;&nbsp;&nbsp;wk_timebase_handler
</UL>
<BR>[Address Reference Count : 1]<UL><LI> startup_at32f402_405.o(RESET)
</UL>
<P><STRONG><a name="[69]"></a>SystemInit</STRONG> (Thumb, 164 bytes, Stack size 8 bytes, system_at32f402_405.o(i.SystemInit))
<BR><BR>[Stack]<UL><LI>Max Depth = 8<LI>Call Chain = SystemInit
</UL>
<BR>[Calls]<UL><LI><a href="#[a2]">&gt;&gt;</a>&nbsp;&nbsp;&nbsp;crm_auto_step_mode_enable
</UL>
<BR>[Address Reference Count : 1]<UL><LI> startup_at32f402_405.o(.text)
</UL>
<P><STRONG><a name="[1c]"></a>UsageFault_Handler</STRONG> (Thumb, 4 bytes, Stack size 0 bytes, at32f402_405_int.o(i.UsageFault_Handler))
<BR>[Address Reference Count : 1]<UL><LI> startup_at32f402_405.o(RESET)
</UL>
<P><STRONG><a name="[80]"></a>Vcp_Send_Message</STRONG> (Thumb, 38 bytes, Stack size 16 bytes, agreement.o(i.Vcp_Send_Message))
<BR><BR>[Stack]<UL><LI>Max Depth = 136<LI>Call Chain = Vcp_Send_Message &rArr; usb_vcp_send_data &rArr; usbd_ept_send &rArr; usbd_ept_in_check_fifo &rArr; usbd_flush_tx_fifo &rArr; usb_flush_tx_fifo
</UL>
<BR>[Calls]<UL><LI><a href="#[a3]">&gt;&gt;</a>&nbsp;&nbsp;&nbsp;usb_vcp_send_data
</UL>
<BR>[Called By]<UL><LI><a href="#[89]">&gt;&gt;</a>&nbsp;&nbsp;&nbsp;Get_Vcp_Data
<LI><a href="#[84]">&gt;&gt;</a>&nbsp;&nbsp;&nbsp;Response_trans_notice
<LI><a href="#[87]">&gt;&gt;</a>&nbsp;&nbsp;&nbsp;Response_gif_trans_packet
<LI><a href="#[88]">&gt;&gt;</a>&nbsp;&nbsp;&nbsp;Response_gif_trans_done
<LI><a href="#[7f]">&gt;&gt;</a>&nbsp;&nbsp;&nbsp;Command_Process
</UL>

<P><STRONG><a name="[8d]"></a>at_spi_switch_to_16bit</STRONG> (Thumb, 36 bytes, Stack size 8 bytes, lcd_spi.o(i.at_spi_switch_to_16bit))
<BR><BR>[Stack]<UL><LI>Max Depth = 8<LI>Call Chain = at_spi_switch_to_16bit
</UL>
<BR>[Calls]<UL><LI><a href="#[a4]">&gt;&gt;</a>&nbsp;&nbsp;&nbsp;spi_enable
</UL>
<BR>[Called By]<UL><LI><a href="#[8b]">&gt;&gt;</a>&nbsp;&nbsp;&nbsp;LCD_Clear
</UL>

<P><STRONG><a name="[8f]"></a>at_spi_switch_to_8bit</STRONG> (Thumb, 32 bytes, Stack size 8 bytes, lcd_spi.o(i.at_spi_switch_to_8bit))
<BR><BR>[Stack]<UL><LI>Max Depth = 8<LI>Call Chain = at_spi_switch_to_8bit
</UL>
<BR>[Calls]<UL><LI><a href="#[a4]">&gt;&gt;</a>&nbsp;&nbsp;&nbsp;spi_enable
</UL>
<BR>[Called By]<UL><LI><a href="#[8c]">&gt;&gt;</a>&nbsp;&nbsp;&nbsp;LCD_SetAddress
<LI><a href="#[8b]">&gt;&gt;</a>&nbsp;&nbsp;&nbsp;LCD_Clear
</UL>

<P><STRONG><a name="[95]"></a>at_spi_transmit</STRONG> (Thumb, 28 bytes, Stack size 16 bytes, lcd_spi.o(i.at_spi_transmit))
<BR><BR>[Stack]<UL><LI>Max Depth = 16<LI>Call Chain = at_spi_transmit
</UL>
<BR>[Calls]<UL><LI><a href="#[a5]">&gt;&gt;</a>&nbsp;&nbsp;&nbsp;spi_i2s_data_transmit
</UL>
<BR>[Called By]<UL><LI><a href="#[93]">&gt;&gt;</a>&nbsp;&nbsp;&nbsp;LCD_WriteData_8bit
<LI><a href="#[91]">&gt;&gt;</a>&nbsp;&nbsp;&nbsp;LCD_WriteData_16bit
<LI><a href="#[90]">&gt;&gt;</a>&nbsp;&nbsp;&nbsp;LCD_WriteCommand
</UL>

<P><STRONG><a name="[8e]"></a>at_spi_transmit_16bit</STRONG> (Thumb, 28 bytes, Stack size 16 bytes, lcd_spi.o(i.at_spi_transmit_16bit))
<BR><BR>[Stack]<UL><LI>Max Depth = 16<LI>Call Chain = at_spi_transmit_16bit
</UL>
<BR>[Calls]<UL><LI><a href="#[a5]">&gt;&gt;</a>&nbsp;&nbsp;&nbsp;spi_i2s_data_transmit
</UL>
<BR>[Called By]<UL><LI><a href="#[8b]">&gt;&gt;</a>&nbsp;&nbsp;&nbsp;LCD_Clear
</UL>

<P><STRONG><a name="[86]"></a>crc_block_calculate</STRONG> (Thumb, 32 bytes, Stack size 8 bytes, at32f402_405_crc.o(i.crc_block_calculate))
<BR><BR>[Stack]<UL><LI>Max Depth = 8<LI>Call Chain = crc_block_calculate
</UL>
<BR>[Called By]<UL><LI><a href="#[7f]">&gt;&gt;</a>&nbsp;&nbsp;&nbsp;Command_Process
</UL>

<P><STRONG><a name="[83]"></a>crc_data_reset</STRONG> (Thumb, 16 bytes, Stack size 0 bytes, at32f402_405_crc.o(i.crc_data_reset))
<BR><BR>[Called By]<UL><LI><a href="#[cf]">&gt;&gt;</a>&nbsp;&nbsp;&nbsp;wk_crc_init
<LI><a href="#[7f]">&gt;&gt;</a>&nbsp;&nbsp;&nbsp;Command_Process
</UL>

<P><STRONG><a name="[128]"></a>crc_init_data_set</STRONG> (Thumb, 6 bytes, Stack size 0 bytes, at32f402_405_crc.o(i.crc_init_data_set))
<BR><BR>[Called By]<UL><LI><a href="#[cf]">&gt;&gt;</a>&nbsp;&nbsp;&nbsp;wk_crc_init
</UL>

<P><STRONG><a name="[129]"></a>crc_poly_size_set</STRONG> (Thumb, 14 bytes, Stack size 0 bytes, at32f402_405_crc.o(i.crc_poly_size_set))
<BR><BR>[Called By]<UL><LI><a href="#[cf]">&gt;&gt;</a>&nbsp;&nbsp;&nbsp;wk_crc_init
</UL>

<P><STRONG><a name="[12a]"></a>crc_poly_value_set</STRONG> (Thumb, 6 bytes, Stack size 0 bytes, at32f402_405_crc.o(i.crc_poly_value_set))
<BR><BR>[Called By]<UL><LI><a href="#[cf]">&gt;&gt;</a>&nbsp;&nbsp;&nbsp;wk_crc_init
</UL>

<P><STRONG><a name="[12b]"></a>crc_reverse_input_data_set</STRONG> (Thumb, 14 bytes, Stack size 0 bytes, at32f402_405_crc.o(i.crc_reverse_input_data_set))
<BR><BR>[Called By]<UL><LI><a href="#[cf]">&gt;&gt;</a>&nbsp;&nbsp;&nbsp;wk_crc_init
</UL>

<P><STRONG><a name="[12c]"></a>crc_reverse_output_data_set</STRONG> (Thumb, 14 bytes, Stack size 0 bytes, at32f402_405_crc.o(i.crc_reverse_output_data_set))
<BR><BR>[Called By]<UL><LI><a href="#[cf]">&gt;&gt;</a>&nbsp;&nbsp;&nbsp;wk_crc_init
</UL>

<P><STRONG><a name="[b0]"></a>crm_ahb_div_set</STRONG> (Thumb, 30 bytes, Stack size 4 bytes, at32f402_405_crm.o(i.crm_ahb_div_set))
<BR><BR>[Stack]<UL><LI>Max Depth = 4<LI>Call Chain = crm_ahb_div_set
</UL>
<BR>[Calls]<UL><LI><a href="#[a2]">&gt;&gt;</a>&nbsp;&nbsp;&nbsp;crm_auto_step_mode_enable
</UL>
<BR>[Called By]<UL><LI><a href="#[c8]">&gt;&gt;</a>&nbsp;&nbsp;&nbsp;wk_system_clock_config
</UL>

<P><STRONG><a name="[143]"></a>crm_apb1_div_set</STRONG> (Thumb, 14 bytes, Stack size 0 bytes, at32f402_405_crm.o(i.crm_apb1_div_set))
<BR><BR>[Called By]<UL><LI><a href="#[c8]">&gt;&gt;</a>&nbsp;&nbsp;&nbsp;wk_system_clock_config
</UL>

<P><STRONG><a name="[142]"></a>crm_apb2_div_set</STRONG> (Thumb, 14 bytes, Stack size 0 bytes, at32f402_405_crm.o(i.crm_apb2_div_set))
<BR><BR>[Called By]<UL><LI><a href="#[c8]">&gt;&gt;</a>&nbsp;&nbsp;&nbsp;wk_system_clock_config
</UL>

<P><STRONG><a name="[a2]"></a>crm_auto_step_mode_enable</STRONG> (Thumb, 34 bytes, Stack size 0 bytes, at32f402_405_crm.o(i.crm_auto_step_mode_enable))
<BR><BR>[Called By]<UL><LI><a href="#[ba]">&gt;&gt;</a>&nbsp;&nbsp;&nbsp;crm_sysclk_switch
<LI><a href="#[b9]">&gt;&gt;</a>&nbsp;&nbsp;&nbsp;crm_reset
<LI><a href="#[b0]">&gt;&gt;</a>&nbsp;&nbsp;&nbsp;crm_ahb_div_set
<LI><a href="#[c8]">&gt;&gt;</a>&nbsp;&nbsp;&nbsp;wk_system_clock_config
<LI><a href="#[69]">&gt;&gt;</a>&nbsp;&nbsp;&nbsp;SystemInit
</UL>

<P><STRONG><a name="[140]"></a>crm_clock_source_enable</STRONG> (Thumb, 98 bytes, Stack size 0 bytes, at32f402_405_crm.o(i.crm_clock_source_enable))
<BR><BR>[Called By]<UL><LI><a href="#[c8]">&gt;&gt;</a>&nbsp;&nbsp;&nbsp;wk_system_clock_config
</UL>

<P><STRONG><a name="[b1]"></a>crm_clocks_freq_get</STRONG> (Thumb, 282 bytes, Stack size 56 bytes, at32f402_405_crm.o(i.crm_clocks_freq_get))
<BR><BR>[Stack]<UL><LI>Max Depth = 104<LI>Call Chain = crm_clocks_freq_get &rArr; __aeabi_uldivmod
</UL>
<BR>[Calls]<UL><LI><a href="#[b2]">&gt;&gt;</a>&nbsp;&nbsp;&nbsp;crm_sysclk_switch_status_get
<LI><a href="#[b3]">&gt;&gt;</a>&nbsp;&nbsp;&nbsp;__aeabi_uldivmod
</UL>
<BR>[Called By]<UL><LI><a href="#[cb]">&gt;&gt;</a>&nbsp;&nbsp;&nbsp;wk_timebase_init
</UL>

<P><STRONG><a name="[b5]"></a>crm_flag_get</STRONG> (Thumb, 44 bytes, Stack size 8 bytes, at32f402_405_crm.o(i.crm_flag_get))
<BR><BR>[Stack]<UL><LI>Max Depth = 8<LI>Call Chain = crm_flag_get
</UL>
<BR>[Called By]<UL><LI><a href="#[b4]">&gt;&gt;</a>&nbsp;&nbsp;&nbsp;crm_hext_stable_wait
<LI><a href="#[c8]">&gt;&gt;</a>&nbsp;&nbsp;&nbsp;wk_system_clock_config
</UL>

<P><STRONG><a name="[b4]"></a>crm_hext_stable_wait</STRONG> (Thumb, 46 bytes, Stack size 12 bytes, at32f402_405_crm.o(i.crm_hext_stable_wait))
<BR><BR>[Stack]<UL><LI>Max Depth = 20<LI>Call Chain = crm_hext_stable_wait &rArr; crm_flag_get
</UL>
<BR>[Calls]<UL><LI><a href="#[b5]">&gt;&gt;</a>&nbsp;&nbsp;&nbsp;crm_flag_get
</UL>
<BR>[Called By]<UL><LI><a href="#[c8]">&gt;&gt;</a>&nbsp;&nbsp;&nbsp;wk_system_clock_config
</UL>

<P><STRONG><a name="[b6]"></a>crm_hick_divider_select</STRONG> (Thumb, 172 bytes, Stack size 12 bytes, at32f402_405_crm.o(i.crm_hick_divider_select))
<BR><BR>[Stack]<UL><LI>Max Depth = 12<LI>Call Chain = crm_hick_divider_select
</UL>
<BR>[Calls]<UL><LI><a href="#[b7]">&gt;&gt;</a>&nbsp;&nbsp;&nbsp;crm_hick_sclk_div_set
</UL>
<BR>[Called By]<UL><LI><a href="#[b8]">&gt;&gt;</a>&nbsp;&nbsp;&nbsp;crm_pll_config
</UL>

<P><STRONG><a name="[b7]"></a>crm_hick_sclk_div_set</STRONG> (Thumb, 14 bytes, Stack size 0 bytes, at32f402_405_crm.o(i.crm_hick_sclk_div_set))
<BR><BR>[Called By]<UL><LI><a href="#[b6]">&gt;&gt;</a>&nbsp;&nbsp;&nbsp;crm_hick_divider_select
</UL>

<P><STRONG><a name="[135]"></a>crm_periph_clock_enable</STRONG> (Thumb, 70 bytes, Stack size 8 bytes, at32f402_405_crm.o(i.crm_periph_clock_enable))
<BR><BR>[Stack]<UL><LI>Max Depth = 8<LI>Call Chain = crm_periph_clock_enable
</UL>
<BR>[Called By]<UL><LI><a href="#[ce]">&gt;&gt;</a>&nbsp;&nbsp;&nbsp;wk_qspi1_init
<LI><a href="#[c8]">&gt;&gt;</a>&nbsp;&nbsp;&nbsp;wk_system_clock_config
<LI><a href="#[c9]">&gt;&gt;</a>&nbsp;&nbsp;&nbsp;wk_periph_clock_config
</UL>

<P><STRONG><a name="[b8]"></a>crm_pll_config</STRONG> (Thumb, 62 bytes, Stack size 20 bytes, at32f402_405_crm.o(i.crm_pll_config))
<BR><BR>[Stack]<UL><LI>Max Depth = 32<LI>Call Chain = crm_pll_config &rArr; crm_hick_divider_select
</UL>
<BR>[Calls]<UL><LI><a href="#[b6]">&gt;&gt;</a>&nbsp;&nbsp;&nbsp;crm_hick_divider_select
</UL>
<BR>[Called By]<UL><LI><a href="#[c8]">&gt;&gt;</a>&nbsp;&nbsp;&nbsp;wk_system_clock_config
</UL>

<P><STRONG><a name="[141]"></a>crm_pllu_div_set</STRONG> (Thumb, 14 bytes, Stack size 0 bytes, at32f402_405_crm.o(i.crm_pllu_div_set))
<BR><BR>[Called By]<UL><LI><a href="#[c8]">&gt;&gt;</a>&nbsp;&nbsp;&nbsp;wk_system_clock_config
</UL>

<P><STRONG><a name="[b9]"></a>crm_reset</STRONG> (Thumb, 142 bytes, Stack size 4 bytes, at32f402_405_crm.o(i.crm_reset))
<BR><BR>[Stack]<UL><LI>Max Depth = 4<LI>Call Chain = crm_reset
</UL>
<BR>[Calls]<UL><LI><a href="#[a2]">&gt;&gt;</a>&nbsp;&nbsp;&nbsp;crm_auto_step_mode_enable
</UL>
<BR>[Called By]<UL><LI><a href="#[c8]">&gt;&gt;</a>&nbsp;&nbsp;&nbsp;wk_system_clock_config
</UL>

<P><STRONG><a name="[ba]"></a>crm_sysclk_switch</STRONG> (Thumb, 30 bytes, Stack size 4 bytes, at32f402_405_crm.o(i.crm_sysclk_switch))
<BR><BR>[Stack]<UL><LI>Max Depth = 4<LI>Call Chain = crm_sysclk_switch
</UL>
<BR>[Calls]<UL><LI><a href="#[a2]">&gt;&gt;</a>&nbsp;&nbsp;&nbsp;crm_auto_step_mode_enable
</UL>
<BR>[Called By]<UL><LI><a href="#[c8]">&gt;&gt;</a>&nbsp;&nbsp;&nbsp;wk_system_clock_config
</UL>

<P><STRONG><a name="[b2]"></a>crm_sysclk_switch_status_get</STRONG> (Thumb, 10 bytes, Stack size 0 bytes, at32f402_405_crm.o(i.crm_sysclk_switch_status_get))
<BR><BR>[Called By]<UL><LI><a href="#[b1]">&gt;&gt;</a>&nbsp;&nbsp;&nbsp;crm_clocks_freq_get
<LI><a href="#[db]">&gt;&gt;</a>&nbsp;&nbsp;&nbsp;system_core_clock_update
<LI><a href="#[c8]">&gt;&gt;</a>&nbsp;&nbsp;&nbsp;wk_system_clock_config
</UL>

<P><STRONG><a name="[d7]"></a>dma_channel_enable</STRONG> (Thumb, 10 bytes, Stack size 0 bytes, at32f402_405_dma.o(i.dma_channel_enable))
<BR><BR>[Called By]<UL><LI><a href="#[c4]">&gt;&gt;</a>&nbsp;&nbsp;&nbsp;qspi_flash_write_xip_dma_set
</UL>

<P><STRONG><a name="[d9]"></a>dma_flag_clear</STRONG> (Thumb, 22 bytes, Stack size 0 bytes, at32f402_405_dma.o(i.dma_flag_clear))
<BR><BR>[Called By]<UL><LI><a href="#[c4]">&gt;&gt;</a>&nbsp;&nbsp;&nbsp;qspi_flash_write_xip_dma_set
</UL>

<P><STRONG><a name="[d8]"></a>dma_flag_get</STRONG> (Thumb, 34 bytes, Stack size 0 bytes, at32f402_405_dma.o(i.dma_flag_get))
<BR><BR>[Called By]<UL><LI><a href="#[c4]">&gt;&gt;</a>&nbsp;&nbsp;&nbsp;qspi_flash_write_xip_dma_set
</UL>

<P><STRONG><a name="[d4]"></a>dma_init</STRONG> (Thumb, 98 bytes, Stack size 0 bytes, at32f402_405_dma.o(i.dma_init))
<BR><BR>[Called By]<UL><LI><a href="#[c4]">&gt;&gt;</a>&nbsp;&nbsp;&nbsp;qspi_flash_write_xip_dma_set
</UL>

<P><STRONG><a name="[d3]"></a>dma_reset</STRONG> (Thumb, 102 bytes, Stack size 0 bytes, at32f402_405_dma.o(i.dma_reset))
<BR><BR>[Called By]<UL><LI><a href="#[c4]">&gt;&gt;</a>&nbsp;&nbsp;&nbsp;qspi_flash_write_xip_dma_set
</UL>

<P><STRONG><a name="[d5]"></a>dmamux_enable</STRONG> (Thumb, 14 bytes, Stack size 0 bytes, at32f402_405_dma.o(i.dmamux_enable))
<BR><BR>[Called By]<UL><LI><a href="#[c4]">&gt;&gt;</a>&nbsp;&nbsp;&nbsp;qspi_flash_write_xip_dma_set
</UL>

<P><STRONG><a name="[d6]"></a>dmamux_init</STRONG> (Thumb, 10 bytes, Stack size 0 bytes, at32f402_405_dma.o(i.dmamux_init))
<BR><BR>[Called By]<UL><LI><a href="#[c4]">&gt;&gt;</a>&nbsp;&nbsp;&nbsp;qspi_flash_write_xip_dma_set
</UL>

<P><STRONG><a name="[82]"></a>flash_qspi_erase_block</STRONG> (Thumb, 102 bytes, Stack size 8 bytes, at32_qspiflash.o(i.flash_qspi_erase_block))
<BR><BR>[Stack]<UL><LI>Max Depth = 32<LI>Call Chain = flash_qspi_erase_block &rArr; flash_qspi_writeenable &rArr; flash_qspi_sendbyte &rArr; qspi_xip_enable
</UL>
<BR>[Calls]<UL><LI><a href="#[9b]">&gt;&gt;</a>&nbsp;&nbsp;&nbsp;qspi_xip_enable
<LI><a href="#[bd]">&gt;&gt;</a>&nbsp;&nbsp;&nbsp;qspi_flag_get
<LI><a href="#[be]">&gt;&gt;</a>&nbsp;&nbsp;&nbsp;qspi_flag_clear
<LI><a href="#[bc]">&gt;&gt;</a>&nbsp;&nbsp;&nbsp;qspi_cmd_operation_kick
<LI><a href="#[bb]">&gt;&gt;</a>&nbsp;&nbsp;&nbsp;flash_qspi_writeenable
<LI><a href="#[c0]">&gt;&gt;</a>&nbsp;&nbsp;&nbsp;flash_qspi_writedisable
<LI><a href="#[bf]">&gt;&gt;</a>&nbsp;&nbsp;&nbsp;flash_qspi_waitforwriteend
</UL>
<BR>[Called By]<UL><LI><a href="#[7f]">&gt;&gt;</a>&nbsp;&nbsp;&nbsp;Command_Process
</UL>

<P><STRONG><a name="[c1]"></a>flash_qspi_sendbyte</STRONG> (Thumb, 82 bytes, Stack size 8 bytes, at32_qspiflash.o(i.flash_qspi_sendbyte))
<BR><BR>[Stack]<UL><LI>Max Depth = 16<LI>Call Chain = flash_qspi_sendbyte &rArr; qspi_xip_enable
</UL>
<BR>[Calls]<UL><LI><a href="#[9b]">&gt;&gt;</a>&nbsp;&nbsp;&nbsp;qspi_xip_enable
<LI><a href="#[bd]">&gt;&gt;</a>&nbsp;&nbsp;&nbsp;qspi_flag_get
<LI><a href="#[be]">&gt;&gt;</a>&nbsp;&nbsp;&nbsp;qspi_flag_clear
<LI><a href="#[bc]">&gt;&gt;</a>&nbsp;&nbsp;&nbsp;qspi_cmd_operation_kick
</UL>
<BR>[Called By]<UL><LI><a href="#[bb]">&gt;&gt;</a>&nbsp;&nbsp;&nbsp;flash_qspi_writeenable
<LI><a href="#[c0]">&gt;&gt;</a>&nbsp;&nbsp;&nbsp;flash_qspi_writedisable
</UL>

<P><STRONG><a name="[85]"></a>flash_qspi_writebuffer</STRONG> (Thumb, 70 bytes, Stack size 24 bytes, at32_qspiflash.o(i.flash_qspi_writebuffer))
<BR><BR>[Stack]<UL><LI>Max Depth = 80<LI>Call Chain = flash_qspi_writebuffer &rArr; flash_qspi_writepage &rArr; qspi_flash_write_xip_dma_set
</UL>
<BR>[Calls]<UL><LI><a href="#[c3]">&gt;&gt;</a>&nbsp;&nbsp;&nbsp;flash_qspi_writepage
</UL>
<BR>[Called By]<UL><LI><a href="#[7f]">&gt;&gt;</a>&nbsp;&nbsp;&nbsp;Command_Process
</UL>

<P><STRONG><a name="[c0]"></a>flash_qspi_writedisable</STRONG> (Thumb, 10 bytes, Stack size 8 bytes, at32_qspiflash.o(i.flash_qspi_writedisable))
<BR><BR>[Stack]<UL><LI>Max Depth = 24<LI>Call Chain = flash_qspi_writedisable &rArr; flash_qspi_sendbyte &rArr; qspi_xip_enable
</UL>
<BR>[Calls]<UL><LI><a href="#[c1]">&gt;&gt;</a>&nbsp;&nbsp;&nbsp;flash_qspi_sendbyte
</UL>
<BR>[Called By]<UL><LI><a href="#[82]">&gt;&gt;</a>&nbsp;&nbsp;&nbsp;flash_qspi_erase_block
</UL>

<P><STRONG><a name="[bb]"></a>flash_qspi_writeenable</STRONG> (Thumb, 10 bytes, Stack size 8 bytes, at32_qspiflash.o(i.flash_qspi_writeenable))
<BR><BR>[Stack]<UL><LI>Max Depth = 24<LI>Call Chain = flash_qspi_writeenable &rArr; flash_qspi_sendbyte &rArr; qspi_xip_enable
</UL>
<BR>[Calls]<UL><LI><a href="#[c1]">&gt;&gt;</a>&nbsp;&nbsp;&nbsp;flash_qspi_sendbyte
</UL>
<BR>[Called By]<UL><LI><a href="#[82]">&gt;&gt;</a>&nbsp;&nbsp;&nbsp;flash_qspi_erase_block
<LI><a href="#[c3]">&gt;&gt;</a>&nbsp;&nbsp;&nbsp;flash_qspi_writepage
</UL>

<P><STRONG><a name="[94]"></a>gpio_bits_reset</STRONG> (Thumb, 4 bytes, Stack size 0 bytes, at32f402_405_gpio.o(i.gpio_bits_reset))
<BR><BR>[Called By]<UL><LI><a href="#[d0]">&gt;&gt;</a>&nbsp;&nbsp;&nbsp;wk_gpio_config
<LI><a href="#[9d]">&gt;&gt;</a>&nbsp;&nbsp;&nbsp;SPI_LCD_Init
<LI><a href="#[90]">&gt;&gt;</a>&nbsp;&nbsp;&nbsp;LCD_WriteCommand
</UL>

<P><STRONG><a name="[96]"></a>gpio_bits_set</STRONG> (Thumb, 4 bytes, Stack size 0 bytes, at32f402_405_gpio.o(i.gpio_bits_set))
<BR><BR>[Called By]<UL><LI><a href="#[9d]">&gt;&gt;</a>&nbsp;&nbsp;&nbsp;SPI_LCD_Init
<LI><a href="#[90]">&gt;&gt;</a>&nbsp;&nbsp;&nbsp;LCD_WriteCommand
</UL>

<P><STRONG><a name="[12e]"></a>gpio_default_para_init</STRONG> (Thumb, 20 bytes, Stack size 0 bytes, at32f402_405_gpio.o(i.gpio_default_para_init))
<BR><BR>[Called By]<UL><LI><a href="#[cd]">&gt;&gt;</a>&nbsp;&nbsp;&nbsp;wk_spi1_init
<LI><a href="#[ce]">&gt;&gt;</a>&nbsp;&nbsp;&nbsp;wk_qspi1_init
<LI><a href="#[d0]">&gt;&gt;</a>&nbsp;&nbsp;&nbsp;wk_gpio_config
</UL>

<P><STRONG><a name="[12f]"></a>gpio_init</STRONG> (Thumb, 122 bytes, Stack size 16 bytes, at32f402_405_gpio.o(i.gpio_init))
<BR><BR>[Stack]<UL><LI>Max Depth = 16<LI>Call Chain = gpio_init
</UL>
<BR>[Called By]<UL><LI><a href="#[cd]">&gt;&gt;</a>&nbsp;&nbsp;&nbsp;wk_spi1_init
<LI><a href="#[ce]">&gt;&gt;</a>&nbsp;&nbsp;&nbsp;wk_qspi1_init
<LI><a href="#[d0]">&gt;&gt;</a>&nbsp;&nbsp;&nbsp;wk_gpio_config
</UL>

<P><STRONG><a name="[136]"></a>gpio_pin_mux_config</STRONG> (Thumb, 66 bytes, Stack size 20 bytes, at32f402_405_gpio.o(i.gpio_pin_mux_config))
<BR><BR>[Stack]<UL><LI>Max Depth = 20<LI>Call Chain = gpio_pin_mux_config
</UL>
<BR>[Called By]<UL><LI><a href="#[cd]">&gt;&gt;</a>&nbsp;&nbsp;&nbsp;wk_spi1_init
<LI><a href="#[ce]">&gt;&gt;</a>&nbsp;&nbsp;&nbsp;wk_qspi1_init
</UL>

<P><STRONG><a name="[76]"></a>main</STRONG> (Thumb, 56 bytes, Stack size 0 bytes, main.o(i.main))
<BR><BR>[Stack]<UL><LI>Max Depth = 224<LI>Call Chain = main &rArr; Command_Process &rArr; Response_trans_notice &rArr; Vcp_Send_Message &rArr; usb_vcp_send_data &rArr; usbd_ept_send &rArr; usbd_ept_in_check_fifo &rArr; usbd_flush_tx_fifo &rArr; usb_flush_tx_fifo
</UL>
<BR>[Calls]<UL><LI><a href="#[cc]">&gt;&gt;</a>&nbsp;&nbsp;&nbsp;wk_usb_otghs1_init
<LI><a href="#[d2]">&gt;&gt;</a>&nbsp;&nbsp;&nbsp;wk_usb_app_task
<LI><a href="#[d1]">&gt;&gt;</a>&nbsp;&nbsp;&nbsp;wk_usb_app_init
<LI><a href="#[cb]">&gt;&gt;</a>&nbsp;&nbsp;&nbsp;wk_timebase_init
<LI><a href="#[cd]">&gt;&gt;</a>&nbsp;&nbsp;&nbsp;wk_spi1_init
<LI><a href="#[ce]">&gt;&gt;</a>&nbsp;&nbsp;&nbsp;wk_qspi1_init
<LI><a href="#[d0]">&gt;&gt;</a>&nbsp;&nbsp;&nbsp;wk_gpio_config
<LI><a href="#[cf]">&gt;&gt;</a>&nbsp;&nbsp;&nbsp;wk_crc_init
<LI><a href="#[9d]">&gt;&gt;</a>&nbsp;&nbsp;&nbsp;SPI_LCD_Init
<LI><a href="#[7f]">&gt;&gt;</a>&nbsp;&nbsp;&nbsp;Command_Process
<LI><a href="#[c8]">&gt;&gt;</a>&nbsp;&nbsp;&nbsp;wk_system_clock_config
<LI><a href="#[c9]">&gt;&gt;</a>&nbsp;&nbsp;&nbsp;wk_periph_clock_config
<LI><a href="#[ca]">&gt;&gt;</a>&nbsp;&nbsp;&nbsp;wk_nvic_config
</UL>
<BR>[Called By]<UL><LI><a href="#[75]">&gt;&gt;</a>&nbsp;&nbsp;&nbsp;__rt_entry_main
</UL>

<P><STRONG><a name="[134]"></a>nvic_irq_enable</STRONG> (Thumb, 190 bytes, Stack size 32 bytes, at32f402_405_misc.o(i.nvic_irq_enable))
<BR><BR>[Stack]<UL><LI>Max Depth = 32<LI>Call Chain = nvic_irq_enable
</UL>
<BR>[Called By]<UL><LI><a href="#[ca]">&gt;&gt;</a>&nbsp;&nbsp;&nbsp;wk_nvic_config
</UL>

<P><STRONG><a name="[130]"></a>nvic_priority_group_config</STRONG> (Thumb, 32 bytes, Stack size 0 bytes, at32f402_405_misc.o(i.nvic_priority_group_config))
<BR><BR>[Called By]<UL><LI><a href="#[ca]">&gt;&gt;</a>&nbsp;&nbsp;&nbsp;wk_nvic_config
</UL>

<P><STRONG><a name="[13a]"></a>qspi_auto_ispc_enable</STRONG> (Thumb, 14 bytes, Stack size 0 bytes, at32f402_405_qspi.o(i.qspi_auto_ispc_enable))
<BR><BR>[Called By]<UL><LI><a href="#[ce]">&gt;&gt;</a>&nbsp;&nbsp;&nbsp;wk_qspi1_init
</UL>

<P><STRONG><a name="[139]"></a>qspi_busy_config</STRONG> (Thumb, 10 bytes, Stack size 0 bytes, at32f402_405_qspi.o(i.qspi_busy_config))
<BR><BR>[Called By]<UL><LI><a href="#[ce]">&gt;&gt;</a>&nbsp;&nbsp;&nbsp;wk_qspi1_init
</UL>

<P><STRONG><a name="[c2]"></a>qspi_byte_read</STRONG> (Thumb, 8 bytes, Stack size 0 bytes, at32f402_405_qspi.o(i.qspi_byte_read))
<BR><BR>[Called By]<UL><LI><a href="#[bf]">&gt;&gt;</a>&nbsp;&nbsp;&nbsp;flash_qspi_waitforwriteend
</UL>

<P><STRONG><a name="[137]"></a>qspi_clk_division_set</STRONG> (Thumb, 10 bytes, Stack size 0 bytes, at32f402_405_qspi.o(i.qspi_clk_division_set))
<BR><BR>[Called By]<UL><LI><a href="#[ce]">&gt;&gt;</a>&nbsp;&nbsp;&nbsp;wk_qspi1_init
</UL>

<P><STRONG><a name="[bc]"></a>qspi_cmd_operation_kick</STRONG> (Thumb, 76 bytes, Stack size 8 bytes, at32f402_405_qspi.o(i.qspi_cmd_operation_kick))
<BR><BR>[Stack]<UL><LI>Max Depth = 8<LI>Call Chain = qspi_cmd_operation_kick
</UL>
<BR>[Called By]<UL><LI><a href="#[82]">&gt;&gt;</a>&nbsp;&nbsp;&nbsp;flash_qspi_erase_block
<LI><a href="#[c1]">&gt;&gt;</a>&nbsp;&nbsp;&nbsp;flash_qspi_sendbyte
<LI><a href="#[bf]">&gt;&gt;</a>&nbsp;&nbsp;&nbsp;flash_qspi_waitforwriteend
</UL>

<P><STRONG><a name="[da]"></a>qspi_dma_enable</STRONG> (Thumb, 10 bytes, Stack size 0 bytes, at32f402_405_qspi.o(i.qspi_dma_enable))
<BR><BR>[Called By]<UL><LI><a href="#[c4]">&gt;&gt;</a>&nbsp;&nbsp;&nbsp;qspi_flash_write_xip_dma_set
</UL>

<P><STRONG><a name="[13b]"></a>qspi_dma_rx_threshold_set</STRONG> (Thumb, 10 bytes, Stack size 0 bytes, at32f402_405_qspi.o(i.qspi_dma_rx_threshold_set))
<BR><BR>[Called By]<UL><LI><a href="#[ce]">&gt;&gt;</a>&nbsp;&nbsp;&nbsp;wk_qspi1_init
</UL>

<P><STRONG><a name="[13c]"></a>qspi_dma_tx_threshold_set</STRONG> (Thumb, 10 bytes, Stack size 0 bytes, at32f402_405_qspi.o(i.qspi_dma_tx_threshold_set))
<BR><BR>[Called By]<UL><LI><a href="#[ce]">&gt;&gt;</a>&nbsp;&nbsp;&nbsp;wk_qspi1_init
</UL>

<P><STRONG><a name="[be]"></a>qspi_flag_clear</STRONG> (Thumb, 4 bytes, Stack size 0 bytes, at32f402_405_qspi.o(i.qspi_flag_clear))
<BR><BR>[Called By]<UL><LI><a href="#[82]">&gt;&gt;</a>&nbsp;&nbsp;&nbsp;flash_qspi_erase_block
<LI><a href="#[c1]">&gt;&gt;</a>&nbsp;&nbsp;&nbsp;flash_qspi_sendbyte
<LI><a href="#[bf]">&gt;&gt;</a>&nbsp;&nbsp;&nbsp;flash_qspi_waitforwriteend
</UL>

<P><STRONG><a name="[bd]"></a>qspi_flag_get</STRONG> (Thumb, 48 bytes, Stack size 0 bytes, at32f402_405_qspi.o(i.qspi_flag_get))
<BR><BR>[Called By]<UL><LI><a href="#[82]">&gt;&gt;</a>&nbsp;&nbsp;&nbsp;flash_qspi_erase_block
<LI><a href="#[c1]">&gt;&gt;</a>&nbsp;&nbsp;&nbsp;flash_qspi_sendbyte
<LI><a href="#[bf]">&gt;&gt;</a>&nbsp;&nbsp;&nbsp;flash_qspi_waitforwriteend
</UL>

<P><STRONG><a name="[c4]"></a>qspi_flash_write_xip_dma_set</STRONG> (Thumb, 146 bytes, Stack size 40 bytes, at32_qspiflash.o(i.qspi_flash_write_xip_dma_set))
<BR><BR>[Stack]<UL><LI>Max Depth = 40<LI>Call Chain = qspi_flash_write_xip_dma_set
</UL>
<BR>[Calls]<UL><LI><a href="#[d6]">&gt;&gt;</a>&nbsp;&nbsp;&nbsp;dmamux_init
<LI><a href="#[d5]">&gt;&gt;</a>&nbsp;&nbsp;&nbsp;dmamux_enable
<LI><a href="#[d3]">&gt;&gt;</a>&nbsp;&nbsp;&nbsp;dma_reset
<LI><a href="#[d4]">&gt;&gt;</a>&nbsp;&nbsp;&nbsp;dma_init
<LI><a href="#[d8]">&gt;&gt;</a>&nbsp;&nbsp;&nbsp;dma_flag_get
<LI><a href="#[d9]">&gt;&gt;</a>&nbsp;&nbsp;&nbsp;dma_flag_clear
<LI><a href="#[d7]">&gt;&gt;</a>&nbsp;&nbsp;&nbsp;dma_channel_enable
<LI><a href="#[da]">&gt;&gt;</a>&nbsp;&nbsp;&nbsp;qspi_dma_enable
</UL>
<BR>[Called By]<UL><LI><a href="#[c3]">&gt;&gt;</a>&nbsp;&nbsp;&nbsp;flash_qspi_writepage
</UL>

<P><STRONG><a name="[138]"></a>qspi_sck_mode_set</STRONG> (Thumb, 10 bytes, Stack size 0 bytes, at32f402_405_qspi.o(i.qspi_sck_mode_set))
<BR><BR>[Called By]<UL><LI><a href="#[ce]">&gt;&gt;</a>&nbsp;&nbsp;&nbsp;wk_qspi1_init
</UL>

<P><STRONG><a name="[9b]"></a>qspi_xip_enable</STRONG> (Thumb, 124 bytes, Stack size 8 bytes, at32f402_405_qspi.o(i.qspi_xip_enable))
<BR><BR>[Stack]<UL><LI>Max Depth = 8<LI>Call Chain = qspi_xip_enable
</UL>
<BR>[Called By]<UL><LI><a href="#[ce]">&gt;&gt;</a>&nbsp;&nbsp;&nbsp;wk_qspi1_init
<LI><a href="#[82]">&gt;&gt;</a>&nbsp;&nbsp;&nbsp;flash_qspi_erase_block
<LI><a href="#[c1]">&gt;&gt;</a>&nbsp;&nbsp;&nbsp;flash_qspi_sendbyte
<LI><a href="#[98]">&gt;&gt;</a>&nbsp;&nbsp;&nbsp;QSPI_flash_mode
<LI><a href="#[bf]">&gt;&gt;</a>&nbsp;&nbsp;&nbsp;flash_qspi_waitforwriteend
</UL>

<P><STRONG><a name="[9a]"></a>qspi_xip_init</STRONG> (Thumb, 90 bytes, Stack size 12 bytes, at32f402_405_qspi.o(i.qspi_xip_init))
<BR><BR>[Stack]<UL><LI>Max Depth = 12<LI>Call Chain = qspi_xip_init
</UL>
<BR>[Called By]<UL><LI><a href="#[98]">&gt;&gt;</a>&nbsp;&nbsp;&nbsp;QSPI_flash_mode
</UL>

<P><STRONG><a name="[13d]"></a>spi_default_para_init</STRONG> (Thumb, 22 bytes, Stack size 0 bytes, at32f402_405_spi.o(i.spi_default_para_init))
<BR><BR>[Called By]<UL><LI><a href="#[cd]">&gt;&gt;</a>&nbsp;&nbsp;&nbsp;wk_spi1_init
</UL>

<P><STRONG><a name="[a4]"></a>spi_enable</STRONG> (Thumb, 10 bytes, Stack size 0 bytes, at32f402_405_spi.o(i.spi_enable))
<BR><BR>[Called By]<UL><LI><a href="#[cd]">&gt;&gt;</a>&nbsp;&nbsp;&nbsp;wk_spi1_init
<LI><a href="#[8f]">&gt;&gt;</a>&nbsp;&nbsp;&nbsp;at_spi_switch_to_8bit
<LI><a href="#[8d]">&gt;&gt;</a>&nbsp;&nbsp;&nbsp;at_spi_switch_to_16bit
</UL>

<P><STRONG><a name="[13f]"></a>spi_hardware_cs_output_enable</STRONG> (Thumb, 10 bytes, Stack size 0 bytes, at32f402_405_spi.o(i.spi_hardware_cs_output_enable))
<BR><BR>[Called By]<UL><LI><a href="#[cd]">&gt;&gt;</a>&nbsp;&nbsp;&nbsp;wk_spi1_init
</UL>

<P><STRONG><a name="[a5]"></a>spi_i2s_data_transmit</STRONG> (Thumb, 4 bytes, Stack size 0 bytes, at32f402_405_spi.o(i.spi_i2s_data_transmit))
<BR><BR>[Called By]<UL><LI><a href="#[8e]">&gt;&gt;</a>&nbsp;&nbsp;&nbsp;at_spi_transmit_16bit
<LI><a href="#[95]">&gt;&gt;</a>&nbsp;&nbsp;&nbsp;at_spi_transmit
</UL>

<P><STRONG><a name="[13e]"></a>spi_init</STRONG> (Thumb, 344 bytes, Stack size 0 bytes, at32f402_405_spi.o(i.spi_init))
[...]
</UL>
<BR>[Calls]<UL><LI><a href="#[db]">&gt;&gt;</a>&nbsp;&nbsp;&nbsp;system_core_clock_update
<LI><a href="#[b2]">&gt;&gt;</a>&nbsp;&nbsp;&nbsp;crm_sysclk_switch_status_get
<LI><a href="#[ba]">&gt;&gt;</a>&nbsp;&nbsp;&nbsp;crm_sysclk_switch
<LI><a href="#[b9]">&gt;&gt;</a>&nbsp;&nbsp;&nbsp;crm_reset
<LI><a href="#[141]">&gt;&gt;</a>&nbsp;&nbsp;&nbsp;crm_pllu_div_set
<LI><a href="#[b8]">&gt;&gt;</a>&nbsp;&nbsp;&nbsp;crm_pll_config
<LI><a href="#[135]">&gt;&gt;</a>&nbsp;&nbsp;&nbsp;crm_periph_clock_enable
<LI><a href="#[b4]">&gt;&gt;</a>&nbsp;&nbsp;&nbsp;crm_hext_stable_wait
<LI><a href="#[b5]">&gt;&gt;</a>&nbsp;&nbsp;&nbsp;crm_flag_get
<LI><a href="#[140]">&gt;&gt;</a>&nbsp;&nbsp;&nbsp;crm_clock_source_enable
<LI><a href="#[a2]">&gt;&gt;</a>&nbsp;&nbsp;&nbsp;crm_auto_step_mode_enable
<LI><a href="#[142]">&gt;&gt;</a>&nbsp;&nbsp;&nbsp;crm_apb2_div_set
<LI><a href="#[143]">&gt;&gt;</a>&nbsp;&nbsp;&nbsp;crm_apb1_div_set
<LI><a href="#[b0]">&gt;&gt;</a>&nbsp;&nbsp;&nbsp;crm_ahb_div_set
</UL>
<BR>[Called By]<UL><LI><a href="#[76]">&gt;&gt;</a>&nbsp;&nbsp;&nbsp;main
</UL>

<P><STRONG><a name="[12d]"></a>wk_timebase_get</STRONG> (Thumb, 6 bytes, Stack size 0 bytes, wk_system.o(i.wk_timebase_get))
<BR><BR>[Called By]<UL><LI><a href="#[9e]">&gt;&gt;</a>&nbsp;&nbsp;&nbsp;wk_delay_ms
</UL>

<P><STRONG><a name="[a1]"></a>wk_timebase_handler</STRONG> (Thumb, 8 bytes, Stack size 8 bytes, wk_system.o(i.wk_timebase_handler))
<BR><BR>[Stack]<UL><LI>Max Depth = 8<LI>Call Chain = wk_timebase_handler
</UL>
<BR>[Calls]<UL><LI><a href="#[144]">&gt;&gt;</a>&nbsp;&nbsp;&nbsp;wk_timebase_increase
</UL>
<BR>[Called By]<UL><LI><a href="#[20]">&gt;&gt;</a>&nbsp;&nbsp;&nbsp;SysTick_Handler
</UL>

<P><STRONG><a name="[144]"></a>wk_timebase_increase</STRONG> (Thumb, 12 bytes, Stack size 0 bytes, wk_system.o(i.wk_timebase_increase))
<BR><BR>[Called By]<UL><LI><a href="#[a1]">&gt;&gt;</a>&nbsp;&nbsp;&nbsp;wk_timebase_handler
</UL>

<P><STRONG><a name="[cb]"></a>wk_timebase_init</STRONG> (Thumb, 52 bytes, Stack size 24 bytes, wk_system.o(i.wk_timebase_init))
<BR><BR>[Stack]<UL><LI>Max Depth = 128<LI>Call Chain = wk_timebase_init &rArr; crm_clocks_freq_get &rArr; __aeabi_uldivmod
</UL>
<BR>[Calls]<UL><LI><a href="#[145]">&gt;&gt;</a>&nbsp;&nbsp;&nbsp;systick_clock_source_config
<LI><a href="#[b1]">&gt;&gt;</a>&nbsp;&nbsp;&nbsp;crm_clocks_freq_get
</UL>
<BR>[Called By]<UL><LI><a href="#[76]">&gt;&gt;</a>&nbsp;&nbsp;&nbsp;main
</UL>

<P><STRONG><a name="[d1]"></a>wk_usb_app_init</STRONG> (Thumb, 20 bytes, Stack size 8 bytes, usb_app.o(i.wk_usb_app_init))
<BR><BR>[Stack]<UL><LI>Max Depth = 132<LI>Call Chain = wk_usb_app_init &rArr; usbd_init &rArr; usbd_core_init &rArr; usbd_fifo_alloc &rArr; usb_set_tx_fifo
</UL>
<BR>[Calls]<UL><LI><a href="#[111]">&gt;&gt;</a>&nbsp;&nbsp;&nbsp;usbd_init
</UL>
<BR>[Called By]<UL><LI><a href="#[76]">&gt;&gt;</a>&nbsp;&nbsp;&nbsp;main
</UL>

<P><STRONG><a name="[d2]"></a>wk_usb_app_task</STRONG> (Thumb, 26 bytes, Stack size 16 bytes, usb_app.o(i.wk_usb_app_task))
<BR><BR>[Stack]<UL><LI>Max Depth = 168<LI>Call Chain = wk_usb_app_task &rArr; Get_Vcp_Data &rArr; Vcp_Send_Message &rArr; usb_vcp_send_data &rArr; usbd_ept_send &rArr; usbd_ept_in_check_fifo &rArr; usbd_flush_tx_fifo &rArr; usb_flush_tx_fifo
</UL>
<BR>[Calls]<UL><LI><a href="#[df]">&gt;&gt;</a>&nbsp;&nbsp;&nbsp;usb_vcp_get_rxdata
<LI><a href="#[89]">&gt;&gt;</a>&nbsp;&nbsp;&nbsp;Get_Vcp_Data
</UL>
<BR>[Called By]<UL><LI><a href="#[76]">&gt;&gt;</a>&nbsp;&nbsp;&nbsp;main
</UL>

<P><STRONG><a name="[cc]"></a>wk_usb_otghs1_init</STRONG> (Thumb, 2 bytes, Stack size 0 bytes, wk_usb.o(i.wk_usb_otghs1_init))
<BR><BR>[Called By]<UL><LI><a href="#[76]">&gt;&gt;</a>&nbsp;&nbsp;&nbsp;main
</UL>

<P><STRONG><a name="[99]"></a>xip_init_flash_config</STRONG> (Thumb, 58 bytes, Stack size 0 bytes, at32_qspiflash.o(i.xip_init_flash_config))
<BR><BR>[Called By]<UL><LI><a href="#[98]">&gt;&gt;</a>&nbsp;&nbsp;&nbsp;QSPI_flash_mode
</UL>

<P><STRONG><a name="[70]"></a>_fp_init</STRONG> (Thumb, 10 bytes, Stack size 0 bytes, fpinit.o(x$fpl$fpinit))
<BR><BR>[Called By]<UL><LI><a href="#[6f]">&gt;&gt;</a>&nbsp;&nbsp;&nbsp;__rt_lib_init_fp_1
</UL>

<P><STRONG><a name="[177]"></a>__fplib_config_fpu_vfp</STRONG> (Thumb, 0 bytes, Stack size unknown bytes, fpinit.o(x$fpl$fpinit), UNUSED)

<P><STRONG><a name="[178]"></a>__fplib_config_pureend_doubles</STRONG> (Thumb, 0 bytes, Stack size unknown bytes, fpinit.o(x$fpl$fpinit), UNUSED)
<P>
<H3>
Local Symbols
</H3>
<P><STRONG><a name="[132]"></a>NVIC_EncodePriority</STRONG> (Thumb, 64 bytes, Stack size 20 bytes, at32f402_405_wk_config.o(i.NVIC_EncodePriority))
<BR><BR>[Stack]<UL><LI>Max Depth = 20<LI>Call Chain = NVIC_EncodePriority
</UL>
<BR>[Called By]<UL><LI><a href="#[ca]">&gt;&gt;</a>&nbsp;&nbsp;&nbsp;wk_nvic_config
</UL>

<P><STRONG><a name="[131]"></a>__NVIC_GetPriorityGrouping</STRONG> (Thumb, 10 bytes, Stack size 0 bytes, at32f402_405_wk_config.o(i.__NVIC_GetPriorityGrouping))
<BR><BR>[Called By]<UL><LI><a href="#[ca]">&gt;&gt;</a>&nbsp;&nbsp;&nbsp;wk_nvic_config
</UL>

<P><STRONG><a name="[133]"></a>__NVIC_SetPriority</STRONG> (Thumb, 32 bytes, Stack size 8 bytes, at32f402_405_wk_config.o(i.__NVIC_SetPriority))
<BR><BR>[Stack]<UL><LI>Max Depth = 8<LI>Call Chain = __NVIC_SetPriority
</UL>
<BR>[Called By]<UL><LI><a href="#[ca]">&gt;&gt;</a>&nbsp;&nbsp;&nbsp;wk_nvic_config
</UL>

<P><STRONG><a name="[e3]"></a>usbd_clear_feature</STRONG> (Thumb, 84 bytes, Stack size 16 bytes, usbd_sdr.o(i.usbd_clear_feature))
<BR><BR>[Stack]<UL><LI>Max Depth = 112<LI>Call Chain = usbd_clear_feature &rArr; usbd_ctrl_send_status &rArr; usbd_ept_send &rArr; usbd_ept_in_check_fifo &rArr; usbd_flush_tx_fifo &rArr; usb_flush_tx_fifo
</UL>
<BR>[Calls]<UL><LI><a href="#[af]">&gt;&gt;</a>&nbsp;&nbsp;&nbsp;usbd_ctrl_unsupport
<LI><a href="#[e4]">&gt;&gt;</a>&nbsp;&nbsp;&nbsp;usbd_ctrl_send_status
</UL>
<BR>[Called By]<UL><LI><a href="#[f8]">&gt;&gt;</a>&nbsp;&nbsp;&nbsp;usbd_device_request
</UL>

<P><STRONG><a name="[100]"></a>usbd_get_configuration</STRONG> (Thumb, 86 bytes, Stack size 16 bytes, usbd_sdr.o(i.usbd_get_configuration))
<BR><BR>[Stack]<UL><LI>Max Depth = 128<LI>Call Chain = usbd_get_configuration &rArr; usbd_ctrl_send &rArr; usbd_ept_send &rArr; usbd_ept_in_check_fifo &rArr; usbd_flush_tx_fifo &rArr; usb_flush_tx_fifo
</UL>
<BR>[Calls]<UL><LI><a href="#[af]">&gt;&gt;</a>&nbsp;&nbsp;&nbsp;usbd_ctrl_unsupport
<LI><a href="#[ad]">&gt;&gt;</a>&nbsp;&nbsp;&nbsp;usbd_ctrl_send
</UL>
<BR>[Called By]<UL><LI><a href="#[f8]">&gt;&gt;</a>&nbsp;&nbsp;&nbsp;usbd_device_request
</UL>

<P><STRONG><a name="[ff]"></a>usbd_get_descriptor</STRONG> (Thumb, 338 bytes, Stack size 32 bytes, usbd_sdr.o(i.usbd_get_descriptor))
<BR><BR>[Stack]<UL><LI>Max Depth = 144<LI>Call Chain = usbd_get_descriptor &rArr; usbd_ctrl_send &rArr; usbd_ept_send &rArr; usbd_ept_in_check_fifo &rArr; usbd_flush_tx_fifo &rArr; usb_flush_tx_fifo
</UL>
<BR>[Calls]<UL><LI><a href="#[af]">&gt;&gt;</a>&nbsp;&nbsp;&nbsp;usbd_ctrl_unsupport
<LI><a href="#[ad]">&gt;&gt;</a>&nbsp;&nbsp;&nbsp;usbd_ctrl_send
</UL>
<BR>[Called By]<UL><LI><a href="#[f8]">&gt;&gt;</a>&nbsp;&nbsp;&nbsp;usbd_device_request
</UL>

<P><STRONG><a name="[fc]"></a>usbd_get_status</STRONG> (Thumb, 68 bytes, Stack size 16 bytes, usbd_sdr.o(i.usbd_get_status))
<BR><BR>[Stack]<UL><LI>Max Depth = 128<LI>Call Chain = usbd_get_status &rArr; usbd_ctrl_send &rArr; usbd_ept_send &rArr; usbd_ept_in_check_fifo &rArr; usbd_flush_tx_fifo &rArr; usb_flush_tx_fifo
</UL>
<BR>[Calls]<UL><LI><a href="#[af]">&gt;&gt;</a>&nbsp;&nbsp;&nbsp;usbd_ctrl_unsupport
<LI><a href="#[ad]">&gt;&gt;</a>&nbsp;&nbsp;&nbsp;usbd_ctrl_send
</UL>
<BR>[Called By]<UL><LI><a href="#[f8]">&gt;&gt;</a>&nbsp;&nbsp;&nbsp;usbd_device_request
</UL>

<P><STRONG><a name="[fe]"></a>usbd_set_address</STRONG> (Thumb, 92 bytes, Stack size 24 bytes, usbd_sdr.o(i.usbd_set_address))
<BR><BR>[Stack]<UL><LI>Max Depth = 120<LI>Call Chain = usbd_set_address &rArr; usbd_ctrl_send_status &rArr; usbd_ept_send &rArr; usbd_ept_in_check_fifo &rArr; usbd_flush_tx_fifo &rArr; usb_flush_tx_fifo
</UL>
<BR>[Calls]<UL><LI><a href="#[126]">&gt;&gt;</a>&nbsp;&nbsp;&nbsp;usbd_set_device_addr
<LI><a href="#[af]">&gt;&gt;</a>&nbsp;&nbsp;&nbsp;usbd_ctrl_unsupport
<LI><a href="#[e4]">&gt;&gt;</a>&nbsp;&nbsp;&nbsp;usbd_ctrl_send_status
</UL>
<BR>[Called By]<UL><LI><a href="#[f8]">&gt;&gt;</a>&nbsp;&nbsp;&nbsp;usbd_device_request
</UL>

<P><STRONG><a name="[101]"></a>usbd_set_configuration</STRONG> (Thumb, 194 bytes, Stack size 16 bytes, usbd_sdr.o(i.usbd_set_configuration))
<BR><BR>[Stack]<UL><LI>Max Depth = 112<LI>Call Chain = usbd_set_configuration &rArr; usbd_ctrl_send_status &rArr; usbd_ept_send &rArr; usbd_ept_in_check_fifo &rArr; usbd_flush_tx_fifo &rArr; usb_flush_tx_fifo
</UL>
<BR>[Calls]<UL><LI><a href="#[af]">&gt;&gt;</a>&nbsp;&nbsp;&nbsp;usbd_ctrl_unsupport
<LI><a href="#[e4]">&gt;&gt;</a>&nbsp;&nbsp;&nbsp;usbd_ctrl_send_status
</UL>
<BR>[Called By]<UL><LI><a href="#[f8]">&gt;&gt;</a>&nbsp;&nbsp;&nbsp;usbd_device_request
</UL>

<P><STRONG><a name="[fd]"></a>usbd_set_feature</STRONG> (Thumb, 146 bytes, Stack size 16 bytes, usbd_sdr.o(i.usbd_set_feature))
<BR><BR>[Stack]<UL><LI>Max Depth = 112<LI>Call Chain = usbd_set_feature &rArr; usbd_ctrl_send_status &rArr; usbd_ept_send &rArr; usbd_ept_in_check_fifo &rArr; usbd_flush_tx_fifo &rArr; usb_flush_tx_fifo
</UL>
<BR>[Calls]<UL><LI><a href="#[af]">&gt;&gt;</a>&nbsp;&nbsp;&nbsp;usbd_ctrl_unsupport
<LI><a href="#[e4]">&gt;&gt;</a>&nbsp;&nbsp;&nbsp;usbd_ctrl_send_status
</UL>
<BR>[Called By]<UL><LI><a href="#[f8]">&gt;&gt;</a>&nbsp;&nbsp;&nbsp;usbd_device_request
</UL>

<P><STRONG><a name="[bf]"></a>flash_qspi_waitforwriteend</STRONG> (Thumb, 122 bytes, Stack size 8 bytes, at32_qspiflash.o(i.flash_qspi_waitforwriteend))
<BR><BR>[Stack]<UL><LI>Max Depth = 24<LI>Call Chain = flash_qspi_waitforwriteend &rArr; wk_delay_ms
</UL>
<BR>[Calls]<UL><LI><a href="#[9b]">&gt;&gt;</a>&nbsp;&nbsp;&nbsp;qspi_xip_enable
<LI><a href="#[9e]">&gt;&gt;</a>&nbsp;&nbsp;&nbsp;wk_delay_ms
<LI><a href="#[bd]">&gt;&gt;</a>&nbsp;&nbsp;&nbsp;qspi_flag_get
<LI><a href="#[be]">&gt;&gt;</a>&nbsp;&nbsp;&nbsp;qspi_flag_clear
<LI><a href="#[bc]">&gt;&gt;</a>&nbsp;&nbsp;&nbsp;qspi_cmd_operation_kick
<LI><a href="#[c2]">&gt;&gt;</a>&nbsp;&nbsp;&nbsp;qspi_byte_read
</UL>
<BR>[Called By]<UL><LI><a href="#[82]">&gt;&gt;</a>&nbsp;&nbsp;&nbsp;flash_qspi_erase_block
<LI><a href="#[c3]">&gt;&gt;</a>&nbsp;&nbsp;&nbsp;flash_qspi_writepage
</UL>

<P><STRONG><a name="[c3]"></a>flash_qspi_writepage</STRONG> (Thumb, 32 bytes, Stack size 16 bytes, at32_qspiflash.o(i.flash_qspi_writepage))
<BR><BR>[Stack]<UL><LI>Max Depth = 56<LI>Call Chain = flash_qspi_writepage &rArr; qspi_flash_write_xip_dma_set
</UL>
<BR>[Calls]<UL><LI><a href="#[c4]">&gt;&gt;</a>&nbsp;&nbsp;&nbsp;qspi_flash_write_xip_dma_set
<LI><a href="#[bb]">&gt;&gt;</a>&nbsp;&nbsp;&nbsp;flash_qspi_writeenable
<LI><a href="#[98]">&gt;&gt;</a>&nbsp;&nbsp;&nbsp;QSPI_flash_mode
<LI><a href="#[bf]">&gt;&gt;</a>&nbsp;&nbsp;&nbsp;flash_qspi_waitforwriteend
</UL>
<BR>[Called By]<UL><LI><a href="#[85]">&gt;&gt;</a>&nbsp;&nbsp;&nbsp;flash_qspi_writebuffer
</UL>

<P><STRONG><a name="[aa]"></a>cdc_struct_init</STRONG> (Thumb, 44 bytes, Stack size 0 bytes, cdc_class.o(i.cdc_struct_init))
<BR><BR>[Called By]<UL><LI><a href="#[3]">&gt;&gt;</a>&nbsp;&nbsp;&nbsp;class_init_handler
</UL>

<P><STRONG><a name="[4]"></a>class_clear_handler</STRONG> (Thumb, 36 bytes, Stack size 16 bytes, cdc_class.o(i.class_clear_handler))
<BR><BR>[Stack]<UL><LI>Max Depth = 40<LI>Call Chain = class_clear_handler &rArr; usbd_ept_close &rArr; usb_ept_close
</UL>
<BR>[Calls]<UL><LI><a href="#[a6]">&gt;&gt;</a>&nbsp;&nbsp;&nbsp;usbd_ept_close
</UL>
<BR>[Address Reference Count : 1]<UL><LI> cdc_class.o(.data)
</UL>
<P><STRONG><a name="[7]"></a>class_ept0_rx_handler</STRONG> (Thumb, 50 bytes, Stack size 24 bytes, cdc_class.o(i.class_ept0_rx_handler))
<BR><BR>[Stack]<UL><LI>Max Depth = 44<LI>Call Chain = class_ept0_rx_handler &rArr; usb_vcp_cmd_process
</UL>
<BR>[Calls]<UL><LI><a href="#[a7]">&gt;&gt;</a>&nbsp;&nbsp;&nbsp;usbd_get_recv_len
<LI><a href="#[a8]">&gt;&gt;</a>&nbsp;&nbsp;&nbsp;usb_vcp_cmd_process
</UL>
<BR>[Address Reference Count : 1]<UL><LI> cdc_class.o(.data)
</UL>
<P><STRONG><a name="[6]"></a>class_ept0_tx_handler</STRONG> (Thumb, 6 bytes, Stack size 0 bytes, cdc_class.o(i.class_ept0_tx_handler))
<BR>[Address Reference Count : 1]<UL><LI> cdc_class.o(.data)
</UL>
<P><STRONG><a name="[b]"></a>class_event_handler</STRONG> (Thumb, 36 bytes, Stack size 0 bytes, cdc_class.o(i.class_event_handler))
<BR>[Address Reference Count : 1]<UL><LI> cdc_class.o(.data)
</UL>
<P><STRONG><a name="[8]"></a>class_in_handler</STRONG> (Thumb, 36 bytes, Stack size 24 bytes, cdc_class.o(i.class_in_handler))
<BR><BR>[Stack]<UL><LI>Max Depth = 48<LI>Call Chain = class_in_handler &rArr; usbd_flush_tx_fifo &rArr; usb_flush_tx_fifo
</UL>
<BR>[Calls]<UL><LI><a href="#[a9]">&gt;&gt;</a>&nbsp;&nbsp;&nbsp;usbd_flush_tx_fifo
</UL>
<BR>[Address Reference Count : 1]<UL><LI> cdc_class.o(.data)
</UL>
<P><STRONG><a name="[3]"></a>class_init_handler</STRONG> (Thumb, 140 bytes, Stack size 24 bytes, cdc_class.o(i.class_init_handler))
<BR><BR>[Stack]<UL><LI>Max Depth = 68<LI>Call Chain = class_init_handler &rArr; usbd_ept_open &rArr; usb_ept_open
</UL>
<BR>[Calls]<UL><LI><a href="#[ac]">&gt;&gt;</a>&nbsp;&nbsp;&nbsp;usbd_ept_recv
<LI><a href="#[ab]">&gt;&gt;</a>&nbsp;&nbsp;&nbsp;usbd_ept_open
<LI><a href="#[aa]">&gt;&gt;</a>&nbsp;&nbsp;&nbsp;cdc_struct_init
</UL>
<BR>[Address Reference Count : 1]<UL><LI> cdc_class.o(.data)
</UL>
<P><STRONG><a name="[9]"></a>class_out_handler</STRONG> (Thumb, 38 bytes, Stack size 24 bytes, cdc_class.o(i.class_out_handler))
<BR><BR>[Stack]<UL><LI>Max Depth = 32<LI>Call Chain = class_out_handler &rArr; usbd_get_recv_len
</UL>
<BR>[Calls]<UL><LI><a href="#[a7]">&gt;&gt;</a>&nbsp;&nbsp;&nbsp;usbd_get_recv_len
</UL>
<BR>[Address Reference Count : 1]<UL><LI> cdc_class.o(.data)
</UL>
<P><STRONG><a name="[5]"></a>class_setup_handler</STRONG> (Thumb, 172 bytes, Stack size 24 bytes, cdc_class.o(i.class_setup_handler))
<BR><BR>[Stack]<UL><LI>Max Depth = 136<LI>Call Chain = class_setup_handler &rArr; usbd_ctrl_send &rArr; usbd_ept_send &rArr; usbd_ept_in_check_fifo &rArr; usbd_flush_tx_fifo &rArr; usb_flush_tx_fifo
</UL>
<BR>[Calls]<UL><LI><a href="#[af]">&gt;&gt;</a>&nbsp;&nbsp;&nbsp;usbd_ctrl_unsupport
<LI><a href="#[ad]">&gt;&gt;</a>&nbsp;&nbsp;&nbsp;usbd_ctrl_send
<LI><a href="#[ae]">&gt;&gt;</a>&nbsp;&nbsp;&nbsp;usbd_ctrl_recv
<LI><a href="#[a8]">&gt;&gt;</a>&nbsp;&nbsp;&nbsp;usb_vcp_cmd_process
</UL>
<BR>[Address Reference Count : 1]<UL><LI> cdc_class.o(.data)
</UL>
<P><STRONG><a name="[a]"></a>class_sof_handler</STRONG> (Thumb, 6 bytes, Stack size 0 bytes, cdc_class.o(i.class_sof_handler))
<BR>[Address Reference Count : 1]<UL><LI> cdc_class.o(.data)
</UL>
<P><STRONG><a name="[a8]"></a>usb_vcp_cmd_process</STRONG> (Thumb, 100 bytes, Stack size 20 bytes, cdc_class.o(i.usb_vcp_cmd_process))
<BR><BR>[Stack]<UL><LI>Max Depth = 20<LI>Call Chain = usb_vcp_cmd_process
</UL>
<BR>[Called By]<UL><LI><a href="#[5]">&gt;&gt;</a>&nbsp;&nbsp;&nbsp;class_setup_handler
<LI><a href="#[7]">&gt;&gt;</a>&nbsp;&nbsp;&nbsp;class_ept0_rx_handler
</UL>

<P><STRONG><a name="[15]"></a>get_device_config_string</STRONG> (Thumb, 22 bytes, Stack size 8 bytes, cdc_desc.o(i.get_device_config_string))
<BR><BR>[Stack]<UL><LI>Max Depth = 28<LI>Call Chain = get_device_config_string &rArr; usbd_unicode_convert
</UL>
<BR>[Calls]<UL><LI><a href="#[c5]">&gt;&gt;</a>&nbsp;&nbsp;&nbsp;usbd_unicode_convert
</UL>
<BR>[Address Reference Count : 1]<UL><LI> cdc_desc.o(.data)
</UL>
<P><STRONG><a name="[e]"></a>get_device_configuration</STRONG> (Thumb, 4 bytes, Stack size 0 bytes, cdc_desc.o(i.get_device_configuration))
<BR>[Address Reference Count : 1]<UL><LI> cdc_desc.o(.data)
</UL>
<P><STRONG><a name="[c]"></a>get_device_descriptor</STRONG> (Thumb, 4 bytes, Stack size 0 bytes, cdc_desc.o(i.get_device_descriptor))
<BR>[Address Reference Count : 1]<UL><LI> cdc_desc.o(.data)
</UL>
<P><STRONG><a name="[14]"></a>get_device_interface_string</STRONG> (Thumb, 22 bytes, Stack size 8 bytes, cdc_desc.o(i.get_device_interface_string))
<BR><BR>[Stack]<UL><LI>Max Depth = 28<LI>Call Chain = get_device_interface_string &rArr; usbd_unicode_convert
</UL>
<BR>[Calls]<UL><LI><a href="#[c5]">&gt;&gt;</a>&nbsp;&nbsp;&nbsp;usbd_unicode_convert
</UL>
<BR>[Address Reference Count : 1]<UL><LI> cdc_desc.o(.data)
</UL>
<P><STRONG><a name="[10]"></a>get_device_lang_id</STRONG> (Thumb, 4 bytes, Stack size 0 bytes, cdc_desc.o(i.get_device_lang_id))
<BR>[Address Reference Count : 1]<UL><LI> cdc_desc.o(.data)
</UL>
<P><STRONG><a name="[11]"></a>get_device_manufacturer_string</STRONG> (Thumb, 22 bytes, Stack size 8 bytes, cdc_desc.o(i.get_device_manufacturer_string))
<BR><BR>[Stack]<UL><LI>Max Depth = 28<LI>Call Chain = get_device_manufacturer_string &rArr; usbd_unicode_convert
</UL>
<BR>[Calls]<UL><LI><a href="#[c5]">&gt;&gt;</a>&nbsp;&nbsp;&nbsp;usbd_unicode_convert
</UL>
<BR>[Address Reference Count : 1]<UL><LI> cdc_desc.o(.data)
</UL>
<P><STRONG><a name="[f]"></a>get_device_other_speed</STRONG> (Thumb, 4 bytes, Stack size 0 bytes, cdc_desc.o(i.get_device_other_speed))
<BR>[Address Reference Count : 1]<UL><LI> cdc_desc.o(.data)
</UL>
<P><STRONG><a name="[12]"></a>get_device_product_string</STRONG> (Thumb, 22 bytes, Stack size 8 bytes, cdc_desc.o(i.get_device_product_string))
<BR><BR>[Stack]<UL><LI>Max Depth = 28<LI>Call Chain = get_device_product_string &rArr; usbd_unicode_convert
</UL>
<BR>[Calls]<UL><LI><a href="#[c5]">&gt;&gt;</a>&nbsp;&nbsp;&nbsp;usbd_unicode_convert
</UL>
<BR>[Address Reference Count : 1]<UL><LI> cdc_desc.o(.data)
</UL>
<P><STRONG><a name="[d]"></a>get_device_qualifier</STRONG> (Thumb, 4 bytes, Stack size 0 bytes, cdc_desc.o(i.get_device_qualifier))
<BR>[Address Reference Count : 1]<UL><LI> cdc_desc.o(.data)
</UL>
<P><STRONG><a name="[13]"></a>get_device_serial_string</STRONG> (Thumb, 10 bytes, Stack size 8 bytes, cdc_desc.o(i.get_device_serial_string))
<BR><BR>[Stack]<UL><LI>Max Depth = 36<LI>Call Chain = get_device_serial_string &rArr; get_serial_num &rArr; usbd_int_to_unicode
</UL>
<BR>[Calls]<UL><LI><a href="#[c6]">&gt;&gt;</a>&nbsp;&nbsp;&nbsp;get_serial_num
</UL>
<BR>[Address Reference Count : 1]<UL><LI> cdc_desc.o(.data)
</UL>
<P><STRONG><a name="[16]"></a>get_hs_device_configuration</STRONG> (Thumb, 4 bytes, Stack size 0 bytes, cdc_desc.o(i.get_hs_device_configuration))
<BR>[Address Reference Count : 1]<UL><LI> cdc_desc.o(.data)
</UL>
<P><STRONG><a name="[c6]"></a>get_serial_num</STRONG> (Thumb, 42 bytes, Stack size 16 bytes, cdc_desc.o(i.get_serial_num))
<BR><BR>[Stack]<UL><LI>Max Depth = 28<LI>Call Chain = get_serial_num &rArr; usbd_int_to_unicode
</UL>
<BR>[Calls]<UL><LI><a href="#[c7]">&gt;&gt;</a>&nbsp;&nbsp;&nbsp;usbd_int_to_unicode
</UL>
<BR>[Called By]<UL><LI><a href="#[13]">&gt;&gt;</a>&nbsp;&nbsp;&nbsp;get_device_serial_string
</UL>

<P><STRONG><a name="[c7]"></a>usbd_int_to_unicode</STRONG> (Thumb, 62 bytes, Stack size 12 bytes, cdc_desc.o(i.usbd_int_to_unicode))
<BR><BR>[Stack]<UL><LI>Max Depth = 12<LI>Call Chain = usbd_int_to_unicode
</UL>
<BR>[Called By]<UL><LI><a href="#[c6]">&gt;&gt;</a>&nbsp;&nbsp;&nbsp;get_serial_num
</UL>

<P><STRONG><a name="[c5]"></a>usbd_unicode_convert</STRONG> (Thumb, 60 bytes, Stack size 20 bytes, cdc_desc.o(i.usbd_unicode_convert))
<BR><BR>[Stack]<UL><LI>Max Depth = 20<LI>Call Chain = usbd_unicode_convert
</UL>
<BR>[Called By]<UL><LI><a href="#[11]">&gt;&gt;</a>&nbsp;&nbsp;&nbsp;get_device_manufacturer_string
<LI><a href="#[14]">&gt;&gt;</a>&nbsp;&nbsp;&nbsp;get_device_interface_string
<LI><a href="#[15]">&gt;&gt;</a>&nbsp;&nbsp;&nbsp;get_device_config_string
<LI><a href="#[12]">&gt;&gt;</a>&nbsp;&nbsp;&nbsp;get_device_product_string
</UL>
<P>
<H3>
Undefined Global Symbols
</H3><HR></body></html>
