<html>
<body>
<pre>
<h1>µVision Build Log</h1>
<h2>Tool Versions:</h2>
IDE-Version: ¦ÌVision V5.39.0.0
Copyright (C) 2023 ARM Ltd and ARM Germany GmbH. All rights reserved.
License Information: as TEST, as, LIC=6XJT4-F8VUL-D35M3-ANT7U-W7ZGD-DRRK2
 
Tool Versions:
Toolchain:       MDK-ARM Professional  Version: 5.39.0.0
Toolchain Path:  D:\app_program\kile5\core\ARM\ARMCLANG\Bin
C Compiler:      ArmClang.exe V6.21
Assembler:       Armasm.exe V6.21
Linker/Locator:  ArmLink.exe V6.21
Library Manager: ArmAr.exe V6.21
Hex Converter:   FromElf.exe V6.21
CPU DLL:         SARMCM3.DLL V5.39.0.0
Dialog DLL:      DCM.DLL V1.17.5.0
Target DLL:      Segger\JL2CM3.dll V2.99.43.0
Dialog DLL:      TCM.DLL V1.56.4.0
 
<h2>Project:</h2>
C:\Users\TEST\Desktop\1work_space\hub_screen\hub_screen_AT32F405KCU7-4_WorkBench\project\MDK_V5\hub_screen_AT32F405KCU7-4_WorkBench.uvprojx
Project File Date:  09/22/2025

<h2>Output:</h2>
*** Using Compiler 'V6.21', folder: 'D:\app_program\kile5\core\ARM\ARMCLANG\Bin'
Build target 'hub_screen_AT32F405KCU7-4_WorkBench'
compiling custom_hid_desc.c...
compiling custom_hid_class.c...
compiling usbd_int.c...
compiling lcd_spi.c...
linking...
Program Size: Code=21616 RO-data=652 RW-data=480 ZI-data=3016  
FromELF: creating hex file...
".\objects\hub_screen_AT32F405KCU7-4_WorkBench.axf" - 0 Error(s), 0 Warning(s).

<h2>Software Packages used:</h2>

Package Vendor: ArteryTek
                
                ArteryTek::AT32F402_405_DFP@2.1.1
                ArteryTek AT32F4 Series Device Support,Drivers

<h2>Collection of Component include folders:</h2>
  D:/app_program/kile5/packge/ArteryTek/AT32F402_405_DFP/2.1.1/Device/Include

<h2>Collection of Component Files used:</h2>
Build Time Elapsed:  00:00:01
</pre>
</body>
</html>
